../Core/Src/main.c:189:5:main	8	static
../Core/Src/main.c:252:6:SystemClock_Config	112	static
../Core/Src/main.c:297:6:configurationSettings	8	static
../Core/Src/main.c:312:6:mainLoop	8	static
../Core/Src/main.c:327:6:checkBootloader	8	static
../Core/Src/main.c:347:6:bootloaderCommand	24	static
../Core/Src/main.c:368:6:bootloaderInit	16	static,ignoring_inline_asm
../Core/Src/main.c:382:6:calculateAxisData	32	static
../Core/Src/main.c:458:6:calculateJostickBorders	24	static
../Core/Src/main.c:485:6:HAL_ADC_ConvCpltCallback	16	static
../Core/Src/main.c:500:6:averageAnalogInputs	40	static
../Core/Src/main.c:520:6:SDADC_ScanConversion	8	static
../Core/Src/main.c:569:6:initDigitalInputs	24	static
../Core/Src/main.c:663:6:sampleDigitalInputs	24	static
../Core/Src/main.c:722:6:readDigitalInputs	24	static
../Core/Src/main.c:741:15:getDigitalInputs	4	static
../Core/Src/main.c:751:6:sendUartFrame	32	static
../Core/Src/main.c:830:6:eraseFlashUserConf	8	static
../Core/Src/main.c:854:6:refreshFlashUserConf	88	static
../Core/Src/main.c:884:6:readFlashUserConf	24	static
../Core/Src/main.c:905:6:loadDefaultValues	24	static
../Core/Src/main.c:928:6:sendAckUart	24	static
../Core/Src/main.c:944:6:checkCommand	24	static
../Core/Src/main.c:1100:6:HAL_UART_RxCpltCallback	24	static
../Core/Src/main.c:1144:6:writeDefaultConfigPage	80	static
../Core/Src/main.c:1193:6:Error_Handler	4	static,ignoring_inline_asm
