../Core/Src/main.c:188:5:main	8	static
../Core/Src/main.c:254:6:SystemClock_Config	112	static
../Core/Src/main.c:302:6:configurationSettings	8	static
../Core/Src/main.c:317:6:mainLoop	8	static
../Core/Src/main.c:332:6:checkBootloader	8	static
../Core/Src/main.c:352:6:bootloaderCommand	24	static
../Core/Src/main.c:373:6:bootloaderInit	16	static,ignoring_inline_asm
../Core/Src/main.c:387:6:calculateAxisData	32	static
../Core/Src/main.c:463:6:calculateJostickBorders	24	static
../Core/Src/main.c:490:6:HAL_ADC_ConvCpltCallback	16	static
../Core/Src/main.c:505:6:averageAnalogInputs	40	static
../Core/Src/main.c:525:6:SDADC_ScanConversion	8	static
../Core/Src/main.c:574:6:initDigitalInputs	24	static
../Core/Src/main.c:668:6:sampleDigitalInputs	24	static
../Core/Src/main.c:728:6:readDigitalInputs	24	static
../Core/Src/main.c:747:15:getDigitalInputs	4	static
../Core/Src/main.c:757:6:sendUartFrame	32	static
../Core/Src/main.c:836:6:eraseFlashUserConf	8	static
../Core/Src/main.c:860:6:refreshFlashUserConf	88	static
../Core/Src/main.c:889:6:readFlashUserConf	24	static
../Core/Src/main.c:910:6:loadDefaultValues	24	static
../Core/Src/main.c:933:6:sendAckUart	24	static
../Core/Src/main.c:949:6:checkCommand	24	static
../Core/Src/main.c:1107:6:HAL_UART_RxCpltCallback	24	static
../Core/Src/main.c:1154:6:writeDefaultConfigPage	80	static
../Core/Src/main.c:1205:6:Error_Handler	4	static,ignoring_inline_asm
