../Core/Src/main.c:208:5:main	8	static
../Core/Src/main.c:292:6:SystemClock_Config	112	static
../Core/Src/main.c:340:6:configurationSettings	8	static
../Core/Src/main.c:356:6:mainLoop	8	static
../Core/Src/main.c:372:6:checkBootloader	8	static
../Core/Src/main.c:392:6:bootloaderCommand	24	static
../Core/Src/main.c:423:6:bootloaderInit	16	static,ignoring_inline_asm
../Core/Src/main.c:437:6:calculateAxisData	32	static
../Core/Src/main.c:541:6:calculateJostickBorders	24	static
../Core/Src/main.c:568:6:HAL_ADC_ConvCpltCallback	16	static
../Core/Src/main.c:583:6:averageAnalogInputs	40	static
../Core/Src/main.c:602:6:SDADC_ScanConversion	8	static
../Core/Src/main.c:651:6:initDigitalInputs	24	static
../Core/Src/main.c:744:6:sampleDigitalInputs	24	static
../Core/Src/main.c:804:6:readDigitalInputs	24	static
../Core/Src/main.c:823:15:getDigitalInputs	4	static
../Core/Src/main.c:833:6:sendUartFrame	64	static
../Core/Src/main.c:992:6:eraseFlashUserConf	8	static
../Core/Src/main.c:1019:6:refreshFlashUserConf	88	static
../Core/Src/main.c:1050:6:readFlashUserConf	24	static
../Core/Src/main.c:1070:6:loadDefaultValues	24	static
../Core/Src/main.c:1091:6:sendAckUart	24	static
../Core/Src/main.c:1107:6:sendAckCan	48	static
../Core/Src/main.c:1135:6:checkCommand	48	static
../Core/Src/main.c:1470:6:HAL_CAN_RxFifo0MsgPendingCallback	56	static
../Core/Src/main.c:1490:6:HAL_UART_RxCpltCallback	24	static
../Core/Src/main.c:1537:6:writeDefaultConfigPage	80	static
../Core/Src/main.c:1591:6:Error_Handler	4	static,ignoring_inline_asm
