../Core/Src/main.c:210:5:main	8	static
../Core/Src/main.c:300:6:SystemClock_Config	112	static
../Core/Src/main.c:348:6:configurationSettings	8	static
../Core/Src/main.c:364:6:mainLoop	8	static
../Core/Src/main.c:380:6:checkBootloader	8	static
../Core/Src/main.c:400:6:bootloaderCommand	24	static
../Core/Src/main.c:431:6:bootloaderInit	16	static,ignoring_inline_asm
../Core/Src/main.c:445:6:calculateAxisData	32	static
../Core/Src/main.c:519:6:calculateJostickBorders	24	static
../Core/Src/main.c:546:6:HAL_ADC_ConvCpltCallback	16	static
../Core/Src/main.c:561:6:averageAnalogInputs	40	static
../Core/Src/main.c:580:6:SDADC_ScanConversion	8	static
../Core/Src/main.c:629:6:initDigitalInputs	24	static
../Core/Src/main.c:722:6:sampleDigitalInputs	24	static
../Core/Src/main.c:782:6:readDigitalInputs	24	static
../Core/Src/main.c:801:15:getDigitalInputs	4	static
../Core/Src/main.c:811:6:sendUartFrame	64	static
../Core/Src/main.c:970:6:eraseFlashUserConf	8	static
../Core/Src/main.c:997:6:refreshFlashUserConf	88	static
../Core/Src/main.c:1028:6:readFlashUserConf	24	static
../Core/Src/main.c:1048:6:loadDefaultValues	24	static
../Core/Src/main.c:1069:6:sendAckUart	24	static
../Core/Src/main.c:1085:6:sendAckCan	48	static
../Core/Src/main.c:1113:6:sendDebugControl	48	static
../Core/Src/main.c:1140:6:checkCommand	48	static
../Core/Src/main.c:1479:6:HAL_CAN_RxFifo0MsgPendingCallback	56	static
../Core/Src/main.c:1511:6:HAL_UART_RxCpltCallback	24	static
../Core/Src/main.c:1558:6:writeDefaultConfigPage	80	static
../Core/Src/main.c:1612:6:Error_Handler	4	static,ignoring_inline_asm
