../Core/Src/main.c:207:5:main	8	static
../Core/Src/main.c:291:6:SystemClock_Config	112	static
../Core/Src/main.c:339:6:configurationSettings	8	static
../Core/Src/main.c:355:6:mainLoop	8	static
../Core/Src/main.c:371:6:checkBootloader	8	static
../Core/Src/main.c:391:6:bootloaderCommand	24	static
../Core/Src/main.c:414:6:bootloaderInit	16	static,ignoring_inline_asm
../Core/Src/main.c:428:6:calculateAxisData	32	static
../Core/Src/main.c:532:6:calculateJostickBorders	24	static
../Core/Src/main.c:559:6:HAL_ADC_ConvCpltCallback	16	static
../Core/Src/main.c:574:6:averageAnalogInputs	40	static
../Core/Src/main.c:593:6:SDADC_ScanConversion	8	static
../Core/Src/main.c:642:6:initDigitalInputs	24	static
../Core/Src/main.c:735:6:sampleDigitalInputs	24	static
../Core/Src/main.c:795:6:readDigitalInputs	24	static
../Core/Src/main.c:814:15:getDigitalInputs	4	static
../Core/Src/main.c:824:6:sendUartFrame	64	static
../Core/Src/main.c:983:6:eraseFlashUserConf	8	static
../Core/Src/main.c:1010:6:refreshFlashUserConf	88	static
../Core/Src/main.c:1041:6:readFlashUserConf	24	static
../Core/Src/main.c:1061:6:loadDefaultValues	24	static
../Core/Src/main.c:1082:6:sendAckUart	24	static
../Core/Src/main.c:1098:6:sendAckCan	48	static
../Core/Src/main.c:1127:6:checkCommand	24	static
../Core/Src/main.c:1286:6:HAL_CAN_RxFifo0MsgPendingCallback	56	static
../Core/Src/main.c:1304:6:HAL_UART_RxCpltCallback	24	static
../Core/Src/main.c:1348:6:writeDefaultConfigPage	80	static
../Core/Src/main.c:1402:6:Error_Handler	4	static,ignoring_inline_asm
