Archive member included to satisfy reference by file (symbol)

C:/ST/STM32CubeIDE_1.14.1/STM32CubeIDE/plugins/com.st.stm32cube.ide.mcu.externaltools.gnu-tools-for-stm32.11.3.rel1.win32_1.1.100.202309141235/tools/bin/../lib/gcc/arm-none-eabi/11.3.1/../../../../arm-none-eabi/lib/thumb/v7e-m+fp/hard\libc_nano.a(libc_a-exit.o)
                              C:/ST/STM32CubeIDE_1.14.1/STM32CubeIDE/plugins/com.st.stm32cube.ide.mcu.externaltools.gnu-tools-for-stm32.11.3.rel1.win32_1.1.100.202309141235/tools/bin/../lib/gcc/arm-none-eabi/11.3.1/../../../../arm-none-eabi/lib/thumb/v7e-m+fp/hard/crt0.o (exit)
C:/ST/STM32CubeIDE_1.14.1/STM32CubeIDE/plugins/com.st.stm32cube.ide.mcu.externaltools.gnu-tools-for-stm32.11.3.rel1.win32_1.1.100.202309141235/tools/bin/../lib/gcc/arm-none-eabi/11.3.1/../../../../arm-none-eabi/lib/thumb/v7e-m+fp/hard\libc_nano.a(libc_a-findfp.o)
                              C:/ST/STM32CubeIDE_1.14.1/STM32CubeIDE/plugins/com.st.stm32cube.ide.mcu.externaltools.gnu-tools-for-stm32.11.3.rel1.win32_1.1.100.202309141235/tools/bin/../lib/gcc/arm-none-eabi/11.3.1/../../../../arm-none-eabi/lib/thumb/v7e-m+fp/hard\libc_nano.a(libc_a-exit.o) (__stdio_exit_handler)
C:/ST/STM32CubeIDE_1.14.1/STM32CubeIDE/plugins/com.st.stm32cube.ide.mcu.externaltools.gnu-tools-for-stm32.11.3.rel1.win32_1.1.100.202309141235/tools/bin/../lib/gcc/arm-none-eabi/11.3.1/../../../../arm-none-eabi/lib/thumb/v7e-m+fp/hard\libc_nano.a(libc_a-fwalk.o)
                              C:/ST/STM32CubeIDE_1.14.1/STM32CubeIDE/plugins/com.st.stm32cube.ide.mcu.externaltools.gnu-tools-for-stm32.11.3.rel1.win32_1.1.100.202309141235/tools/bin/../lib/gcc/arm-none-eabi/11.3.1/../../../../arm-none-eabi/lib/thumb/v7e-m+fp/hard\libc_nano.a(libc_a-findfp.o) (_fwalk_sglue)
C:/ST/STM32CubeIDE_1.14.1/STM32CubeIDE/plugins/com.st.stm32cube.ide.mcu.externaltools.gnu-tools-for-stm32.11.3.rel1.win32_1.1.100.202309141235/tools/bin/../lib/gcc/arm-none-eabi/11.3.1/../../../../arm-none-eabi/lib/thumb/v7e-m+fp/hard\libc_nano.a(libc_a-stdio.o)
                              C:/ST/STM32CubeIDE_1.14.1/STM32CubeIDE/plugins/com.st.stm32cube.ide.mcu.externaltools.gnu-tools-for-stm32.11.3.rel1.win32_1.1.100.202309141235/tools/bin/../lib/gcc/arm-none-eabi/11.3.1/../../../../arm-none-eabi/lib/thumb/v7e-m+fp/hard\libc_nano.a(libc_a-findfp.o) (__sread)
C:/ST/STM32CubeIDE_1.14.1/STM32CubeIDE/plugins/com.st.stm32cube.ide.mcu.externaltools.gnu-tools-for-stm32.11.3.rel1.win32_1.1.100.202309141235/tools/bin/../lib/gcc/arm-none-eabi/11.3.1/../../../../arm-none-eabi/lib/thumb/v7e-m+fp/hard\libc_nano.a(libc_a-memset.o)
                              C:/ST/STM32CubeIDE_1.14.1/STM32CubeIDE/plugins/com.st.stm32cube.ide.mcu.externaltools.gnu-tools-for-stm32.11.3.rel1.win32_1.1.100.202309141235/tools/bin/../lib/gcc/arm-none-eabi/11.3.1/../../../../arm-none-eabi/lib/thumb/v7e-m+fp/hard/crt0.o (memset)
C:/ST/STM32CubeIDE_1.14.1/STM32CubeIDE/plugins/com.st.stm32cube.ide.mcu.externaltools.gnu-tools-for-stm32.11.3.rel1.win32_1.1.100.202309141235/tools/bin/../lib/gcc/arm-none-eabi/11.3.1/../../../../arm-none-eabi/lib/thumb/v7e-m+fp/hard\libc_nano.a(libc_a-closer.o)
                              C:/ST/STM32CubeIDE_1.14.1/STM32CubeIDE/plugins/com.st.stm32cube.ide.mcu.externaltools.gnu-tools-for-stm32.11.3.rel1.win32_1.1.100.202309141235/tools/bin/../lib/gcc/arm-none-eabi/11.3.1/../../../../arm-none-eabi/lib/thumb/v7e-m+fp/hard\libc_nano.a(libc_a-stdio.o) (_close_r)
C:/ST/STM32CubeIDE_1.14.1/STM32CubeIDE/plugins/com.st.stm32cube.ide.mcu.externaltools.gnu-tools-for-stm32.11.3.rel1.win32_1.1.100.202309141235/tools/bin/../lib/gcc/arm-none-eabi/11.3.1/../../../../arm-none-eabi/lib/thumb/v7e-m+fp/hard\libc_nano.a(libc_a-reent.o)
                              C:/ST/STM32CubeIDE_1.14.1/STM32CubeIDE/plugins/com.st.stm32cube.ide.mcu.externaltools.gnu-tools-for-stm32.11.3.rel1.win32_1.1.100.202309141235/tools/bin/../lib/gcc/arm-none-eabi/11.3.1/../../../../arm-none-eabi/lib/thumb/v7e-m+fp/hard\libc_nano.a(libc_a-closer.o) (errno)
C:/ST/STM32CubeIDE_1.14.1/STM32CubeIDE/plugins/com.st.stm32cube.ide.mcu.externaltools.gnu-tools-for-stm32.11.3.rel1.win32_1.1.100.202309141235/tools/bin/../lib/gcc/arm-none-eabi/11.3.1/../../../../arm-none-eabi/lib/thumb/v7e-m+fp/hard\libc_nano.a(libc_a-impure.o)
                              C:/ST/STM32CubeIDE_1.14.1/STM32CubeIDE/plugins/com.st.stm32cube.ide.mcu.externaltools.gnu-tools-for-stm32.11.3.rel1.win32_1.1.100.202309141235/tools/bin/../lib/gcc/arm-none-eabi/11.3.1/../../../../arm-none-eabi/lib/thumb/v7e-m+fp/hard\libc_nano.a(libc_a-reent.o) (_impure_ptr)
C:/ST/STM32CubeIDE_1.14.1/STM32CubeIDE/plugins/com.st.stm32cube.ide.mcu.externaltools.gnu-tools-for-stm32.11.3.rel1.win32_1.1.100.202309141235/tools/bin/../lib/gcc/arm-none-eabi/11.3.1/../../../../arm-none-eabi/lib/thumb/v7e-m+fp/hard\libc_nano.a(libc_a-lseekr.o)
[...]
Memory Configuration

Name             Origin             Length             Attributes
RAM              0x0000000020000000 0x0000000000004000 xrw
FLASH            0x0000000008000000 0x0000000000010000 xr
*default*        0x0000000000000000 0xffffffffffffffff

Linker script and memory map

LOAD C:/ST/STM32CubeIDE_1.14.1/STM32CubeIDE/plugins/com.st.stm32cube.ide.mcu.externaltools.gnu-tools-for-stm32.11.3.rel1.win32_1.1.100.202309141235/tools/bin/../lib/gcc/arm-none-eabi/11.3.1/thumb/v7e-m+fp/hard/crti.o
LOAD C:/ST/STM32CubeIDE_1.14.1/STM32CubeIDE/plugins/com.st.stm32cube.ide.mcu.externaltools.gnu-tools-for-stm32.11.3.rel1.win32_1.1.100.202309141235/tools/bin/../lib/gcc/arm-none-eabi/11.3.1/thumb/v7e-m+fp/hard/crtbegin.o
LOAD C:/ST/STM32CubeIDE_1.14.1/STM32CubeIDE/plugins/com.st.stm32cube.ide.mcu.externaltools.gnu-tools-for-stm32.11.3.rel1.win32_1.1.100.202309141235/tools/bin/../lib/gcc/arm-none-eabi/11.3.1/../../../../arm-none-eabi/lib/thumb/v7e-m+fp/hard/crt0.o
LOAD ./Core/Src/adc.o
LOAD ./Core/Src/can.o
LOAD ./Core/Src/dma.o
LOAD ./Core/Src/gpio.o
LOAD ./Core/Src/main.o
LOAD ./Core/Src/sdadc.o
LOAD ./Core/Src/stm32f3xx_hal_msp.o
LOAD ./Core/Src/stm32f3xx_it.o
LOAD ./Core/Src/syscalls.o
LOAD ./Core/Src/sysmem.o
LOAD ./Core/Src/system_stm32f3xx.o
LOAD ./Core/Src/tim.o
LOAD ./Core/Src/usart.o
LOAD ./Core/Startup/startup_stm32f373r8tx.o
LOAD ./Drivers/STM32F3xx_HAL_Driver/Src/stm32f3xx_hal.o
LOAD ./Drivers/STM32F3xx_HAL_Driver/Src/stm32f3xx_hal_adc.o
LOAD ./Drivers/STM32F3xx_HAL_Driver/Src/stm32f3xx_hal_adc_ex.o
LOAD ./Drivers/STM32F3xx_HAL_Driver/Src/stm32f3xx_hal_can.o
LOAD ./Drivers/STM32F3xx_HAL_Driver/Src/stm32f3xx_hal_cortex.o
LOAD ./Drivers/STM32F3xx_HAL_Driver/Src/stm32f3xx_hal_dma.o
LOAD ./Drivers/STM32F3xx_HAL_Driver/Src/stm32f3xx_hal_exti.o
LOAD ./Drivers/STM32F3xx_HAL_Driver/Src/stm32f3xx_hal_flash.o
LOAD ./Drivers/STM32F3xx_HAL_Driver/Src/stm32f3xx_hal_flash_ex.o
LOAD ./Drivers/STM32F3xx_HAL_Driver/Src/stm32f3xx_hal_gpio.o
LOAD ./Drivers/STM32F3xx_HAL_Driver/Src/stm32f3xx_hal_i2c.o
LOAD ./Drivers/STM32F3xx_HAL_Driver/Src/stm32f3xx_hal_i2c_ex.o
LOAD ./Drivers/STM32F3xx_HAL_Driver/Src/stm32f3xx_hal_pwr.o
LOAD ./Drivers/STM32F3xx_HAL_Driver/Src/stm32f3xx_hal_pwr_ex.o
LOAD ./Drivers/STM32F3xx_HAL_Driver/Src/stm32f3xx_hal_rcc.o
LOAD ./Drivers/STM32F3xx_HAL_Driver/Src/stm32f3xx_hal_rcc_ex.o
LOAD ./Drivers/STM32F3xx_HAL_Driver/Src/stm32f3xx_hal_sdadc.o
LOAD ./Drivers/STM32F3xx_HAL_Driver/Src/stm32f3xx_hal_tim.o
LOAD ./Drivers/STM32F3xx_HAL_Driver/Src/stm32f3xx_hal_tim_ex.o
LOAD ./Drivers/STM32F3xx_HAL_Driver/Src/stm32f3xx_hal_uart.o
LOAD ./Drivers/STM32F3xx_HAL_Driver/Src/stm32f3xx_hal_uart_ex.o
START GROUP
LOAD C:/ST/STM32CubeIDE_1.14.1/STM32CubeIDE/plugins/com.st.stm32cube.ide.mcu.externaltools.gnu-tools-for-stm32.11.3.rel1.win32_1.1.100.202309141235/tools/bin/../lib/gcc/arm-none-eabi/11.3.1/../../../../arm-none-eabi/lib/thumb/v7e-m+fp/hard\libc_nano.a
LOAD C:/ST/STM32CubeIDE_1.14.1/STM32CubeIDE/plugins/com.st.stm32cube.ide.mcu.externaltools.gnu-tools-for-stm32.11.3.rel1.win32_1.1.100.202309141235/tools/bin/../lib/gcc/arm-none-eabi/11.3.1/../../../../arm-none-eabi/lib/thumb/v7e-m+fp/hard\libm.a
END GROUP
START GROUP
LOAD C:/ST/STM32CubeIDE_1.14.1/STM32CubeIDE/plugins/com.st.stm32cube.ide.mcu.externaltools.gnu-tools-for-stm32.11.3.rel1.win32_1.1.100.202309141235/tools/bin/../lib/gcc/arm-none-eabi/11.3.1/thumb/v7e-m+fp/hard\libgcc.a
LOAD C:/ST/STM32CubeIDE_1.14.1/STM32CubeIDE/plugins/com.st.stm32cube.ide.mcu.externaltools.gnu-tools-for-stm32.11.3.rel1.win32_1.1.100.202309141235/tools/bin/../lib/gcc/arm-none-eabi/11.3.1/../../../../arm-none-eabi/lib/thumb/v7e-m+fp/hard\libc_nano.a
END GROUP
START GROUP
LOAD C:/ST/STM32CubeIDE_1.14.1/STM32CubeIDE/plugins/com.st.stm32cube.ide.mcu.externaltools.gnu-tools-for-stm32.11.3.rel1.win32_1.1.100.202309141235/tools/bin/../lib/gcc/arm-none-eabi/11.3.1/thumb/v7e-m+fp/hard\libgcc.a
LOAD C:/ST/STM32CubeIDE_1.14.1/STM32CubeIDE/plugins/com.st.stm32cube.ide.mcu.externaltools.gnu-tools-for-stm32.11.3.rel1.win32_1.1.100.202309141235/tools/bin/../lib/gcc/arm-none-eabi/11.3.1/../../../../arm-none-eabi/lib/thumb/v7e-m+fp/hard\libc_nano.a
LOAD C:/ST/STM32CubeIDE_1.14.1/STM32CubeIDE/plugins/com.st.stm32cube.ide.mcu.externaltools.gnu-tools-for-stm32.11.3.rel1.win32_1.1.100.202309141235/tools/bin/../lib/gcc/arm-none-eabi/11.3.1/../../../../arm-none-eabi/lib/thumb/v7e-m+fp/hard\libnosys.a
END GROUP
START GROUP
LOAD C:/ST/STM32CubeIDE_1.14.1/STM32CubeIDE/plugins/com.st.stm32cube.ide.mcu.externaltools.gnu-tools-for-stm32.11.3.rel1.win32_1.1.100.202309141235/tools/bin/../lib/gcc/arm-none-eabi/11.3.1/thumb/v7e-m+fp/hard\libgcc.a
LOAD C:/ST/STM32CubeIDE_1.14.1/STM32CubeIDE/plugins/com.st.stm32cube.ide.mcu.externaltools.gnu-tools-for-stm32.11.3.rel1.win32_1.1.100.202309141235/tools/bin/../lib/gcc/arm-none-eabi/11.3.1/../../../../arm-none-eabi/lib/thumb/v7e-m+fp/hard\libc_nano.a
LOAD C:/ST/STM32CubeIDE_1.14.1/STM32CubeIDE/plugins/com.st.stm32cube.ide.mcu.externaltools.gnu-tools-for-stm32.11.3.rel1.win32_1.1.100.202309141235/tools/bin/../lib/gcc/arm-none-eabi/11.3.1/../../../../arm-none-eabi/lib/thumb/v7e-m+fp/hard\libnosys.a
END GROUP
LOAD C:/ST/STM32CubeIDE_1.14.1/STM32CubeIDE/plugins/com.st.stm32cube.ide.mcu.externaltools.gnu-tools-for-stm32.11.3.rel1.win32_1.1.100.202309141235/tools/bin/../lib/gcc/arm-none-eabi/11.3.1/thumb/v7e-m+fp/hard/crtend.o
LOAD C:/ST/STM32CubeIDE_1.14.1/STM32CubeIDE/plugins/com.st.stm32cube.ide.mcu.externaltools.gnu-tools-for-stm32.11.3.rel1.win32_1.1.100.202309141235/tools/bin/../lib/gcc/arm-none-eabi/11.3.1/thumb/v7e-m+fp/hard/crtn.o
                0x0000000020004000                _estack = (ORIGIN (RAM) + LENGTH (RAM))
                0x0000000000000200                _Min_Heap_Size = 0x200
                0x0000000000000400                _Min_Stack_Size = 0x400

.isr_vector     0x0000000008000000      0x188
                0x0000000008000000                . = ALIGN (0x4)
 *(.isr_vector)
 .isr_vector    0x0000000008000000      0x188 ./Core/Startup/startup_stm32f373r8tx.o
                0x0000000008000000                g_pfnVectors
                0x0000000008000188                . = ALIGN (0x4)

.text           0x0000000008000188     0x8774
                0x0000000008000188                . = ALIGN (0x4)
 *(.text)
 .text          0x0000000008000188       0x40 C:/ST/STM32CubeIDE_1.14.1/STM32CubeIDE/plugins/com.st.stm32cube.ide.mcu.externaltools.gnu-tools-for-stm32.11.3.rel1.win32_1.1.100.202309141235/tools/bin/../lib/gcc/arm-none-eabi/11.3.1/thumb/v7e-m+fp/hard/crtbegin.o
 *(.text*)
 .text.MX_ADC1_Init
                0x00000000080001c8       0xd4 ./Core/Src/adc.o
                0x00000000080001c8                MX_ADC1_Init
 .text.HAL_ADC_MspInit
                0x000000000800029c      0x140 ./Core/Src/adc.o
                0x000000000800029c                HAL_ADC_MspInit
 .text.MX_CAN_Init
                0x00000000080003dc       0x6c ./Core/Src/can.o
                0x00000000080003dc                MX_CAN_Init
 .text.HAL_CAN_MspInit
                0x0000000008000448       0x98 ./Core/Src/can.o
                0x0000000008000448                HAL_CAN_MspInit
 .text.CAN_ConfigFilter
                0x00000000080004e0       0x58 ./Core/Src/can.o
                0x00000000080004e0                CAN_ConfigFilter
 .text.CAN_StartIT
                0x0000000008000538       0x30 ./Core/Src/can.o
                0x0000000008000538                CAN_StartIT
 .text.MX_DMA_Init
                0x0000000008000568       0x74 ./Core/Src/dma.o
                0x0000000008000568                MX_DMA_Init
 .text.MX_GPIO_Init
                0x00000000080005dc      0x144 ./Core/Src/gpio.o
                0x00000000080005dc                MX_GPIO_Init
 .text.main     0x0000000008000720       0xa0 ./Core/Src/main.o
                0x0000000008000720                main
 .text.SystemClock_Config
                0x00000000080007c0       0xc6 ./Core/Src/main.o
                0x00000000080007c0                SystemClock_Config
 *fill*         0x0000000008000886        0x2 
 .text.configurationSettings
                0x0000000008000888       0x48 ./Core/Src/main.o
                0x0000000008000888                configurationSettings
 .text.mainLoop
                0x00000000080008d0       0x68 ./Core/Src/main.o
                0x00000000080008d0                mainLoop
 .text.checkBootloader
                0x0000000008000938       0x5c ./Core/Src/main.o
                0x0000000008000938                checkBootloader
 .text.bootloaderCommand
                0x0000000008000994       0x68 ./Core/Src/main.o
                0x0000000008000994                bootloaderCommand
 .text.bootloaderInit
                0x00000000080009fc       0x58 ./Core/Src/main.o
                0x00000000080009fc                bootloaderInit
 .text.calculateAxisData
                0x0000000008000a54      0x1ac ./Core/Src/main.o
                0x0000000008000a54                calculateAxisData
 .text.calculateJostickBorders
                0x0000000008000c00       0xae ./Core/Src/main.o
                0x0000000008000c00                calculateJostickBorders
 .text.averageAnalogInputs
                0x0000000008000cae       0x64 ./Core/Src/main.o
                0x0000000008000cae                averageAnalogInputs
 *fill*         0x0000000008000d12        0x2 
 .text.SDADC_ScanConversion
                0x0000000008000d14       0xb8 ./Core/Src/main.o
                0x0000000008000d14                SDADC_ScanConversion
 .text.initDigitalInputs
                0x0000000008000dcc      0x27c ./Core/Src/main.o
                0x0000000008000dcc                initDigitalInputs
 .text.sampleDigitalInputs
                0x0000000008001048       0xce ./Core/Src/main.o
                0x0000000008001048                sampleDigitalInputs
 .text.readDigitalInputs
                0x0000000008001116       0x4c ./Core/Src/main.o
                0x0000000008001116                readDigitalInputs
 *fill*         0x0000000008001162        0x2 
 .text.getDigitalInputs
                0x0000000008001164       0x14 ./Core/Src/main.o
                0x0000000008001164                getDigitalInputs
 .text.sendUartFrame
                0x0000000008001178      0x524 ./Core/Src/main.o
                0x0000000008001178                sendUartFrame
 .text.eraseFlashUserConf
                0x000000000800169c       0x40 ./Core/Src/main.o
                0x000000000800169c                eraseFlashUserConf
 .text.refreshFlashUserConf
                0x00000000080016dc      0x14c ./Core/Src/main.o
                0x00000000080016dc                refreshFlashUserConf
 .text.readFlashUserConf
                0x0000000008001828       0xb0 ./Core/Src/main.o
                0x0000000008001828                readFlashUserConf
 .text.loadDefaultValues
                0x00000000080018d8       0xb0 ./Core/Src/main.o
                0x00000000080018d8                loadDefaultValues
 .text.sendAckUart
                0x0000000008001988       0x44 ./Core/Src/main.o
                0x0000000008001988                sendAckUart
 .text.checkCommand
                0x00000000080019cc      0x5a4 ./Core/Src/main.o
                0x00000000080019cc                checkCommand
 .text.HAL_CAN_RxFifo0MsgPendingCallback
                0x0000000008001f70       0x48 ./Core/Src/main.o
                0x0000000008001f70                HAL_CAN_RxFifo0MsgPendingCallback
 .text.HAL_UART_RxCpltCallback
                0x0000000008001fb8       0xec ./Core/Src/main.o
                0x0000000008001fb8                HAL_UART_RxCpltCallback
 .text.writeDefaultConfigPage
                0x00000000080020a4      0x1b8 ./Core/Src/main.o
                0x00000000080020a4                writeDefaultConfigPage
 .text.Error_Handler
                0x000000000800225c        0xa ./Core/Src/main.o
                0x000000000800225c                Error_Handler
 *fill*         0x0000000008002266        0x2 
 .text.MX_SDADC1_Init
                0x0000000008002268      0x11c ./Core/Src/sdadc.o
                0x0000000008002268                MX_SDADC1_Init
 .text.HAL_SDADC_MspInit
                0x0000000008002384      0x110 ./Core/Src/sdadc.o
                0x0000000008002384                HAL_SDADC_MspInit
 .text.HAL_MspInit
                0x0000000008002494       0x48 ./Core/Src/stm32f3xx_hal_msp.o
                0x0000000008002494                HAL_MspInit
 .text.NMI_Handler
                0x00000000080024dc        0x6 ./Core/Src/stm32f3xx_it.o
                0x00000000080024dc                NMI_Handler
 .text.HardFault_Handler
                0x00000000080024e2        0x6 ./Core/Src/stm32f3xx_it.o
                0x00000000080024e2                HardFault_Handler
 .text.MemManage_Handler
                0x00000000080024e8        0x6 ./Core/Src/stm32f3xx_it.o
                0x00000000080024e8                MemManage_Handler
 .text.BusFault_Handler
                0x00000000080024ee        0x6 ./Core/Src/stm32f3xx_it.o
                0x00000000080024ee                BusFault_Handler
 .text.UsageFault_Handler
                0x00000000080024f4        0x6 ./Core/Src/stm32f3xx_it.o
                0x00000000080024f4                UsageFault_Handler
 .text.SVC_Handler
                0x00000000080024fa        0xe ./Core/Src/stm32f3xx_it.o
                0x00000000080024fa                SVC_Handler
 .text.DebugMon_Handler
                0x0000000008002508        0xe ./Core/Src/stm32f3xx_it.o
                0x0000000008002508                DebugMon_Handler
 .text.PendSV_Handler
                0x0000000008002516        0xe ./Core/Src/stm32f3xx_it.o
                0x0000000008002516                PendSV_Handler
 .text.SysTick_Handler
                0x0000000008002524        0xc ./Core/Src/stm32f3xx_it.o
                0x0000000008002524                SysTick_Handler
 .text.DMA1_Channel1_IRQHandler
                0x0000000008002530       0x14 ./Core/Src/stm32f3xx_it.o
                0x0000000008002530                DMA1_Channel1_IRQHandler
 .text.DMA1_Channel5_IRQHandler
                0x0000000008002544       0x14 ./Core/Src/stm32f3xx_it.o
                0x0000000008002544                DMA1_Channel5_IRQHandler
 .text.CAN_RX0_IRQHandler
                0x0000000008002558       0x14 ./Core/Src/stm32f3xx_it.o
                0x0000000008002558                CAN_RX0_IRQHandler
 .text.TIM2_IRQHandler
                0x000000000800256c       0x3c ./Core/Src/stm32f3xx_it.o
                0x000000000800256c                TIM2_IRQHandler
 .text.TIM3_IRQHandler
                0x00000000080025a8       0x28 ./Core/Src/stm32f3xx_it.o
                0x00000000080025a8                TIM3_IRQHandler
 .text.USART1_IRQHandler
                0x00000000080025d0       0x14 ./Core/Src/stm32f3xx_it.o
                0x00000000080025d0                USART1_IRQHandler
 .text.DMA2_Channel3_IRQHandler
                0x00000000080025e4       0x14 ./Core/Src/stm32f3xx_it.o
                0x00000000080025e4                DMA2_Channel3_IRQHandler
 .text.SystemInit
                0x00000000080025f8       0x24 ./Core/Src/system_stm32f3xx.o
                0x00000000080025f8                SystemInit
 .text.MX_TIM2_Init
                0x000000000800261c       0x98 ./Core/Src/tim.o
                0x000000000800261c                MX_TIM2_Init
 .text.MX_TIM3_Init
                0x00000000080026b4       0x9c ./Core/Src/tim.o
                0x00000000080026b4                MX_TIM3_Init
 .text.HAL_TIM_Base_MspInit
                0x0000000008002750       0x80 ./Core/Src/tim.o
                0x0000000008002750                HAL_TIM_Base_MspInit
 .text.MX_USART1_UART_Init
                0x00000000080027d0       0x60 ./Core/Src/usart.o
                0x00000000080027d0                MX_USART1_UART_Init
 .text.HAL_UART_MspInit
                0x0000000008002830       0xec ./Core/Src/usart.o
                0x0000000008002830                HAL_UART_MspInit
 .text.Reset_Handler
                0x000000000800291c       0x50 ./Core/Startup/startup_stm32f373r8tx.o
                0x000000000800291c                Reset_Handler
 .text.Default_Handler
                0x000000000800296c        0x2 ./Core/Startup/startup_stm32f373r8tx.o
                0x000000000800296c                RTC_Alarm_IRQHandler
                0x000000000800296c                USB_HP_IRQHandler
                0x000000000800296c                PVD_IRQHandler
                0x000000000800296c                TAMP_STAMP_IRQHandler
                0x000000000800296c                EXTI3_IRQHandler
                0x000000000800296c                EXTI0_IRQHandler
                0x000000000800296c                I2C2_EV_IRQHandler
                0x000000000800296c                FPU_IRQHandler
                0x000000000800296c                CAN_TX_IRQHandler
                0x000000000800296c                SPI1_IRQHandler
                0x000000000800296c                CAN_SCE_IRQHandler
                0x000000000800296c                DMA2_Channel2_IRQHandler
                0x000000000800296c                DMA1_Channel4_IRQHandler
                0x000000000800296c                ADC1_IRQHandler
                0x000000000800296c                TIM17_IRQHandler
                0x000000000800296c                USART3_IRQHandler
                0x000000000800296c                DMA1_Channel7_IRQHandler
                0x000000000800296c                TIM4_IRQHandler
                0x000000000800296c                CAN_RX1_IRQHandler
                0x000000000800296c                DMA2_Channel1_IRQHandler
                0x000000000800296c                I2C1_EV_IRQHandler
                0x000000000800296c                DMA1_Channel6_IRQHandler
                0x000000000800296c                TIM16_IRQHandler
                0x000000000800296c                DMA2_Channel4_IRQHandler
                0x000000000800296c                RCC_IRQHandler
                0x000000000800296c                Default_Handler
                0x000000000800296c                CEC_IRQHandler
                0x000000000800296c                EXTI15_10_IRQHandler
                0x000000000800296c                TIM14_IRQHandler
                0x000000000800296c                TIM13_IRQHandler
                0x000000000800296c                TIM12_IRQHandler
                0x000000000800296c                TIM7_IRQHandler
                0x000000000800296c                TIM5_IRQHandler
                0x000000000800296c                SDADC2_IRQHandler
                0x000000000800296c                TIM15_IRQHandler
                0x000000000800296c                TIM6_DAC1_IRQHandler
                0x000000000800296c                EXTI9_5_IRQHandler
                0x000000000800296c                RTC_WKUP_IRQHandler
                0x000000000800296c                SPI2_IRQHandler
                0x000000000800296c                DMA2_Channel5_IRQHandler
                0x000000000800296c                USB_LP_IRQHandler
                0x000000000800296c                EXTI4_IRQHandler
                0x000000000800296c                TIM18_DAC2_IRQHandler
                0x000000000800296c                DMA1_Channel3_IRQHandler
                0x000000000800296c                COMP_IRQHandler
                0x000000000800296c                WWDG_IRQHandler
                0x000000000800296c                SDADC1_IRQHandler
                0x000000000800296c                EXTI1_IRQHandler
                0x000000000800296c                SDADC3_IRQHandler
                0x000000000800296c                USART2_IRQHandler
                0x000000000800296c                TIM19_IRQHandler
                0x000000000800296c                I2C2_ER_IRQHandler
                0x000000000800296c                DMA1_Channel2_IRQHandler
                0x000000000800296c                FLASH_IRQHandler
                0x000000000800296c                SPI3_IRQHandler
                0x000000000800296c                I2C1_ER_IRQHandler
                0x000000000800296c                USBWakeUp_IRQHandler
                0x000000000800296c                EXTI2_TSC_IRQHandler
 *fill*         0x000000000800296e        0x2 
 .text.HAL_Init
                0x0000000008002970       0x2c ./Drivers/STM32F3xx_HAL_Driver/Src/stm32f3xx_hal.o
                0x0000000008002970                HAL_Init
 .text.HAL_InitTick
                0x000000000800299c       0x60 ./Drivers/STM32F3xx_HAL_Driver/Src/stm32f3xx_hal.o
                0x000000000800299c                HAL_InitTick
 .text.HAL_IncTick
                0x00000000080029fc       0x28 ./Drivers/STM32F3xx_HAL_Driver/Src/stm32f3xx_hal.o
                0x00000000080029fc                HAL_IncTick
 .text.HAL_GetTick
                0x0000000008002a24       0x18 ./Drivers/STM32F3xx_HAL_Driver/Src/stm32f3xx_hal.o
                0x0000000008002a24                HAL_GetTick
 .text.HAL_Delay
                0x0000000008002a3c       0x48 ./Drivers/STM32F3xx_HAL_Driver/Src/stm32f3xx_hal.o
                0x0000000008002a3c                HAL_Delay
 .text.HAL_ADC_Init
                0x0000000008002a84      0x1b0 ./Drivers/STM32F3xx_HAL_Driver/Src/stm32f3xx_hal_adc_ex.o
                0x0000000008002a84                HAL_ADC_Init
 .text.HAL_ADCEx_Calibration_Start
                0x0000000008002c34      0x13c ./Drivers/STM32F3xx_HAL_Driver/Src/stm32f3xx_hal_adc_ex.o
                0x0000000008002c34                HAL_ADCEx_Calibration_Start
 .text.HAL_ADC_ConfigChannel
                0x0000000008002d70      0x1e0 ./Drivers/STM32F3xx_HAL_Driver/Src/stm32f3xx_hal_adc_ex.o
                0x0000000008002d70                HAL_ADC_ConfigChannel
 .text.ADC_Enable
                0x0000000008002f50       0xb4 ./Drivers/STM32F3xx_HAL_Driver/Src/stm32f3xx_hal_adc_ex.o
 .text.ADC_ConversionStop_Disable
                0x0000000008003004       0x82 ./Drivers/STM32F3xx_HAL_Driver/Src/stm32f3xx_hal_adc_ex.o
 .text.HAL_CAN_Init
                0x0000000008003086      0x1f6 ./Drivers/STM32F3xx_HAL_Driver/Src/stm32f3xx_hal_can.o
                0x0000000008003086                HAL_CAN_Init
 .text.HAL_CAN_ConfigFilter
                0x000000000800327c      0x194 ./Drivers/STM32F3xx_HAL_Driver/Src/stm32f3xx_hal_can.o
                0x000000000800327c                HAL_CAN_ConfigFilter
 .text.HAL_CAN_Start
                0x0000000008003410       0x88 ./Drivers/STM32F3xx_HAL_Driver/Src/stm32f3xx_hal_can.o
                0x0000000008003410                HAL_CAN_Start
 .text.HAL_CAN_AddTxMessage
                0x0000000008003498      0x1a0 ./Drivers/STM32F3xx_HAL_Driver/Src/stm32f3xx_hal_can.o
                0x0000000008003498                HAL_CAN_AddTxMessage
 .text.HAL_CAN_GetRxMessage
                0x0000000008003638      0x244 ./Drivers/STM32F3xx_HAL_Driver/Src/stm32f3xx_hal_can.o
                0x0000000008003638                HAL_CAN_GetRxMessage
 .text.HAL_CAN_ActivateNotification
                0x000000000800387c       0x4c ./Drivers/STM32F3xx_HAL_Driver/Src/stm32f3xx_hal_can.o
                0x000000000800387c                HAL_CAN_ActivateNotification
 .text.HAL_CAN_IRQHandler
                0x00000000080038c8      0x36e ./Drivers/STM32F3xx_HAL_Driver/Src/stm32f3xx_hal_can.o
                0x00000000080038c8                HAL_CAN_IRQHandler
 .text.HAL_CAN_TxMailbox0CompleteCallback
                0x0000000008003c36       0x14 ./Drivers/STM32F3xx_HAL_Driver/Src/stm32f3xx_hal_can.o
                0x0000000008003c36                HAL_CAN_TxMailbox0CompleteCallback
 .text.HAL_CAN_TxMailbox1CompleteCallback
                0x0000000008003c4a       0x14 ./Drivers/STM32F3xx_HAL_Driver/Src/stm32f3xx_hal_can.o
                0x0000000008003c4a                HAL_CAN_TxMailbox1CompleteCallback
 .text.HAL_CAN_TxMailbox2CompleteCallback
                0x0000000008003c5e       0x14 ./Drivers/STM32F3xx_HAL_Driver/Src/stm32f3xx_hal_can.o
                0x0000000008003c5e                HAL_CAN_TxMailbox2CompleteCallback
 .text.HAL_CAN_TxMailbox0AbortCallback
                0x0000000008003c72       0x14 ./Drivers/STM32F3xx_HAL_Driver/Src/stm32f3xx_hal_can.o
                0x0000000008003c72                HAL_CAN_TxMailbox0AbortCallback
 .text.HAL_CAN_TxMailbox1AbortCallback
                0x0000000008003c86       0x14 ./Drivers/STM32F3xx_HAL_Driver/Src/stm32f3xx_hal_can.o
                0x0000000008003c86                HAL_CAN_TxMailbox1AbortCallback
 .text.HAL_CAN_TxMailbox2AbortCallback
                0x0000000008003c9a       0x14 ./Drivers/STM32F3xx_HAL_Driver/Src/stm32f3xx_hal_can.o
                0x0000000008003c9a                HAL_CAN_TxMailbox2AbortCallback
 .text.HAL_CAN_RxFifo0FullCallback
                0x0000000008003cae       0x14 ./Drivers/STM32F3xx_HAL_Driver/Src/stm32f3xx_hal_can.o
                0x0000000008003cae                HAL_CAN_RxFifo0FullCallback
 .text.HAL_CAN_RxFifo1MsgPendingCallback
                0x0000000008003cc2       0x14 ./Drivers/STM32F3xx_HAL_Driver/Src/stm32f3xx_hal_can.o
                0x0000000008003cc2                HAL_CAN_RxFifo1MsgPendingCallback
 .text.HAL_CAN_RxFifo1FullCallback
                0x0000000008003cd6       0x14 ./Drivers/STM32F3xx_HAL_Driver/Src/stm32f3xx_hal_can.o
                0x0000000008003cd6                HAL_CAN_RxFifo1FullCallback
 .text.HAL_CAN_SleepCallback
                0x0000000008003cea       0x14 ./Drivers/STM32F3xx_HAL_Driver/Src/stm32f3xx_hal_can.o
                0x0000000008003cea                HAL_CAN_SleepCallback
 .text.HAL_CAN_WakeUpFromRxMsgCallback
                0x0000000008003cfe       0x14 ./Drivers/STM32F3xx_HAL_Driver/Src/stm32f3xx_hal_can.o
                0x0000000008003cfe                HAL_CAN_WakeUpFromRxMsgCallback
 .text.HAL_CAN_ErrorCallback
                0x0000000008003d12       0x14 ./Drivers/STM32F3xx_HAL_Driver/Src/stm32f3xx_hal_can.o
                0x0000000008003d12                HAL_CAN_ErrorCallback
 *fill*         0x0000000008003d26        0x2 
 .text.__NVIC_SetPriorityGrouping
                0x0000000008003d28       0x48 ./Drivers/STM32F3xx_HAL_Driver/Src/stm32f3xx_hal_cortex.o
 .text.__NVIC_GetPriorityGrouping
                0x0000000008003d70       0x1c ./Drivers/STM32F3xx_HAL_Driver/Src/stm32f3xx_hal_cortex.o
 .text.__NVIC_EnableIRQ
                0x0000000008003d8c       0x3c ./Drivers/STM32F3xx_HAL_Driver/Src/stm32f3xx_hal_cortex.o
 .text.__NVIC_SetPriority
                0x0000000008003dc8       0x54 ./Drivers/STM32F3xx_HAL_Driver/Src/stm32f3xx_hal_cortex.o
 .text.NVIC_EncodePriority
                0x0000000008003e1c       0x66 ./Drivers/STM32F3xx_HAL_Driver/Src/stm32f3xx_hal_cortex.o
 *fill*         0x0000000008003e82        0x2 
 .text.__NVIC_SystemReset
                0x0000000008003e84       0x2c ./Drivers/STM32F3xx_HAL_Driver/Src/stm32f3xx_hal_cortex.o
 .text.SysTick_Config
                0x0000000008003eb0       0x44 ./Drivers/STM32F3xx_HAL_Driver/Src/stm32f3xx_hal_cortex.o
 .text.HAL_NVIC_SetPriorityGrouping
                0x0000000008003ef4       0x16 ./Drivers/STM32F3xx_HAL_Driver/Src/stm32f3xx_hal_cortex.o
                0x0000000008003ef4                HAL_NVIC_SetPriorityGrouping
 .text.HAL_NVIC_SetPriority
                0x0000000008003f0a       0x38 ./Drivers/STM32F3xx_HAL_Driver/Src/stm32f3xx_hal_cortex.o
                0x0000000008003f0a                HAL_NVIC_SetPriority
 .text.HAL_NVIC_EnableIRQ
                0x0000000008003f42       0x1c ./Drivers/STM32F3xx_HAL_Driver/Src/stm32f3xx_hal_cortex.o
                0x0000000008003f42                HAL_NVIC_EnableIRQ
 .text.HAL_NVIC_SystemReset
                0x0000000008003f5e        0x8 ./Drivers/STM32F3xx_HAL_Driver/Src/stm32f3xx_hal_cortex.o
                0x0000000008003f5e                HAL_NVIC_SystemReset
 .text.HAL_SYSTICK_Config
                0x0000000008003f66       0x18 ./Drivers/STM32F3xx_HAL_Driver/Src/stm32f3xx_hal_cortex.o
                0x0000000008003f66                HAL_SYSTICK_Config
 .text.HAL_DMA_Init
                0x0000000008003f7e       0x8e ./Drivers/STM32F3xx_HAL_Driver/Src/stm32f3xx_hal_dma.o
                0x0000000008003f7e                HAL_DMA_Init
 .text.HAL_DMA_Start_IT
                0x000000000800400c       0xbe ./Drivers/STM32F3xx_HAL_Driver/Src/stm32f3xx_hal_dma.o
                0x000000000800400c                HAL_DMA_Start_IT
 .text.HAL_DMA_Abort
                0x00000000080040ca       0x7c ./Drivers/STM32F3xx_HAL_Driver/Src/stm32f3xx_hal_dma.o
                0x00000000080040ca                HAL_DMA_Abort
 .text.HAL_DMA_Abort_IT
                0x0000000008004146       0x7c ./Drivers/STM32F3xx_HAL_Driver/Src/stm32f3xx_hal_dma.o
                0x0000000008004146                HAL_DMA_Abort_IT
 .text.HAL_DMA_IRQHandler
                0x00000000080041c2      0x146 ./Drivers/STM32F3xx_HAL_Driver/Src/stm32f3xx_hal_dma.o
                0x00000000080041c2                HAL_DMA_IRQHandler
 .text.DMA_SetConfig
                0x0000000008004308       0x5c ./Drivers/STM32F3xx_HAL_Driver/Src/stm32f3xx_hal_dma.o
 .text.DMA_CalcBaseAndBitshift
                0x0000000008004364       0x78 ./Drivers/STM32F3xx_HAL_Driver/Src/stm32f3xx_hal_dma.o
 .text.HAL_FLASH_Program
                0x00000000080043dc       0xe0 ./Drivers/STM32F3xx_HAL_Driver/Src/stm32f3xx_hal_flash.o
                0x00000000080043dc                HAL_FLASH_Program
 .text.HAL_FLASH_Unlock
                0x00000000080044bc       0x4c ./Drivers/STM32F3xx_HAL_Driver/Src/stm32f3xx_hal_flash.o
                0x00000000080044bc                HAL_FLASH_Unlock
 .text.HAL_FLASH_Lock
                0x0000000008004508       0x20 ./Drivers/STM32F3xx_HAL_Driver/Src/stm32f3xx_hal_flash.o
                0x0000000008004508                HAL_FLASH_Lock
 .text.FLASH_Program_HalfWord
                0x0000000008004528       0x38 ./Drivers/STM32F3xx_HAL_Driver/Src/stm32f3xx_hal_flash.o
 .text.FLASH_WaitForLastOperation
                0x0000000008004560       0x80 ./Drivers/STM32F3xx_HAL_Driver/Src/stm32f3xx_hal_flash.o
                0x0000000008004560                FLASH_WaitForLastOperation
 .text.FLASH_SetErrorCode
                0x00000000080045e0       0x64 ./Drivers/STM32F3xx_HAL_Driver/Src/stm32f3xx_hal_flash.o
 .text.HAL_FLASHEx_Erase
                0x0000000008004644       0xd4 ./Drivers/STM32F3xx_HAL_Driver/Src/stm32f3xx_hal_flash_ex.o
                0x0000000008004644                HAL_FLASHEx_Erase
 .text.FLASH_MassErase
                0x0000000008004718       0x34 ./Drivers/STM32F3xx_HAL_Driver/Src/stm32f3xx_hal_flash_ex.o
 .text.FLASH_PageErase
                0x000000000800474c       0x40 ./Drivers/STM32F3xx_HAL_Driver/Src/stm32f3xx_hal_flash_ex.o
                0x000000000800474c                FLASH_PageErase
 .text.HAL_GPIO_Init
                0x000000000800478c      0x2f4 ./Drivers/STM32F3xx_HAL_Driver/Src/stm32f3xx_hal_gpio.o
                0x000000000800478c                HAL_GPIO_Init
 .text.HAL_GPIO_ReadPin
                0x0000000008004a80       0x30 ./Drivers/STM32F3xx_HAL_Driver/Src/stm32f3xx_hal_gpio.o
                0x0000000008004a80                HAL_GPIO_ReadPin
 .text.HAL_PWREx_EnableSDADC
                0x0000000008004ab0       0x40 ./Drivers/STM32F3xx_HAL_Driver/Src/stm32f3xx_hal_pwr_ex.o
                0x0000000008004ab0                HAL_PWREx_EnableSDADC
 .text.HAL_RCC_DeInit
                0x0000000008004af0      0x148 ./Drivers/STM32F3xx_HAL_Driver/Src/stm32f3xx_hal_rcc.o
                0x0000000008004af0                HAL_RCC_DeInit
 .text.HAL_RCC_OscConfig
                0x0000000008004c38     0x107c ./Drivers/STM32F3xx_HAL_Driver/Src/stm32f3xx_hal_rcc.o
                0x0000000008004c38                HAL_RCC_OscConfig
 .text.HAL_RCC_ClockConfig
                0x0000000008005cb4      0x2f8 ./Drivers/STM32F3xx_HAL_Driver/Src/stm32f3xx_hal_rcc.o
                0x0000000008005cb4                HAL_RCC_ClockConfig
 .text.HAL_RCC_GetSysClockFreq
                0x0000000008005fac       0xac ./Drivers/STM32F3xx_HAL_Driver/Src/stm32f3xx_hal_rcc.o
                0x0000000008005fac                HAL_RCC_GetSysClockFreq
 .text.HAL_RCC_GetHCLKFreq
                0x0000000008006058       0x18 ./Drivers/STM32F3xx_HAL_Driver/Src/stm32f3xx_hal_rcc.o
                0x0000000008006058                HAL_RCC_GetHCLKFreq
 .text.HAL_RCC_GetPCLK1Freq
                0x0000000008006070       0x44 ./Drivers/STM32F3xx_HAL_Driver/Src/stm32f3xx_hal_rcc.o
                0x0000000008006070                HAL_RCC_GetPCLK1Freq
 .text.HAL_RCC_GetPCLK2Freq
                0x00000000080060b4       0x44 ./Drivers/STM32F3xx_HAL_Driver/Src/stm32f3xx_hal_rcc.o
                0x00000000080060b4                HAL_RCC_GetPCLK2Freq
 .text.HAL_RCCEx_PeriphCLKConfig
                0x00000000080060f8      0x2e8 ./Drivers/STM32F3xx_HAL_Driver/Src/stm32f3xx_hal_rcc_ex.o
                0x00000000080060f8                HAL_RCCEx_PeriphCLKConfig
 .text.HAL_SDADC_Init
                0x00000000080063e0      0x120 ./Drivers/STM32F3xx_HAL_Driver/Src/stm32f3xx_hal_sdadc.o
                0x00000000080063e0                HAL_SDADC_Init
 .text.HAL_SDADC_PrepareChannelConfig
                0x0000000008006500       0x76 ./Drivers/STM32F3xx_HAL_Driver/Src/stm32f3xx_hal_sdadc.o
                0x0000000008006500                HAL_SDADC_PrepareChannelConfig
 *fill*         0x0000000008006576        0x2 
 .text.HAL_SDADC_AssociateChannelConfig
                0x0000000008006578       0xa0 ./Drivers/STM32F3xx_HAL_Driver/Src/stm32f3xx_hal_sdadc.o
                0x0000000008006578                HAL_SDADC_AssociateChannelConfig
 .text.HAL_SDADC_ConfigChannel
                0x0000000008006618       0x88 ./Drivers/STM32F3xx_HAL_Driver/Src/stm32f3xx_hal_sdadc.o
                0x0000000008006618                HAL_SDADC_ConfigChannel
 .text.HAL_SDADC_InjectedConfigChannel
                0x00000000080066a0       0x78 ./Drivers/STM32F3xx_HAL_Driver/Src/stm32f3xx_hal_sdadc.o
                0x00000000080066a0                HAL_SDADC_InjectedConfigChannel
 .text.HAL_SDADC_SelectInjectedTrigger
                0x0000000008006718       0x60 ./Drivers/STM32F3xx_HAL_Driver/Src/stm32f3xx_hal_sdadc.o
                0x0000000008006718                HAL_SDADC_SelectInjectedTrigger
 .text.HAL_SDADC_SelectInjectedDelay
                0x0000000008006778       0x68 ./Drivers/STM32F3xx_HAL_Driver/Src/stm32f3xx_hal_sdadc.o
                0x0000000008006778                HAL_SDADC_SelectInjectedDelay
 .text.HAL_SDADC_CalibrationStart
                0x00000000080067e0       0x80 ./Drivers/STM32F3xx_HAL_Driver/Src/stm32f3xx_hal_sdadc.o
                0x00000000080067e0                HAL_SDADC_CalibrationStart
 .text.HAL_SDADC_PollForCalibEvent
                0x0000000008006860       0x72 ./Drivers/STM32F3xx_HAL_Driver/Src/stm32f3xx_hal_sdadc.o
                0x0000000008006860                HAL_SDADC_PollForCalibEvent
 .text.HAL_SDADC_Start
                0x00000000080068d2       0x36 ./Drivers/STM32F3xx_HAL_Driver/Src/stm32f3xx_hal_sdadc.o
                0x00000000080068d2                HAL_SDADC_Start
 .text.HAL_SDADC_PollForConversion
                0x0000000008006908       0xb4 ./Drivers/STM32F3xx_HAL_Driver/Src/stm32f3xx_hal_sdadc.o
                0x0000000008006908                HAL_SDADC_PollForConversion
 .text.HAL_SDADC_Stop
                0x00000000080069bc       0x36 ./Drivers/STM32F3xx_HAL_Driver/Src/stm32f3xx_hal_sdadc.o
                0x00000000080069bc                HAL_SDADC_Stop
 .text.HAL_SDADC_GetValue
                0x00000000080069f2       0x1a ./Drivers/STM32F3xx_HAL_Driver/Src/stm32f3xx_hal_sdadc.o
                0x00000000080069f2                HAL_SDADC_GetValue
 .text.HAL_SDADC_ErrorCallback
                0x0000000008006a0c       0x14 ./Drivers/STM32F3xx_HAL_Driver/Src/stm32f3xx_hal_sdadc.o
                0x0000000008006a0c                HAL_SDADC_ErrorCallback
 .text.SDADC_EnterInitMode
                0x0000000008006a20       0x46 ./Drivers/STM32F3xx_HAL_Driver/Src/stm32f3xx_hal_sdadc.o
 .text.SDADC_ExitInitMode
                0x0000000008006a66       0x24 ./Drivers/STM32F3xx_HAL_Driver/Src/stm32f3xx_hal_sdadc.o
 .text.SDADC_GetInjChannelsNbr
                0x0000000008006a8a       0x48 ./Drivers/STM32F3xx_HAL_Driver/Src/stm32f3xx_hal_sdadc.o
 .text.SDADC_RegConvStart
                0x0000000008006ad2       0x7c ./Drivers/STM32F3xx_HAL_Driver/Src/stm32f3xx_hal_sdadc.o
 .text.SDADC_RegConvStop
                0x0000000008006b4e       0xe2 ./Drivers/STM32F3xx_HAL_Driver/Src/stm32f3xx_hal_sdadc.o
 .text.HAL_TIM_Base_Init
                0x0000000008006c30       0x9e ./Drivers/STM32F3xx_HAL_Driver/Src/stm32f3xx_hal_tim.o
                0x0000000008006c30                HAL_TIM_Base_Init
 *fill*         0x0000000008006cce        0x2 
 .text.HAL_TIM_Base_Start_IT
                0x0000000008006cd0       0xd0 ./Drivers/STM32F3xx_HAL_Driver/Src/stm32f3xx_hal_tim.o
                0x0000000008006cd0                HAL_TIM_Base_Start_IT
 .text.HAL_TIM_IRQHandler
                0x0000000008006da0      0x1e0 ./Drivers/STM32F3xx_HAL_Driver/Src/stm32f3xx_hal_tim.o
                0x0000000008006da0                HAL_TIM_IRQHandler
 .text.HAL_TIM_ConfigClockSource
                0x0000000008006f80      0x18e ./Drivers/STM32F3xx_HAL_Driver/Src/stm32f3xx_hal_tim.o
                0x0000000008006f80                HAL_TIM_ConfigClockSource
 .text.HAL_TIM_PeriodElapsedCallback
                0x000000000800710e       0x14 ./Drivers/STM32F3xx_HAL_Driver/Src/stm32f3xx_hal_tim.o
                0x000000000800710e                HAL_TIM_PeriodElapsedCallback
 .text.HAL_TIM_OC_DelayElapsedCallback
                0x0000000008007122       0x14 ./Drivers/STM32F3xx_HAL_Driver/Src/stm32f3xx_hal_tim.o
                0x0000000008007122                HAL_TIM_OC_DelayElapsedCallback
 .text.HAL_TIM_IC_CaptureCallback
                0x0000000008007136       0x14 ./Drivers/STM32F3xx_HAL_Driver/Src/stm32f3xx_hal_tim.o
                0x0000000008007136                HAL_TIM_IC_CaptureCallback
 .text.HAL_TIM_PWM_PulseFinishedCallback
                0x000000000800714a       0x14 ./Drivers/STM32F3xx_HAL_Driver/Src/stm32f3xx_hal_tim.o
                0x000000000800714a                HAL_TIM_PWM_PulseFinishedCallback
 .text.HAL_TIM_TriggerCallback
                0x000000000800715e       0x14 ./Drivers/STM32F3xx_HAL_Driver/Src/stm32f3xx_hal_tim.o
                0x000000000800715e                HAL_TIM_TriggerCallback
 *fill*         0x0000000008007172        0x2 
 .text.TIM_Base_SetConfig
                0x0000000008007174      0x14c ./Drivers/STM32F3xx_HAL_Driver/Src/stm32f3xx_hal_tim.o
                0x0000000008007174                TIM_Base_SetConfig
 .text.TIM_TI1_ConfigInputStage
                0x00000000080072c0       0x5e ./Drivers/STM32F3xx_HAL_Driver/Src/stm32f3xx_hal_tim.o
 .text.TIM_TI2_ConfigInputStage
                0x000000000800731e       0x60 ./Drivers/STM32F3xx_HAL_Driver/Src/stm32f3xx_hal_tim.o
 .text.TIM_ITRx_SetConfig
                0x000000000800737e       0x36 ./Drivers/STM32F3xx_HAL_Driver/Src/stm32f3xx_hal_tim.o
 .text.TIM_ETR_SetConfig
                0x00000000080073b4       0x40 ./Drivers/STM32F3xx_HAL_Driver/Src/stm32f3xx_hal_tim.o
                0x00000000080073b4                TIM_ETR_SetConfig
 .text.HAL_TIMEx_MasterConfigSynchronization
                0x00000000080073f4       0xe8 ./Drivers/STM32F3xx_HAL_Driver/Src/stm32f3xx_hal_tim_ex.o
                0x00000000080073f4                HAL_TIMEx_MasterConfigSynchronization
 .text.HAL_TIMEx_CommutCallback
                0x00000000080074dc       0x14 ./Drivers/STM32F3xx_HAL_Driver/Src/stm32f3xx_hal_tim_ex.o
                0x00000000080074dc                HAL_TIMEx_CommutCallback
 .text.HAL_TIMEx_BreakCallback
                0x00000000080074f0       0x14 ./Drivers/STM32F3xx_HAL_Driver/Src/stm32f3xx_hal_tim_ex.o
                0x00000000080074f0                HAL_TIMEx_BreakCallback
 .text.HAL_UART_Init
                0x0000000008007504       0x9c ./Drivers/STM32F3xx_HAL_Driver/Src/stm32f3xx_hal_uart.o
                0x0000000008007504                HAL_UART_Init
 .text.HAL_UART_Transmit
                0x00000000080075a0      0x114 ./Drivers/STM32F3xx_HAL_Driver/Src/stm32f3xx_hal_uart.o
                0x00000000080075a0                HAL_UART_Transmit
 .text.HAL_UART_Receive_DMA
                0x00000000080076b4       0x88 ./Drivers/STM32F3xx_HAL_Driver/Src/stm32f3xx_hal_uart.o
                0x00000000080076b4                HAL_UART_Receive_DMA
 .text.HAL_UART_IRQHandler
                0x000000000800773c      0x5cc ./Drivers/STM32F3xx_HAL_Driver/Src/stm32f3xx_hal_uart.o
                0x000000000800773c                HAL_UART_IRQHandler
 .text.HAL_UART_TxCpltCallback
                0x0000000008007d08       0x14 ./Drivers/STM32F3xx_HAL_Driver/Src/stm32f3xx_hal_uart.o
                0x0000000008007d08                HAL_UART_TxCpltCallback
 .text.HAL_UART_RxHalfCpltCallback
                0x0000000008007d1c       0x14 ./Drivers/STM32F3xx_HAL_Driver/Src/stm32f3xx_hal_uart.o
                0x0000000008007d1c                HAL_UART_RxHalfCpltCallback
 .text.HAL_UART_ErrorCallback
                0x0000000008007d30       0x14 ./Drivers/STM32F3xx_HAL_Driver/Src/stm32f3xx_hal_uart.o
                0x0000000008007d30                HAL_UART_ErrorCallback
 .text.HAL_UARTEx_RxEventCallback
                0x0000000008007d44       0x18 ./Drivers/STM32F3xx_HAL_Driver/Src/stm32f3xx_hal_uart.o
                0x0000000008007d44                HAL_UARTEx_RxEventCallback
 .text.UART_SetConfig
                0x0000000008007d5c      0x2f4 ./Drivers/STM32F3xx_HAL_Driver/Src/stm32f3xx_hal_uart.o
                0x0000000008007d5c                UART_SetConfig
 .text.UART_AdvFeatureConfig
                0x0000000008008050      0x144 ./Drivers/STM32F3xx_HAL_Driver/Src/stm32f3xx_hal_uart.o
                0x0000000008008050                UART_AdvFeatureConfig
 .text.UART_CheckIdleState
                0x0000000008008194      0x150 ./Drivers/STM32F3xx_HAL_Driver/Src/stm32f3xx_hal_uart.o
                0x0000000008008194                UART_CheckIdleState
 .text.UART_WaitOnFlagUntilTimeout
                0x00000000080082e4       0xda ./Drivers/STM32F3xx_HAL_Driver/Src/stm32f3xx_hal_uart.o
                0x00000000080082e4                UART_WaitOnFlagUntilTimeout
 *fill*         0x00000000080083be        0x2 
 .text.UART_Start_Receive_DMA
                0x00000000080083c0      0x140 ./Drivers/STM32F3xx_HAL_Driver/Src/stm32f3xx_hal_uart.o
                0x00000000080083c0                UART_Start_Receive_DMA
 .text.UART_EndTxTransfer
                0x0000000008008500       0x4c ./Drivers/STM32F3xx_HAL_Driver/Src/stm32f3xx_hal_uart.o
 .text.UART_EndRxTransfer
                0x000000000800854c       0xc8 ./Drivers/STM32F3xx_HAL_Driver/Src/stm32f3xx_hal_uart.o
 .text.UART_DMAReceiveCplt
                0x0000000008008614      0x126 ./Drivers/STM32F3xx_HAL_Driver/Src/stm32f3xx_hal_uart.o
 .text.UART_DMARxHalfCplt
                0x000000000800873a       0x3e ./Drivers/STM32F3xx_HAL_Driver/Src/stm32f3xx_hal_uart.o
 .text.UART_DMAError
                0x0000000008008778       0x7e ./Drivers/STM32F3xx_HAL_Driver/Src/stm32f3xx_hal_uart.o
 .text.UART_DMAAbortOnError
                0x00000000080087f6       0x2c ./Drivers/STM32F3xx_HAL_Driver/Src/stm32f3xx_hal_uart.o
 .text.UART_EndTransmit_IT
                0x0000000008008822       0x54 ./Drivers/STM32F3xx_HAL_Driver/Src/stm32f3xx_hal_uart.o
 .text.HAL_UARTEx_WakeupCallback
                0x0000000008008876       0x14 ./Drivers/STM32F3xx_HAL_Driver/Src/stm32f3xx_hal_uart_ex.o
                0x0000000008008876                HAL_UARTEx_WakeupCallback
 .text.memset   0x000000000800888a       0x10 C:/ST/STM32CubeIDE_1.14.1/STM32CubeIDE/plugins/com.st.stm32cube.ide.mcu.externaltools.gnu-tools-for-stm32.11.3.rel1.win32_1.1.100.202309141235/tools/bin/../lib/gcc/arm-none-eabi/11.3.1/../../../../arm-none-eabi/lib/thumb/v7e-m+fp/hard\libc_nano.a(libc_a-memset.o)
                0x000000000800888a                memset
 *fill*         0x000000000800889a        0x2 
 .text.__libc_init_array
                0x000000000800889c       0x48 C:/ST/STM32CubeIDE_1.14.1/STM32CubeIDE/plugins/com.st.stm32cube.ide.mcu.externaltools.gnu-tools-for-stm32.11.3.rel1.win32_1.1.100.202309141235/tools/bin/../lib/gcc/arm-none-eabi/11.3.1/../../../../arm-none-eabi/lib/thumb/v7e-m+fp/hard\libc_nano.a(libc_a-init.o)
                0x000000000800889c                __libc_init_array
 *(.glue_7)
 .glue_7        0x00000000080088e4        0x0 linker stubs
 *(.glue_7t)
 .glue_7t       0x00000000080088e4        0x0 linker stubs
 *(.eh_frame)
 .eh_frame      0x00000000080088e4        0x0 C:/ST/STM32CubeIDE_1.14.1/STM32CubeIDE/plugins/com.st.stm32cube.ide.mcu.externaltools.gnu-tools-for-stm32.11.3.rel1.win32_1.1.100.202309141235/tools/bin/../lib/gcc/arm-none-eabi/11.3.1/thumb/v7e-m+fp/hard/crtbegin.o
 *(.init)
 .init          0x00000000080088e4        0x4 C:/ST/STM32CubeIDE_1.14.1/STM32CubeIDE/plugins/com.st.stm32cube.ide.mcu.externaltools.gnu-tools-for-stm32.11.3.rel1.win32_1.1.100.202309141235/tools/bin/../lib/gcc/arm-none-eabi/11.3.1/thumb/v7e-m+fp/hard/crti.o
                0x00000000080088e4                _init
 .init          0x00000000080088e8        0x8 C:/ST/STM32CubeIDE_1.14.1/STM32CubeIDE/plugins/com.st.stm32cube.ide.mcu.externaltools.gnu-tools-for-stm32.11.3.rel1.win32_1.1.100.202309141235/tools/bin/../lib/gcc/arm-none-eabi/11.3.1/thumb/v7e-m+fp/hard/crtn.o
 *(.fini)
 .fini          0x00000000080088f0        0x4 C:/ST/STM32CubeIDE_1.14.1/STM32CubeIDE/plugins/com.st.stm32cube.ide.mcu.externaltools.gnu-tools-for-stm32.11.3.rel1.win32_1.1.100.202309141235/tools/bin/../lib/gcc/arm-none-eabi/11.3.1/thumb/v7e-m+fp/hard/crti.o
                0x00000000080088f0                _fini
 .fini          0x00000000080088f4        0x8 C:/ST/STM32CubeIDE_1.14.1/STM32CubeIDE/plugins/com.st.stm32cube.ide.mcu.externaltools.gnu-tools-for-stm32.11.3.rel1.win32_1.1.100.202309141235/tools/bin/../lib/gcc/arm-none-eabi/11.3.1/thumb/v7e-m+fp/hard/crtn.o
                0x00000000080088fc                . = ALIGN (0x4)
                0x00000000080088fc                _etext = .

.vfp11_veneer   0x00000000080088fc        0x0
 .vfp11_veneer  0x00000000080088fc        0x0 linker stubs

.v4_bx          0x00000000080088fc        0x0
 .v4_bx         0x00000000080088fc        0x0 linker stubs

.iplt           0x00000000080088fc        0x0
 .iplt          0x00000000080088fc        0x0 C:/ST/STM32CubeIDE_1.14.1/STM32CubeIDE/plugins/com.st.stm32cube.ide.mcu.externaltools.gnu-tools-for-stm32.11.3.rel1.win32_1.1.100.202309141235/tools/bin/../lib/gcc/arm-none-eabi/11.3.1/thumb/v7e-m+fp/hard/crtbegin.o

.rodata         0x00000000080088fc       0x38
                0x00000000080088fc                . = ALIGN (0x4)
 *(.rodata)
 *(.rodata*)
 .rodata.AHBPrescTable
                0x00000000080088fc       0x10 ./Core/Src/system_stm32f3xx.o
                0x00000000080088fc                AHBPrescTable
 .rodata.APBPrescTable
                0x000000000800890c        0x8 ./Core/Src/system_stm32f3xx.o
                0x000000000800890c                APBPrescTable
 .rodata.aPLLMULFactorTable
                0x0000000008008914       0x10 ./Drivers/STM32F3xx_HAL_Driver/Src/stm32f3xx_hal_rcc.o
 .rodata.aPredivFactorTable
                0x0000000008008924       0x10 ./Drivers/STM32F3xx_HAL_Driver/Src/stm32f3xx_hal_rcc.o
                0x0000000008008934                . = ALIGN (0x4)

.rel.dyn        0x0000000008008934        0x0
 .rel.iplt      0x0000000008008934        0x0 C:/ST/STM32CubeIDE_1.14.1/STM32CubeIDE/plugins/com.st.stm32cube.ide.mcu.externaltools.gnu-tools-for-stm32.11.3.rel1.win32_1.1.100.202309141235/tools/bin/../lib/gcc/arm-none-eabi/11.3.1/thumb/v7e-m+fp/hard/crtbegin.o

.ARM.extab      0x0000000008008934        0x0
                0x0000000008008934                . = ALIGN (0x4)
 *(.ARM.extab* .gnu.linkonce.armextab.*)
                0x0000000008008934                . = ALIGN (0x4)

.ARM            0x0000000008008934        0x0
                0x0000000008008934                . = ALIGN (0x4)
                0x0000000008008934                __exidx_start = .
 *(.ARM.exidx*)
                0x0000000008008934                __exidx_end = .
                0x0000000008008934                . = ALIGN (0x4)

.preinit_array  0x0000000008008934        0x0
                0x0000000008008934                . = ALIGN (0x4)
                0x0000000008008934                PROVIDE (__preinit_array_start = .)
 *(.preinit_array*)
                0x0000000008008934                PROVIDE (__preinit_array_end = .)
                0x0000000008008934                . = ALIGN (0x4)

.init_array     0x0000000008008934        0x4
                0x0000000008008934                . = ALIGN (0x4)
                0x0000000008008934                PROVIDE (__init_array_start = .)
 *(SORT_BY_NAME(.init_array.*))
 *(.init_array*)
 .init_array    0x0000000008008934        0x4 C:/ST/STM32CubeIDE_1.14.1/STM32CubeIDE/plugins/com.st.stm32cube.ide.mcu.externaltools.gnu-tools-for-stm32.11.3.rel1.win32_1.1.100.202309141235/tools/bin/../lib/gcc/arm-none-eabi/11.3.1/thumb/v7e-m+fp/hard/crtbegin.o
                0x0000000008008938                PROVIDE (__init_array_end = .)
                0x0000000008008938                . = ALIGN (0x4)

.fini_array     0x0000000008008938        0x4
                0x0000000008008938                . = ALIGN (0x4)
                [!provide]                        PROVIDE (__fini_array_start = .)
 *(SORT_BY_NAME(.fini_array.*))
 *(.fini_array*)
 .fini_array    0x0000000008008938        0x4 C:/ST/STM32CubeIDE_1.14.1/STM32CubeIDE/plugins/com.st.stm32cube.ide.mcu.externaltools.gnu-tools-for-stm32.11.3.rel1.win32_1.1.100.202309141235/tools/bin/../lib/gcc/arm-none-eabi/11.3.1/thumb/v7e-m+fp/hard/crtbegin.o
                [!provide]                        PROVIDE (__fini_array_end = .)
                0x000000000800893c                . = ALIGN (0x4)
                0x000000000800893c                _sidata = LOADADDR (.data)

.data           0x0000000020000000       0x10 load address 0x000000000800893c
                0x0000000020000000                . = ALIGN (0x4)
                0x0000000020000000                _sdata = .
 *(.data)
 *(.data*)
 .data.remoteMode
                0x0000000020000000        0x1 ./Core/Src/main.o
                0x0000000020000000                remoteMode
 .data.tutamakVersion
                0x0000000020000001        0x1 ./Core/Src/main.o
                0x0000000020000001                tutamakVersion
 *fill*         0x0000000020000002        0x2 
 .data.SystemCoreClock
                0x0000000020000004        0x4 ./Core/Src/system_stm32f3xx.o
                0x0000000020000004                SystemCoreClock
 .data.uwTickPrio
                0x0000000020000008        0x4 ./Drivers/STM32F3xx_HAL_Driver/Src/stm32f3xx_hal.o
                0x0000000020000008                uwTickPrio
 .data.uwTickFreq
                0x000000002000000c        0x1 ./Drivers/STM32F3xx_HAL_Driver/Src/stm32f3xx_hal.o
                0x000000002000000c                uwTickFreq
 *(.RamFunc)
 *(.RamFunc*)
                0x0000000020000010                . = ALIGN (0x4)
 *fill*         0x000000002000000d        0x3 
                0x0000000020000010                _edata = .

.igot.plt       0x0000000020000010        0x0 load address 0x000000000800894c
 .igot.plt      0x0000000020000010        0x0 C:/ST/STM32CubeIDE_1.14.1/STM32CubeIDE/plugins/com.st.stm32cube.ide.mcu.externaltools.gnu-tools-for-stm32.11.3.rel1.win32_1.1.100.202309141235/tools/bin/../lib/gcc/arm-none-eabi/11.3.1/thumb/v7e-m+fp/hard/crtbegin.o
                0x0000000020000010                . = ALIGN (0x4)

.bss            0x0000000020000010      0x6e8 load address 0x000000000800894c
                0x0000000020000010                _sbss = .
                0x0000000020000010                __bss_start__ = _sbss
 *(.bss)
 .bss           0x0000000020000010       0x1c C:/ST/STM32CubeIDE_1.14.1/STM32CubeIDE/plugins/com.st.stm32cube.ide.mcu.externaltools.gnu-tools-for-stm32.11.3.rel1.win32_1.1.100.202309141235/tools/bin/../lib/gcc/arm-none-eabi/11.3.1/thumb/v7e-m+fp/hard/crtbegin.o
 *(.bss*)
 .bss.hadc1     0x000000002000002c       0x30 ./Core/Src/adc.o
                0x000000002000002c                hadc1
 .bss.hdma_adc1
                0x000000002000005c       0x44 ./Core/Src/adc.o
                0x000000002000005c                hdma_adc1
 .bss.hcan      0x00000000200000a0       0x28 ./Core/Src/can.o
                0x00000000200000a0                hcan
 .bss.sampleAnalogInputs
                0x00000000200000c8        0x1 ./Core/Src/main.o
                0x00000000200000c8                sampleAnalogInputs
 .bss.errX      0x00000000200000c9        0x1 ./Core/Src/main.o
                0x00000000200000c9                errX
 .bss.errY      0x00000000200000ca        0x1 ./Core/Src/main.o
                0x00000000200000ca                errY
 *fill*         0x00000000200000cb        0x1 
 .bss.AnADC_Read
                0x00000000200000cc        0x8 ./Core/Src/main.o
                0x00000000200000cc                AnADC_Read
 .bss.AnADC_Values
                0x00000000200000d4        0x8 ./Core/Src/main.o
                0x00000000200000d4                AnADC_Values
 .bss.fittedAnAdc_Values
                0x00000000200000dc        0x8 ./Core/Src/main.o
                0x00000000200000dc                fittedAnAdc_Values
 .bss.SDADCErrorCounter
                0x00000000200000e4        0x4 ./Core/Src/main.o
                0x00000000200000e4                SDADCErrorCounter
 .bss.tutamakDigitalInputs
                0x00000000200000e8      0x280 ./Core/Src/main.o
                0x00000000200000e8                tutamakDigitalInputs
 .bss.rs422Frame
                0x0000000020000368        0xa ./Core/Src/main.o
                0x0000000020000368                rs422Frame
 *fill*         0x0000000020000372        0x2 
 .bss.rsSendFormat
                0x0000000020000374        0x9 ./Core/Src/main.o
                0x0000000020000374                rsSendFormat
 .bss.sendUartFlag
                0x000000002000037d        0x1 ./Core/Src/main.o
                0x000000002000037d                sendUartFlag
 .bss.tempRxDataIn
                0x000000002000037e        0x1 ./Core/Src/main.o
                0x000000002000037e                tempRxDataIn
 .bss.rxDataIn  0x000000002000037f        0x1 ./Core/Src/main.o
                0x000000002000037f                rxDataIn
 .bss.rxBufferDataCounter
                0x0000000020000380        0x4 ./Core/Src/main.o
                0x0000000020000380                rxBufferDataCounter
 .bss.rxBuffer  0x0000000020000384        0x9 ./Core/Src/main.o
                0x0000000020000384                rxBuffer
 .bss.rxDataCheksum
                0x000000002000038d        0x1 ./Core/Src/main.o
                0x000000002000038d                rxDataCheksum
 *fill*         0x000000002000038e        0x2 
 .bss.errorCounter
                0x0000000020000390        0x4 ./Core/Src/main.o
                0x0000000020000390                errorCounter
 .bss.PAGEError
                0x0000000020000394        0x4 ./Core/Src/main.o
                0x0000000020000394                PAGEError
 .bss.tempTkkConfig
                0x0000000020000398       0x4e ./Core/Src/main.o
                0x0000000020000398                tempTkkConfig
 *fill*         0x00000000200003e6        0x2 
 .bss.userTkkConfig
                0x00000000200003e8       0x4e ./Core/Src/main.o
                0x00000000200003e8                userTkkConfig
 *fill*         0x0000000020000436        0x2 
 .bss.defaultTkkConfig
                0x0000000020000438       0x4e ./Core/Src/main.o
                0x0000000020000438                defaultTkkConfig
 *fill*         0x0000000020000486        0x2 
 .bss.tkkJoystickBorder
                0x0000000020000488       0x30 ./Core/Src/main.o
                0x0000000020000488                tkkJoystickBorder
 .bss.SysMemBootJump
                0x00000000200004b8        0x4 ./Core/Src/main.o
                0x00000000200004b8                SysMemBootJump
 .bss.bootValue
                0x00000000200004bc        0x2 ./Core/Src/main.o
                0x00000000200004bc                bootValue
 .bss.flashReadValue
                0x00000000200004be        0x1 ./Core/Src/main.o
                0x00000000200004be                flashReadValue
 *fill*         0x00000000200004bf        0x1 
 .bss.eraseInit.2
                0x00000000200004c0        0xc ./Core/Src/main.o
 .bss.EraseInitStruct.1
                0x00000000200004cc        0xc ./Core/Src/main.o
 .bss.EraseInitStructDefaultPage.0
                0x00000000200004d8        0xc ./Core/Src/main.o
 .bss.hsdadc1   0x00000000200004e4       0x44 ./Core/Src/sdadc.o
                0x00000000200004e4                hsdadc1
 .bss.hdma_sdadc1
                0x0000000020000528       0x44 ./Core/Src/sdadc.o
                0x0000000020000528                hdma_sdadc1
 .bss.htim2     0x000000002000056c       0x4c ./Core/Src/tim.o
                0x000000002000056c                htim2
 .bss.htim3     0x00000000200005b8       0x4c ./Core/Src/tim.o
                0x00000000200005b8                htim3
 .bss.huart1    0x0000000020000604       0x88 ./Core/Src/usart.o
                0x0000000020000604                huart1
 .bss.hdma_usart1_rx
                0x000000002000068c       0x44 ./Core/Src/usart.o
                0x000000002000068c                hdma_usart1_rx
 .bss.uwTick    0x00000000200006d0        0x4 ./Drivers/STM32F3xx_HAL_Driver/Src/stm32f3xx_hal.o
                0x00000000200006d0                uwTick
 *fill*         0x00000000200006d4        0x4 
 .bss.pFlash    0x00000000200006d8       0x20 ./Drivers/STM32F3xx_HAL_Driver/Src/stm32f3xx_hal_flash.o
                0x00000000200006d8                pFlash
 *(COMMON)
                0x00000000200006f8                . = ALIGN (0x4)
                0x00000000200006f8                _ebss = .
                0x00000000200006f8                __bss_end__ = _ebss

._user_heap_stack
                0x00000000200006f8      0x600 load address 0x000000000800894c
                0x00000000200006f8                . = ALIGN (0x8)
                [!provide]                        PROVIDE (end = .)
                0x00000000200006f8                PROVIDE (_end = .)
                0x00000000200008f8                . = (. + _Min_Heap_Size)
 *fill*         0x00000000200006f8      0x200 
                0x0000000020000cf8                . = (. + _Min_Stack_Size)
 *fill*         0x00000000200008f8      0x400 
                0x0000000020000cf8                . = ALIGN (0x8)

/DISCARD/
 libc.a(*)
 libm.a(*)
 libgcc.a(*)

.ARM.attributes
                0x0000000000000000       0x30
 *(.ARM.attributes)
 .ARM.attributes
                0x0000000000000000       0x1e C:/ST/STM32CubeIDE_1.14.1/STM32CubeIDE/plugins/com.st.stm32cube.ide.mcu.externaltools.gnu-tools-for-stm32.11.3.rel1.win32_1.1.100.202309141235/tools/bin/../lib/gcc/arm-none-eabi/11.3.1/thumb/v7e-m+fp/hard/crti.o
 .ARM.attributes
                0x000000000000001e       0x34 C:/ST/STM32CubeIDE_1.14.1/STM32CubeIDE/plugins/com.st.stm32cube.ide.mcu.externaltools.gnu-tools-for-stm32.11.3.rel1.win32_1.1.100.202309141235/tools/bin/../lib/gcc/arm-none-eabi/11.3.1/thumb/v7e-m+fp/hard/crtbegin.o
 .ARM.attributes
                0x0000000000000052       0x34 ./Core/Src/adc.o
 .ARM.attributes
                0x0000000000000086       0x34 ./Core/Src/can.o
 .ARM.attributes
                0x00000000000000ba       0x34 ./Core/Src/dma.o
 .ARM.attributes
                0x00000000000000ee       0x34 ./Core/Src/gpio.o
 .ARM.attributes
                0x0000000000000122       0x34 ./Core/Src/main.o
 .ARM.attributes
                0x0000000000000156       0x34 ./Core/Src/sdadc.o
 .ARM.attributes
                0x000000000000018a       0x34 ./Core/Src/stm32f3xx_hal_msp.o
 .ARM.attributes
                0x00000000000001be       0x34 ./Core/Src/stm32f3xx_it.o
 .ARM.attributes
                0x00000000000001f2       0x34 ./Core/Src/system_stm32f3xx.o
 .ARM.attributes
                0x0000000000000226       0x34 ./Core/Src/tim.o
 .ARM.attributes
                0x000000000000025a       0x34 ./Core/Src/usart.o
 .ARM.attributes
                0x000000000000028e       0x21 ./Core/Startup/startup_stm32f373r8tx.o
 .ARM.attributes
                0x00000000000002af       0x34 ./Drivers/STM32F3xx_HAL_Driver/Src/stm32f3xx_hal.o
 .ARM.attributes
                0x00000000000002e3       0x34 ./Drivers/STM32F3xx_HAL_Driver/Src/stm32f3xx_hal_adc_ex.o
 .ARM.attributes
                0x0000000000000317       0x34 ./Drivers/STM32F3xx_HAL_Driver/Src/stm32f3xx_hal_can.o
 .ARM.attributes
                0x000000000000034b       0x34 ./Drivers/STM32F3xx_HAL_Driver/Src/stm32f3xx_hal_cortex.o
 .ARM.attributes
                0x000000000000037f       0x34 ./Drivers/STM32F3xx_HAL_Driver/Src/stm32f3xx_hal_dma.o
 .ARM.attributes
                0x00000000000003b3       0x34 ./Drivers/STM32F3xx_HAL_Driver/Src/stm32f3xx_hal_flash.o
 .ARM.attributes
                0x00000000000003e7       0x34 ./Drivers/STM32F3xx_HAL_Driver/Src/stm32f3xx_hal_flash_ex.o
 .ARM.attributes
                0x000000000000041b       0x34 ./Drivers/STM32F3xx_HAL_Driver/Src/stm32f3xx_hal_gpio.o
 .ARM.attributes
                0x000000000000044f       0x34 ./Drivers/STM32F3xx_HAL_Driver/Src/stm32f3xx_hal_pwr_ex.o
 .ARM.attributes
                0x0000000000000483       0x34 ./Drivers/STM32F3xx_HAL_Driver/Src/stm32f3xx_hal_rcc.o
 .ARM.attributes
                0x00000000000004b7       0x34 ./Drivers/STM32F3xx_HAL_Driver/Src/stm32f3xx_hal_rcc_ex.o
 .ARM.attributes
                0x00000000000004eb       0x34 ./Drivers/STM32F3xx_HAL_Driver/Src/stm32f3xx_hal_sdadc.o
 .ARM.attributes
                0x000000000000051f       0x34 ./Drivers/STM32F3xx_HAL_Driver/Src/stm32f3xx_hal_tim.o
 .ARM.attributes
                0x0000000000000553       0x34 ./Drivers/STM32F3xx_HAL_Driver/Src/stm32f3xx_hal_tim_ex.o
 .ARM.attributes
                0x0000000000000587       0x34 ./Drivers/STM32F3xx_HAL_Driver/Src/stm32f3xx_hal_uart.o
 .ARM.attributes
                0x00000000000005bb       0x34 ./Drivers/STM32F3xx_HAL_Driver/Src/stm32f3xx_hal_uart_ex.o
 .ARM.attributes
                0x00000000000005ef       0x34 C:/ST/STM32CubeIDE_1.14.1/STM32CubeIDE/plugins/com.st.stm32cube.ide.mcu.externaltools.gnu-tools-for-stm32.11.3.rel1.win32_1.1.100.202309141235/tools/bin/../lib/gcc/arm-none-eabi/11.3.1/../../../../arm-none-eabi/lib/thumb/v7e-m+fp/hard\libc_nano.a(libc_a-memset.o)
 .ARM.attributes
                0x0000000000000623       0x34 C:/ST/STM32CubeIDE_1.14.1/STM32CubeIDE/plugins/com.st.stm32cube.ide.mcu.externaltools.gnu-tools-for-stm32.11.3.rel1.win32_1.1.100.202309141235/tools/bin/../lib/gcc/arm-none-eabi/11.3.1/../../../../arm-none-eabi/lib/thumb/v7e-m+fp/hard\libc_nano.a(libc_a-init.o)
 .ARM.attributes
                0x0000000000000657       0x1e C:/ST/STM32CubeIDE_1.14.1/STM32CubeIDE/plugins/com.st.stm32cube.ide.mcu.externaltools.gnu-tools-for-stm32.11.3.rel1.win32_1.1.100.202309141235/tools/bin/../lib/gcc/arm-none-eabi/11.3.1/thumb/v7e-m+fp/hard/crtn.o
OUTPUT(Joystick.elf elf32-littlearm)
LOAD linker stubs
LOAD C:/ST/STM32CubeIDE_1.14.1/STM32CubeIDE/plugins/com.st.stm32cube.ide.mcu.externaltools.gnu-tools-for-stm32.11.3.rel1.win32_1.1.100.202309141235/tools/bin/../lib/gcc/arm-none-eabi/11.3.1/../../../../arm-none-eabi/lib/thumb/v7e-m+fp/hard\libc.a
LOAD C:/ST/STM32CubeIDE_1.14.1/STM32CubeIDE/plugins/com.st.stm32cube.ide.mcu.externaltools.gnu-tools-for-stm32.11.3.rel1.win32_1.1.100.202309141235/tools/bin/../lib/gcc/arm-none-eabi/11.3.1/../../../../arm-none-eabi/lib/thumb/v7e-m+fp/hard\libm.a
LOAD C:/ST/STM32CubeIDE_1.14.1/STM32CubeIDE/plugins/com.st.stm32cube.ide.mcu.externaltools.gnu-tools-for-stm32.11.3.rel1.win32_1.1.100.202309141235/tools/bin/../lib/gcc/arm-none-eabi/11.3.1/thumb/v7e-m+fp/hard\libgcc.a

.comment        0x0000000000000000       0x43
 .comment       0x0000000000000000       0x43 C:/ST/STM32CubeIDE_1.14.1/STM32CubeIDE/plugins/com.st.stm32cube.ide.mcu.externaltools.gnu-tools-for-stm32.11.3.rel1.win32_1.1.100.202309141235/tools/bin/../lib/gcc/arm-none-eabi/11.3.1/thumb/v7e-m+fp/hard/crtbegin.o
                                         0x44 (size before relaxing)
 .comment       0x0000000000000043       0x44 ./Core/Src/adc.o
 .comment       0x0000000000000043       0x44 ./Core/Src/can.o
 .comment       0x0000000000000043       0x44 ./Core/Src/dma.o
 .comment       0x0000000000000043       0x44 ./Core/Src/gpio.o
 .comment       0x0000000000000043       0x44 ./Core/Src/main.o
 .comment       0x0000000000000043       0x44 ./Core/Src/sdadc.o
 .comment       0x0000000000000043       0x44 ./Core/Src/stm32f3xx_hal_msp.o
 .comment       0x0000000000000043       0x44 ./Core/Src/stm32f3xx_it.o
 .comment       0x0000000000000043       0x44 ./Core/Src/system_stm32f3xx.o
 .comment       0x0000000000000043       0x44 ./Core/Src/tim.o
 .comment       0x0000000000000043       0x44 ./Core/Src/usart.o
 .comment       0x0000000000000043       0x44 ./Drivers/STM32F3xx_HAL_Driver/Src/stm32f3xx_hal.o
 .comment       0x0000000000000043       0x44 ./Drivers/STM32F3xx_HAL_Driver/Src/stm32f3xx_hal_adc_ex.o
 .comment       0x0000000000000043       0x44 ./Drivers/STM32F3xx_HAL_Driver/Src/stm32f3xx_hal_can.o
 .comment       0x0000000000000043       0x44 ./Drivers/STM32F3xx_HAL_Driver/Src/stm32f3xx_hal_cortex.o
 .comment       0x0000000000000043       0x44 ./Drivers/STM32F3xx_HAL_Driver/Src/stm32f3xx_hal_dma.o
 .comment       0x0000000000000043       0x44 ./Drivers/STM32F3xx_HAL_Driver/Src/stm32f3xx_hal_flash.o
 .comment       0x0000000000000043       0x44 ./Drivers/STM32F3xx_HAL_Driver/Src/stm32f3xx_hal_flash_ex.o
 .comment       0x0000000000000043       0x44 ./Drivers/STM32F3xx_HAL_Driver/Src/stm32f3xx_hal_gpio.o
 .comment       0x0000000000000043       0x44 ./Drivers/STM32F3xx_HAL_Driver/Src/stm32f3xx_hal_pwr_ex.o
 .comment       0x0000000000000043       0x44 ./Drivers/STM32F3xx_HAL_Driver/Src/stm32f3xx_hal_rcc.o
 .comment       0x0000000000000043       0x44 ./Drivers/STM32F3xx_HAL_Driver/Src/stm32f3xx_hal_rcc_ex.o
 .comment       0x0000000000000043       0x44 ./Drivers/STM32F3xx_HAL_Driver/Src/stm32f3xx_hal_sdadc.o
 .comment       0x0000000000000043       0x44 ./Drivers/STM32F3xx_HAL_Driver/Src/stm32f3xx_hal_tim.o
 .comment       0x0000000000000043       0x44 ./Drivers/STM32F3xx_HAL_Driver/Src/stm32f3xx_hal_tim_ex.o
 .comment       0x0000000000000043       0x44 ./Drivers/STM32F3xx_HAL_Driver/Src/stm32f3xx_hal_uart.o
 .comment       0x0000000000000043       0x44 ./Drivers/STM32F3xx_HAL_Driver/Src/stm32f3xx_hal_uart_ex.o

.debug_info     0x0000000000000000    0x17a22
 .debug_info    0x0000000000000000      0x8f7 ./Core/Src/adc.o
 .debug_info    0x00000000000008f7      0xb93 ./Core/Src/can.o
 .debug_info    0x000000000000148a      0x3ac ./Core/Src/dma.o
 .debug_info    0x0000000000001836      0x35a ./Core/Src/gpio.o
 .debug_info    0x0000000000001b90     0x25b3 ./Core/Src/main.o
 .debug_info    0x0000000000004143      0x9b9 ./Core/Src/sdadc.o
 .debug_info    0x0000000000004afc      0x1af ./Core/Src/stm32f3xx_hal_msp.o
 .debug_info    0x0000000000004cab     0x109a ./Core/Src/stm32f3xx_it.o
 .debug_info    0x0000000000005d45      0x407 ./Core/Src/system_stm32f3xx.o
 .debug_info    0x000000000000614c      0xaef ./Core/Src/tim.o
 .debug_info    0x0000000000006c3b      0xb94 ./Core/Src/usart.o
 .debug_info    0x00000000000077cf       0x23 ./Core/Startup/startup_stm32f373r8tx.o
 .debug_info    0x00000000000077f2      0x7c8 ./Drivers/STM32F3xx_HAL_Driver/Src/stm32f3xx_hal.o
 .debug_info    0x0000000000007fba      0xf8d ./Drivers/STM32F3xx_HAL_Driver/Src/stm32f3xx_hal_adc_ex.o
 .debug_info    0x0000000000008f47      0xf02 ./Drivers/STM32F3xx_HAL_Driver/Src/stm32f3xx_hal_can.o
 .debug_info    0x0000000000009e49      0xcd8 ./Drivers/STM32F3xx_HAL_Driver/Src/stm32f3xx_hal_cortex.o
 .debug_info    0x000000000000ab21      0x6e1 ./Drivers/STM32F3xx_HAL_Driver/Src/stm32f3xx_hal_dma.o
 .debug_info    0x000000000000b202      0x4f5 ./Drivers/STM32F3xx_HAL_Driver/Src/stm32f3xx_hal_flash.o
 .debug_info    0x000000000000b6f7      0x7cb ./Drivers/STM32F3xx_HAL_Driver/Src/stm32f3xx_hal_flash_ex.o
 .debug_info    0x000000000000bec2      0x59e ./Drivers/STM32F3xx_HAL_Driver/Src/stm32f3xx_hal_gpio.o
 .debug_info    0x000000000000c460      0x2e1 ./Drivers/STM32F3xx_HAL_Driver/Src/stm32f3xx_hal_pwr_ex.o
 .debug_info    0x000000000000c741     0x148a ./Drivers/STM32F3xx_HAL_Driver/Src/stm32f3xx_hal_rcc.o
 .debug_info    0x000000000000dbcb      0x569 ./Drivers/STM32F3xx_HAL_Driver/Src/stm32f3xx_hal_rcc_ex.o
 .debug_info    0x000000000000e134     0x14a1 ./Drivers/STM32F3xx_HAL_Driver/Src/stm32f3xx_hal_sdadc.o
 .debug_info    0x000000000000f5d5     0x2967 ./Drivers/STM32F3xx_HAL_Driver/Src/stm32f3xx_hal_tim.o
 .debug_info    0x0000000000011f3c     0x14a2 ./Drivers/STM32F3xx_HAL_Driver/Src/stm32f3xx_hal_tim_ex.o
 .debug_info    0x00000000000133de     0x39a8 ./Drivers/STM32F3xx_HAL_Driver/Src/stm32f3xx_hal_uart.o
 .debug_info    0x0000000000016d86      0xc9c ./Drivers/STM32F3xx_HAL_Driver/Src/stm32f3xx_hal_uart_ex.o

.debug_abbrev   0x0000000000000000     0x3a16
 .debug_abbrev  0x0000000000000000      0x220 ./Core/Src/adc.o
 .debug_abbrev  0x0000000000000220      0x211 ./Core/Src/can.o
 .debug_abbrev  0x0000000000000431      0x10e ./Core/Src/dma.o
 .debug_abbrev  0x000000000000053f      0x139 ./Core/Src/gpio.o
 .debug_abbrev  0x0000000000000678      0x350 ./Core/Src/main.o
 .debug_abbrev  0x00000000000009c8      0x20a ./Core/Src/sdadc.o
 .debug_abbrev  0x0000000000000bd2       0xcb ./Core/Src/stm32f3xx_hal_msp.o
 .debug_abbrev  0x0000000000000c9d      0x237 ./Core/Src/stm32f3xx_it.o
 .debug_abbrev  0x0000000000000ed4      0x11a ./Core/Src/system_stm32f3xx.o
 .debug_abbrev  0x0000000000000fee      0x205 ./Core/Src/tim.o
 .debug_abbrev  0x00000000000011f3      0x20e ./Core/Src/usart.o
 .debug_abbrev  0x0000000000001401       0x12 ./Core/Startup/startup_stm32f373r8tx.o
 .debug_abbrev  0x0000000000001413      0x215 ./Drivers/STM32F3xx_HAL_Driver/Src/stm32f3xx_hal.o
 .debug_abbrev  0x0000000000001628      0x268 ./Drivers/STM32F3xx_HAL_Driver/Src/stm32f3xx_hal_adc_ex.o
 .debug_abbrev  0x0000000000001890      0x1fc ./Drivers/STM32F3xx_HAL_Driver/Src/stm32f3xx_hal_can.o
 .debug_abbrev  0x0000000000001a8c      0x31e ./Drivers/STM32F3xx_HAL_Driver/Src/stm32f3xx_hal_cortex.o
 .debug_abbrev  0x0000000000001daa      0x20d ./Drivers/STM32F3xx_HAL_Driver/Src/stm32f3xx_hal_dma.o
 .debug_abbrev  0x0000000000001fb7      0x258 ./Drivers/STM32F3xx_HAL_Driver/Src/stm32f3xx_hal_flash.o
 .debug_abbrev  0x000000000000220f      0x2af ./Drivers/STM32F3xx_HAL_Driver/Src/stm32f3xx_hal_flash_ex.o
 .debug_abbrev  0x00000000000024be      0x1ca ./Drivers/STM32F3xx_HAL_Driver/Src/stm32f3xx_hal_gpio.o
 .debug_abbrev  0x0000000000002688      0x155 ./Drivers/STM32F3xx_HAL_Driver/Src/stm32f3xx_hal_pwr_ex.o
 .debug_abbrev  0x00000000000027dd      0x300 ./Drivers/STM32F3xx_HAL_Driver/Src/stm32f3xx_hal_rcc.o
 .debug_abbrev  0x0000000000002add      0x221 ./Drivers/STM32F3xx_HAL_Driver/Src/stm32f3xx_hal_rcc_ex.o
 .debug_abbrev  0x0000000000002cfe      0x28d ./Drivers/STM32F3xx_HAL_Driver/Src/stm32f3xx_hal_sdadc.o
 .debug_abbrev  0x0000000000002f8b      0x278 ./Drivers/STM32F3xx_HAL_Driver/Src/stm32f3xx_hal_tim.o
 .debug_abbrev  0x0000000000003203      0x283 ./Drivers/STM32F3xx_HAL_Driver/Src/stm32f3xx_hal_tim_ex.o
 .debug_abbrev  0x0000000000003486      0x2d1 ./Drivers/STM32F3xx_HAL_Driver/Src/stm32f3xx_hal_uart.o
 .debug_abbrev  0x0000000000003757      0x2bf ./Drivers/STM32F3xx_HAL_Driver/Src/stm32f3xx_hal_uart_ex.o

.debug_aranges  0x0000000000000000     0x1460
 .debug_aranges
                0x0000000000000000       0x30 ./Core/Src/adc.o
 .debug_aranges
                0x0000000000000030       0x48 ./Core/Src/can.o
 .debug_aranges
                0x0000000000000078       0x20 ./Core/Src/dma.o
 .debug_aranges
                0x0000000000000098       0x20 ./Core/Src/gpio.o
 .debug_aranges
                0x00000000000000b8       0xf8 ./Core/Src/main.o
 .debug_aranges
                0x00000000000001b0       0x30 ./Core/Src/sdadc.o
 .debug_aranges
                0x00000000000001e0       0x20 ./Core/Src/stm32f3xx_hal_msp.o
 .debug_aranges
                0x0000000000000200       0x98 ./Core/Src/stm32f3xx_it.o
 .debug_aranges
                0x0000000000000298       0x28 ./Core/Src/system_stm32f3xx.o
 .debug_aranges
                0x00000000000002c0       0x38 ./Core/Src/tim.o
 .debug_aranges
                0x00000000000002f8       0x30 ./Core/Src/usart.o
 .debug_aranges
                0x0000000000000328       0x28 ./Core/Startup/startup_stm32f373r8tx.o
 .debug_aranges
                0x0000000000000350       0xe0 ./Drivers/STM32F3xx_HAL_Driver/Src/stm32f3xx_hal.o
 .debug_aranges
                0x0000000000000430       0xf8 ./Drivers/STM32F3xx_HAL_Driver/Src/stm32f3xx_hal_adc_ex.o
 .debug_aranges
                0x0000000000000528      0x138 ./Drivers/STM32F3xx_HAL_Driver/Src/stm32f3xx_hal_can.o
 .debug_aranges
                0x0000000000000660      0x128 ./Drivers/STM32F3xx_HAL_Driver/Src/stm32f3xx_hal_cortex.o
 .debug_aranges
                0x0000000000000788       0x88 ./Drivers/STM32F3xx_HAL_Driver/Src/stm32f3xx_hal_dma.o
 .debug_aranges
                0x0000000000000810       0x88 ./Drivers/STM32F3xx_HAL_Driver/Src/stm32f3xx_hal_flash.o
 .debug_aranges
                0x0000000000000898       0x98 ./Drivers/STM32F3xx_HAL_Driver/Src/stm32f3xx_hal_flash_ex.o
 .debug_aranges
                0x0000000000000930       0x58 ./Drivers/STM32F3xx_HAL_Driver/Src/stm32f3xx_hal_gpio.o
 .debug_aranges
                0x0000000000000988       0x50 ./Drivers/STM32F3xx_HAL_Driver/Src/stm32f3xx_hal_pwr_ex.o
 .debug_aranges
                0x00000000000009d8       0x88 ./Drivers/STM32F3xx_HAL_Driver/Src/stm32f3xx_hal_rcc.o
 .debug_aranges
                0x0000000000000a60       0x38 ./Drivers/STM32F3xx_HAL_Driver/Src/stm32f3xx_hal_rcc_ex.o
 .debug_aranges
                0x0000000000000a98      0x1f8 ./Drivers/STM32F3xx_HAL_Driver/Src/stm32f3xx_hal_sdadc.o
 .debug_aranges
                0x0000000000000c90      0x3d0 ./Drivers/STM32F3xx_HAL_Driver/Src/stm32f3xx_hal_tim.o
 .debug_aranges
                0x0000000000001060      0x168 ./Drivers/STM32F3xx_HAL_Driver/Src/stm32f3xx_hal_tim_ex.o
 .debug_aranges
                0x00000000000011c8      0x228 ./Drivers/STM32F3xx_HAL_Driver/Src/stm32f3xx_hal_uart.o
 .debug_aranges
                0x00000000000013f0       0x70 ./Drivers/STM32F3xx_HAL_Driver/Src/stm32f3xx_hal_uart_ex.o

.debug_rnglists
                0x0000000000000000      0xfc3
 .debug_rnglists
                0x0000000000000000       0x21 ./Core/Src/adc.o
 .debug_rnglists
                0x0000000000000021       0x32 ./Core/Src/can.o
 .debug_rnglists
                0x0000000000000053       0x13 ./Core/Src/dma.o
 .debug_rnglists
                0x0000000000000066       0x14 ./Core/Src/gpio.o
 .debug_rnglists
                0x000000000000007a       0xc3 ./Core/Src/main.o
 .debug_rnglists
                0x000000000000013d       0x21 ./Core/Src/sdadc.o
 .debug_rnglists
                0x000000000000015e       0x13 ./Core/Src/stm32f3xx_hal_msp.o
 .debug_rnglists
                0x0000000000000171       0x6d ./Core/Src/stm32f3xx_it.o
 .debug_rnglists
                0x00000000000001de       0x1a ./Core/Src/system_stm32f3xx.o
 .debug_rnglists
                0x00000000000001f8       0x28 ./Core/Src/tim.o
 .debug_rnglists
                0x0000000000000220       0x20 ./Core/Src/usart.o
 .debug_rnglists
                0x0000000000000240       0x19 ./Core/Startup/startup_stm32f373r8tx.o
 .debug_rnglists
                0x0000000000000259       0xa3 ./Drivers/STM32F3xx_HAL_Driver/Src/stm32f3xx_hal.o
 .debug_rnglists
                0x00000000000002fc       0xc9 ./Drivers/STM32F3xx_HAL_Driver/Src/stm32f3xx_hal_adc_ex.o
 .debug_rnglists
                0x00000000000003c5       0xee ./Drivers/STM32F3xx_HAL_Driver/Src/stm32f3xx_hal_can.o
 .debug_rnglists
                0x00000000000004b3       0xda ./Drivers/STM32F3xx_HAL_Driver/Src/stm32f3xx_hal_cortex.o
 .debug_rnglists
                0x000000000000058d       0x69 ./Drivers/STM32F3xx_HAL_Driver/Src/stm32f3xx_hal_dma.o
 .debug_rnglists
                0x00000000000005f6       0x65 ./Drivers/STM32F3xx_HAL_Driver/Src/stm32f3xx_hal_flash.o
 .debug_rnglists
                0x000000000000065b       0x74 ./Drivers/STM32F3xx_HAL_Driver/Src/stm32f3xx_hal_flash_ex.o
 .debug_rnglists
                0x00000000000006cf       0x3f ./Drivers/STM32F3xx_HAL_Driver/Src/stm32f3xx_hal_gpio.o
 .debug_rnglists
                0x000000000000070e       0x38 ./Drivers/STM32F3xx_HAL_Driver/Src/stm32f3xx_hal_pwr_ex.o
 .debug_rnglists
                0x0000000000000746       0x66 ./Drivers/STM32F3xx_HAL_Driver/Src/stm32f3xx_hal_rcc.o
 .debug_rnglists
                0x00000000000007ac       0x28 ./Drivers/STM32F3xx_HAL_Driver/Src/stm32f3xx_hal_rcc_ex.o
 .debug_rnglists
                0x00000000000007d4      0x184 ./Drivers/STM32F3xx_HAL_Driver/Src/stm32f3xx_hal_sdadc.o
 .debug_rnglists
                0x0000000000000958      0x318 ./Drivers/STM32F3xx_HAL_Driver/Src/stm32f3xx_hal_tim.o
 .debug_rnglists
                0x0000000000000c70      0x125 ./Drivers/STM32F3xx_HAL_Driver/Src/stm32f3xx_hal_tim_ex.o
 .debug_rnglists
                0x0000000000000d95      0x1da ./Drivers/STM32F3xx_HAL_Driver/Src/stm32f3xx_hal_uart.o
 .debug_rnglists
                0x0000000000000f6f       0x54 ./Drivers/STM32F3xx_HAL_Driver/Src/stm32f3xx_hal_uart_ex.o

.debug_macro    0x0000000000000000    0x1ddfe
 .debug_macro   0x0000000000000000      0x238 ./Core/Src/adc.o
 .debug_macro   0x0000000000000238      0xaa8 ./Core/Src/adc.o
 .debug_macro   0x0000000000000ce0      0x169 ./Core/Src/adc.o
 .debug_macro   0x0000000000000e49       0x2e ./Core/Src/adc.o
 .debug_macro   0x0000000000000e77       0x28 ./Core/Src/adc.o
 .debug_macro   0x0000000000000e9f       0x22 ./Core/Src/adc.o
 .debug_macro   0x0000000000000ec1       0x8e ./Core/Src/adc.o
 .debug_macro   0x0000000000000f4f       0x51 ./Core/Src/adc.o
 .debug_macro   0x0000000000000fa0      0x103 ./Core/Src/adc.o
 .debug_macro   0x00000000000010a3       0x6a ./Core/Src/adc.o
 .debug_macro   0x000000000000110d      0x1df ./Core/Src/adc.o
 .debug_macro   0x00000000000012ec       0x1c ./Core/Src/adc.o
 .debug_macro   0x0000000000001308       0x22 ./Core/Src/adc.o
 .debug_macro   0x000000000000132a       0xd9 ./Core/Src/adc.o
 .debug_macro   0x0000000000001403     0x102d ./Core/Src/adc.o
 .debug_macro   0x0000000000002430      0x11f ./Core/Src/adc.o
 .debug_macro   0x000000000000254f    0x1071e ./Core/Src/adc.o
 .debug_macro   0x0000000000012c6d       0x6d ./Core/Src/adc.o
 .debug_macro   0x0000000000012cda     0x3582 ./Core/Src/adc.o
 .debug_macro   0x000000000001625c      0x174 ./Core/Src/adc.o
 .debug_macro   0x00000000000163d0       0x55 ./Core/Src/adc.o
 .debug_macro   0x0000000000016425      0x95a ./Core/Src/adc.o
 .debug_macro   0x0000000000016d7f      0x5dc ./Core/Src/adc.o
 .debug_macro   0x000000000001735b      0x1b5 ./Core/Src/adc.o
 .debug_macro   0x0000000000017510      0x161 ./Core/Src/adc.o
 .debug_macro   0x0000000000017671      0x1ab ./Core/Src/adc.o
 .debug_macro   0x000000000001781c      0x1bc ./Core/Src/adc.o
 .debug_macro   0x00000000000179d8       0x30 ./Core/Src/adc.o
 .debug_macro   0x0000000000017a08       0x3c ./Core/Src/adc.o
 .debug_macro   0x0000000000017a44      0x235 ./Core/Src/adc.o
 .debug_macro   0x0000000000017c79      0x504 ./Core/Src/adc.o
 .debug_macro   0x000000000001817d       0x77 ./Core/Src/adc.o
 .debug_macro   0x00000000000181f4      0x408 ./Core/Src/adc.o
 .debug_macro   0x00000000000185fc       0xc5 ./Core/Src/adc.o
 .debug_macro   0x00000000000186c1      0x231 ./Core/Src/adc.o
 .debug_macro   0x00000000000188f2      0x22c ./Core/Src/adc.o
 .debug_macro   0x0000000000018b1e       0x5b ./Core/Src/adc.o
 .debug_macro   0x0000000000018b79       0xa5 ./Core/Src/adc.o
 .debug_macro   0x0000000000018c1e       0x81 ./Core/Src/adc.o
 .debug_macro   0x0000000000018c9f       0xec ./Core/Src/adc.o
 .debug_macro   0x0000000000018d8b      0x30c ./Core/Src/adc.o
 .debug_macro   0x0000000000019097      0x8fb ./Core/Src/adc.o
 .debug_macro   0x0000000000019992       0x41 ./Core/Src/adc.o
 .debug_macro   0x00000000000199d3      0x5ba ./Core/Src/adc.o
 .debug_macro   0x0000000000019f8d       0x3e ./Core/Src/adc.o
 .debug_macro   0x0000000000019fcb      0x244 ./Core/Src/adc.o
 .debug_macro   0x000000000001a20f       0xca ./Core/Src/adc.o
 .debug_macro   0x000000000001a2d9       0x18 ./Core/Src/adc.o
 .debug_macro   0x000000000001a2f1       0x22 ./Core/Src/adc.o
 .debug_macro   0x000000000001a313      0x326 ./Core/Src/adc.o
 .debug_macro   0x000000000001a639      0x238 ./Core/Src/can.o
 .debug_macro   0x000000000001a871      0x238 ./Core/Src/dma.o
 .debug_macro   0x000000000001aaa9      0x238 ./Core/Src/gpio.o
 .debug_macro   0x000000000001ace1      0x290 ./Core/Src/main.o
 .debug_macro   0x000000000001af71      0x238 ./Core/Src/sdadc.o
 .debug_macro   0x000000000001b1a9      0x22e ./Core/Src/stm32f3xx_hal_msp.o
 .debug_macro   0x000000000001b3d7      0x246 ./Core/Src/stm32f3xx_it.o
 .debug_macro   0x000000000001b61d      0x204 ./Core/Src/system_stm32f3xx.o
 .debug_macro   0x000000000001b821      0x238 ./Core/Src/tim.o
 .debug_macro   0x000000000001ba59      0x238 ./Core/Src/usart.o
 .debug_macro   0x000000000001bc91      0x228 ./Drivers/STM32F3xx_HAL_Driver/Src/stm32f3xx_hal.o
 .debug_macro   0x000000000001beb9      0x267 ./Drivers/STM32F3xx_HAL_Driver/Src/stm32f3xx_hal_adc_ex.o
 .debug_macro   0x000000000001c120      0x213 ./Drivers/STM32F3xx_HAL_Driver/Src/stm32f3xx_hal_can.o
 .debug_macro   0x000000000001c333      0x204 ./Drivers/STM32F3xx_HAL_Driver/Src/stm32f3xx_hal_cortex.o
 .debug_macro   0x000000000001c537      0x204 ./Drivers/STM32F3xx_HAL_Driver/Src/stm32f3xx_hal_dma.o
 .debug_macro   0x000000000001c73b      0x204 ./Drivers/STM32F3xx_HAL_Driver/Src/stm32f3xx_hal_flash.o
 .debug_macro   0x000000000001c93f      0x216 ./Drivers/STM32F3xx_HAL_Driver/Src/stm32f3xx_hal_flash_ex.o
 .debug_macro   0x000000000001cb55      0x20b ./Drivers/STM32F3xx_HAL_Driver/Src/stm32f3xx_hal_gpio.o
 .debug_macro   0x000000000001cd60      0x21c ./Drivers/STM32F3xx_HAL_Driver/Src/stm32f3xx_hal_pwr_ex.o
 .debug_macro   0x000000000001cf7c      0x228 ./Drivers/STM32F3xx_HAL_Driver/Src/stm32f3xx_hal_rcc.o
 .debug_macro   0x000000000001d1a4      0x204 ./Drivers/STM32F3xx_HAL_Driver/Src/stm32f3xx_hal_rcc_ex.o
 .debug_macro   0x000000000001d3a8      0x228 ./Drivers/STM32F3xx_HAL_Driver/Src/stm32f3xx_hal_sdadc.o
 .debug_macro   0x000000000001d5d0      0x205 ./Drivers/STM32F3xx_HAL_Driver/Src/stm32f3xx_hal_tim.o
 .debug_macro   0x000000000001d7d5      0x204 ./Drivers/STM32F3xx_HAL_Driver/Src/stm32f3xx_hal_tim_ex.o
 .debug_macro   0x000000000001d9d9      0x221 ./Drivers/STM32F3xx_HAL_Driver/Src/stm32f3xx_hal_uart.o
 .debug_macro   0x000000000001dbfa      0x204 ./Drivers/STM32F3xx_HAL_Driver/Src/stm32f3xx_hal_uart_ex.o

.debug_line     0x0000000000000000    0x1b411
 .debug_line    0x0000000000000000      0x8df ./Core/Src/adc.o
 .debug_line    0x00000000000008df      0x8fa ./Core/Src/can.o
 .debug_line    0x00000000000011d9      0x808 ./Core/Src/dma.o
 .debug_line    0x00000000000019e1      0x83d ./Core/Src/gpio.o
 .debug_line    0x000000000000221e     0x18e1 ./Core/Src/main.o
 .debug_line    0x0000000000003aff      0x8eb ./Core/Src/sdadc.o
 .debug_line    0x00000000000043ea      0x808 ./Core/Src/stm32f3xx_hal_msp.o
 .debug_line    0x0000000000004bf2      0x985 ./Core/Src/stm32f3xx_it.o
 .debug_line    0x0000000000005577      0x851 ./Core/Src/system_stm32f3xx.o
 .debug_line    0x0000000000005dc8      0x8e9 ./Core/Src/tim.o
 .debug_line    0x00000000000066b1      0x89d ./Core/Src/usart.o
 .debug_line    0x0000000000006f4e       0x7a ./Core/Startup/startup_stm32f373r8tx.o
 .debug_line    0x0000000000006fc8      0xa86 ./Drivers/STM32F3xx_HAL_Driver/Src/stm32f3xx_hal.o
 .debug_line    0x0000000000007a4e     0x143e ./Drivers/STM32F3xx_HAL_Driver/Src/stm32f3xx_hal_adc_ex.o
 .debug_line    0x0000000000008e8c     0x1228 ./Drivers/STM32F3xx_HAL_Driver/Src/stm32f3xx_hal_can.o
 .debug_line    0x000000000000a0b4      0xd79 ./Drivers/STM32F3xx_HAL_Driver/Src/stm32f3xx_hal_cortex.o
 .debug_line    0x000000000000ae2d      0xd9a ./Drivers/STM32F3xx_HAL_Driver/Src/stm32f3xx_hal_dma.o
 .debug_line    0x000000000000bbc7      0xb1c ./Drivers/STM32F3xx_HAL_Driver/Src/stm32f3xx_hal_flash.o
 .debug_line    0x000000000000c6e3      0xc7d ./Drivers/STM32F3xx_HAL_Driver/Src/stm32f3xx_hal_flash_ex.o
 .debug_line    0x000000000000d360      0xbe5 ./Drivers/STM32F3xx_HAL_Driver/Src/stm32f3xx_hal_gpio.o
 .debug_line    0x000000000000df45      0x8b2 ./Drivers/STM32F3xx_HAL_Driver/Src/stm32f3xx_hal_pwr_ex.o
 .debug_line    0x000000000000e7f7     0x1421 ./Drivers/STM32F3xx_HAL_Driver/Src/stm32f3xx_hal_rcc.o
 .debug_line    0x000000000000fc18      0xc63 ./Drivers/STM32F3xx_HAL_Driver/Src/stm32f3xx_hal_rcc_ex.o
 .debug_line    0x000000000001087b     0x1ba1 ./Drivers/STM32F3xx_HAL_Driver/Src/stm32f3xx_hal_sdadc.o
 .debug_line    0x000000000001241c     0x3819 ./Drivers/STM32F3xx_HAL_Driver/Src/stm32f3xx_hal_tim.o
 .debug_line    0x0000000000015c35     0x1a8c ./Drivers/STM32F3xx_HAL_Driver/Src/stm32f3xx_hal_tim_ex.o
 .debug_line    0x00000000000176c1     0x3167 ./Drivers/STM32F3xx_HAL_Driver/Src/stm32f3xx_hal_uart.o
 .debug_line    0x000000000001a828      0xbe9 ./Drivers/STM32F3xx_HAL_Driver/Src/stm32f3xx_hal_uart_ex.o

.debug_str      0x0000000000000000    0xadbd1
 .debug_str     0x0000000000000000    0xa7b31 ./Core/Src/adc.o
                                      0xa82b6 (size before relaxing)
 .debug_str     0x00000000000a7b31      0x757 ./Core/Src/can.o
                                      0xa876c (size before relaxing)
 .debug_str     0x00000000000a8288       0x29 ./Core/Src/dma.o
                                      0xa8224 (size before relaxing)
 .debug_str     0x00000000000a82b1       0x2c ./Core/Src/gpio.o
                                      0xa7eaf (size before relaxing)
 .debug_str     0x00000000000a82dd     0x1274 ./Core/Src/main.o
                                      0xa9823 (size before relaxing)
 .debug_str     0x00000000000a9551      0x140 ./Core/Src/sdadc.o
                                      0xa84ac (size before relaxing)
 .debug_str     0x00000000000a9691       0x2c ./Core/Src/stm32f3xx_hal_msp.o
                                      0xa7e20 (size before relaxing)
 .debug_str     0x00000000000a96bd      0x1a2 ./Core/Src/stm32f3xx_it.o
                                      0xa8a0b (size before relaxing)
 .debug_str     0x00000000000a985f       0xdf ./Core/Src/system_stm32f3xx.o
                                      0xa69b2 (size before relaxing)
 .debug_str     0x00000000000a993e      0x13c ./Core/Src/tim.o
                                      0xa8882 (size before relaxing)
 .debug_str     0x00000000000a9a7a       0x51 ./Core/Src/usart.o
                                      0xa87b9 (size before relaxing)
 .debug_str     0x00000000000a9acb       0x34 ./Core/Startup/startup_stm32f373r8tx.o
                                         0x66 (size before relaxing)
 .debug_str     0x00000000000a9aff      0x37f ./Drivers/STM32F3xx_HAL_Driver/Src/stm32f3xx_hal.o
                                      0xa7193 (size before relaxing)
 .debug_str     0x00000000000a9e7e      0x70b ./Drivers/STM32F3xx_HAL_Driver/Src/stm32f3xx_hal_adc_ex.o
                                      0xa7438 (size before relaxing)
 .debug_str     0x00000000000aa589      0x3f5 ./Drivers/STM32F3xx_HAL_Driver/Src/stm32f3xx_hal_can.o
                                      0xa7141 (size before relaxing)
 .debug_str     0x00000000000aa97e      0x339 ./Drivers/STM32F3xx_HAL_Driver/Src/stm32f3xx_hal_cortex.o
                                      0xa7217 (size before relaxing)
 .debug_str     0x00000000000aacb7      0x1fa ./Drivers/STM32F3xx_HAL_Driver/Src/stm32f3xx_hal_dma.o
                                      0xa6cfa (size before relaxing)
 .debug_str     0x00000000000aaeb1      0x253 ./Drivers/STM32F3xx_HAL_Driver/Src/stm32f3xx_hal_flash.o
                                      0xa6bff (size before relaxing)
 .debug_str     0x00000000000ab104      0x33f ./Drivers/STM32F3xx_HAL_Driver/Src/stm32f3xx_hal_flash_ex.o
                                      0xa6dfb (size before relaxing)
 .debug_str     0x00000000000ab443       0xfa ./Drivers/STM32F3xx_HAL_Driver/Src/stm32f3xx_hal_gpio.o
                                      0xa6af7 (size before relaxing)
 .debug_str     0x00000000000ab53d      0x134 ./Drivers/STM32F3xx_HAL_Driver/Src/stm32f3xx_hal_pwr_ex.o
                                      0xa6a59 (size before relaxing)
 .debug_str     0x00000000000ab671      0x29d ./Drivers/STM32F3xx_HAL_Driver/Src/stm32f3xx_hal_rcc.o
                                      0xa6e52 (size before relaxing)
 .debug_str     0x00000000000ab90e       0xbf ./Drivers/STM32F3xx_HAL_Driver/Src/stm32f3xx_hal_rcc_ex.o
                                      0xa6bb4 (size before relaxing)
 .debug_str     0x00000000000ab9cd      0x5e4 ./Drivers/STM32F3xx_HAL_Driver/Src/stm32f3xx_hal_sdadc.o
                                      0xa7532 (size before relaxing)
 .debug_str     0x00000000000abfb1      0xdc8 ./Drivers/STM32F3xx_HAL_Driver/Src/stm32f3xx_hal_tim.o
                                      0xa7d6a (size before relaxing)
 .debug_str     0x00000000000acd79      0x493 ./Drivers/STM32F3xx_HAL_Driver/Src/stm32f3xx_hal_tim_ex.o
                                      0xa7576 (size before relaxing)
 .debug_str     0x00000000000ad20c      0x80d ./Drivers/STM32F3xx_HAL_Driver/Src/stm32f3xx_hal_uart.o
                                      0xa76d5 (size before relaxing)
 .debug_str     0x00000000000ada19      0x1b8 ./Drivers/STM32F3xx_HAL_Driver/Src/stm32f3xx_hal_uart_ex.o
                                      0xa6fda (size before relaxing)

.debug_frame    0x0000000000000000     0x53d0
 .debug_frame   0x0000000000000000       0x7c ./Core/Src/adc.o
 .debug_frame   0x000000000000007c       0xd8 ./Core/Src/can.o
 .debug_frame   0x0000000000000154       0x34 ./Core/Src/dma.o
 .debug_frame   0x0000000000000188       0x34 ./Core/Src/gpio.o
 .debug_frame   0x00000000000001bc      0x3f8 ./Core/Src/main.o
 .debug_frame   0x00000000000005b4       0x7c ./Core/Src/sdadc.o
 .debug_frame   0x0000000000000630       0x38 ./Core/Src/stm32f3xx_hal_msp.o
 .debug_frame   0x0000000000000668      0x1d0 ./Core/Src/stm32f3xx_it.o
 .debug_frame   0x0000000000000838       0x58 ./Core/Src/system_stm32f3xx.o
 .debug_frame   0x0000000000000890       0xa0 ./Core/Src/tim.o
 .debug_frame   0x0000000000000930       0x74 ./Core/Src/usart.o
 .debug_frame   0x00000000000009a4      0x334 ./Drivers/STM32F3xx_HAL_Driver/Src/stm32f3xx_hal.o
 .debug_frame   0x0000000000000cd8      0x420 ./Drivers/STM32F3xx_HAL_Driver/Src/stm32f3xx_hal_adc_ex.o
 .debug_frame   0x00000000000010f8      0x5a0 ./Drivers/STM32F3xx_HAL_Driver/Src/stm32f3xx_hal_can.o
 .debug_frame   0x0000000000001698      0x4e8 ./Drivers/STM32F3xx_HAL_Driver/Src/stm32f3xx_hal_cortex.o
 .debug_frame   0x0000000000001b80      0x224 ./Drivers/STM32F3xx_HAL_Driver/Src/stm32f3xx_hal_dma.o
 .debug_frame   0x0000000000001da4      0x20c ./Drivers/STM32F3xx_HAL_Driver/Src/stm32f3xx_hal_flash.o
 .debug_frame   0x0000000000001fb0      0x258 ./Drivers/STM32F3xx_HAL_Driver/Src/stm32f3xx_hal_flash_ex.o
 .debug_frame   0x0000000000002208      0x14c ./Drivers/STM32F3xx_HAL_Driver/Src/stm32f3xx_hal_gpio.o
 .debug_frame   0x0000000000002354      0x104 ./Drivers/STM32F3xx_HAL_Driver/Src/stm32f3xx_hal_pwr_ex.o
 .debug_frame   0x0000000000002458      0x214 ./Drivers/STM32F3xx_HAL_Driver/Src/stm32f3xx_hal_rcc.o
 .debug_frame   0x000000000000266c       0xb0 ./Drivers/STM32F3xx_HAL_Driver/Src/stm32f3xx_hal_rcc_ex.o
 .debug_frame   0x000000000000271c      0x8d4 ./Drivers/STM32F3xx_HAL_Driver/Src/stm32f3xx_hal_sdadc.o
 .debug_frame   0x0000000000002ff0     0x11c0 ./Drivers/STM32F3xx_HAL_Driver/Src/stm32f3xx_hal_tim.o
 .debug_frame   0x00000000000041b0      0x638 ./Drivers/STM32F3xx_HAL_Driver/Src/stm32f3xx_hal_tim_ex.o
 .debug_frame   0x00000000000047e8      0x9e8 ./Drivers/STM32F3xx_HAL_Driver/Src/stm32f3xx_hal_uart.o
 .debug_frame   0x00000000000051d0      0x1b4 ./Drivers/STM32F3xx_HAL_Driver/Src/stm32f3xx_hal_uart_ex.o
 .debug_frame   0x0000000000005384       0x20 C:/ST/STM32CubeIDE_1.14.1/STM32CubeIDE/plugins/com.st.stm32cube.ide.mcu.externaltools.gnu-tools-for-stm32.11.3.rel1.win32_1.1.100.202309141235/tools/bin/../lib/gcc/arm-none-eabi/11.3.1/../../../../arm-none-eabi/lib/thumb/v7e-m+fp/hard\libc_nano.a(libc_a-memset.o)