Archive member included to satisfy reference by file (symbol)

C:/ST/STM32CubeIDE_1.14.1/STM32CubeIDE/plugins/com.st.stm32cube.ide.mcu.externaltools.gnu-tools-for-stm32.13.3.rel1.win32_1.0.0.202411081344/tools/bin/../lib/gcc/arm-none-eabi/13.3.1/../../../../arm-none-eabi/lib/thumb/v7e-m+fp/hard\libc_nano.a(libc_a-exit.o)
                              C:/ST/STM32CubeIDE_1.14.1/STM32CubeIDE/plugins/com.st.stm32cube.ide.mcu.externaltools.gnu-tools-for-stm32.13.3.rel1.win32_1.0.0.202411081344/tools/bin/../lib/gcc/arm-none-eabi/13.3.1/../../../../arm-none-eabi/lib/thumb/v7e-m+fp/hard/crt0.o (exit)
C:/ST/STM32CubeIDE_1.14.1/STM32CubeIDE/plugins/com.st.stm32cube.ide.mcu.externaltools.gnu-tools-for-stm32.13.3.rel1.win32_1.0.0.202411081344/tools/bin/../lib/gcc/arm-none-eabi/13.3.1/../../../../arm-none-eabi/lib/thumb/v7e-m+fp/hard\libc_nano.a(libc_a-findfp.o)
                              C:/ST/STM32CubeIDE_1.14.1/STM32CubeIDE/plugins/com.st.stm32cube.ide.mcu.externaltools.gnu-tools-for-stm32.13.3.rel1.win32_1.0.0.202411081344/tools/bin/../lib/gcc/arm-none-eabi/13.3.1/../../../../arm-none-eabi/lib/thumb/v7e-m+fp/hard\libc_nano.a(libc_a-exit.o) (__stdio_exit_handler)
C:/ST/STM32CubeIDE_1.14.1/STM32CubeIDE/plugins/com.st.stm32cube.ide.mcu.externaltools.gnu-tools-for-stm32.13.3.rel1.win32_1.0.0.202411081344/tools/bin/../lib/gcc/arm-none-eabi/13.3.1/../../../../arm-none-eabi/lib/thumb/v7e-m+fp/hard\libc_nano.a(libc_a-fwalk.o)
                              C:/ST/STM32CubeIDE_1.14.1/STM32CubeIDE/plugins/com.st.stm32cube.ide.mcu.externaltools.gnu-tools-for-stm32.13.3.rel1.win32_1.0.0.202411081344/tools/bin/../lib/gcc/arm-none-eabi/13.3.1/../../../../arm-none-eabi/lib/thumb/v7e-m+fp/hard\libc_nano.a(libc_a-findfp.o) (_fwalk_sglue)
C:/ST/STM32CubeIDE_1.14.1/STM32CubeIDE/plugins/com.st.stm32cube.ide.mcu.externaltools.gnu-tools-for-stm32.13.3.rel1.win32_1.0.0.202411081344/tools/bin/../lib/gcc/arm-none-eabi/13.3.1/../../../../arm-none-eabi/lib/thumb/v7e-m+fp/hard\libc_nano.a(libc_a-stdio.o)
                              C:/ST/STM32CubeIDE_1.14.1/STM32CubeIDE/plugins/com.st.stm32cube.ide.mcu.externaltools.gnu-tools-for-stm32.13.3.rel1.win32_1.0.0.202411081344/tools/bin/../lib/gcc/arm-none-eabi/13.3.1/../../../../arm-none-eabi/lib/thumb/v7e-m+fp/hard\libc_nano.a(libc_a-findfp.o) (__sread)
C:/ST/STM32CubeIDE_1.14.1/STM32CubeIDE/plugins/com.st.stm32cube.ide.mcu.externaltools.gnu-tools-for-stm32.13.3.rel1.win32_1.0.0.202411081344/tools/bin/../lib/gcc/arm-none-eabi/13.3.1/../../../../arm-none-eabi/lib/thumb/v7e-m+fp/hard\libc_nano.a(libc_a-memset.o)
                              C:/ST/STM32CubeIDE_1.14.1/STM32CubeIDE/plugins/com.st.stm32cube.ide.mcu.externaltools.gnu-tools-for-stm32.13.3.rel1.win32_1.0.0.202411081344/tools/bin/../lib/gcc/arm-none-eabi/13.3.1/../../../../arm-none-eabi/lib/thumb/v7e-m+fp/hard/crt0.o (memset)
C:/ST/STM32CubeIDE_1.14.1/STM32CubeIDE/plugins/com.st.stm32cube.ide.mcu.externaltools.gnu-tools-for-stm32.13.3.rel1.win32_1.0.0.202411081344/tools/bin/../lib/gcc/arm-none-eabi/13.3.1/../../../../arm-none-eabi/lib/thumb/v7e-m+fp/hard\libc_nano.a(libc_a-closer.o)
                              C:/ST/STM32CubeIDE_1.14.1/STM32CubeIDE/plugins/com.st.stm32cube.ide.mcu.externaltools.gnu-tools-for-stm32.13.3.rel1.win32_1.0.0.202411081344/tools/bin/../lib/gcc/arm-none-eabi/13.3.1/../../../../arm-none-eabi/lib/thumb/v7e-m+fp/hard\libc_nano.a(libc_a-stdio.o) (_close_r)
C:/ST/STM32CubeIDE_1.14.1/STM32CubeIDE/plugins/com.st.stm32cube.ide.mcu.externaltools.gnu-tools-for-stm32.13.3.rel1.win32_1.0.0.202411081344/tools/bin/../lib/gcc/arm-none-eabi/13.3.1/../../../../arm-none-eabi/lib/thumb/v7e-m+fp/hard\libc_nano.a(libc_a-reent.o)
                              C:/ST/STM32CubeIDE_1.14.1/STM32CubeIDE/plugins/com.st.stm32cube.ide.mcu.externaltools.gnu-tools-for-stm32.13.3.rel1.win32_1.0.0.202411081344/tools/bin/../lib/gcc/arm-none-eabi/13.3.1/../../../../arm-none-eabi/lib/thumb/v7e-m+fp/hard\libc_nano.a(libc_a-closer.o) (errno)
C:/ST/STM32CubeIDE_1.14.1/STM32CubeIDE/plugins/com.st.stm32cube.ide.mcu.externaltools.gnu-tools-for-stm32.13.3.rel1.win32_1.0.0.202411081344/tools/bin/../lib/gcc/arm-none-eabi/13.3.1/../../../../arm-none-eabi/lib/thumb/v7e-m+fp/hard\libc_nano.a(libc_a-impure.o)
                              C:/ST/STM32CubeIDE_1.14.1/STM32CubeIDE/plugins/com.st.stm32cube.ide.mcu.externaltools.gnu-tools-for-stm32.13.3.rel1.win32_1.0.0.202411081344/tools/bin/../lib/gcc/arm-none-eabi/13.3.1/../../../../arm-none-eabi/lib/thumb/v7e-m+fp/hard\libc_nano.a(libc_a-reent.o) (_impure_ptr)
C:/ST/STM32CubeIDE_1.14.1/STM32CubeIDE/plugins/com.st.stm32cube.ide.mcu.externaltools.gnu-tools-for-stm32.13.3.rel1.win32_1.0.0.202411081344/tools/bin/../lib/gcc/arm-none-eabi/13.3.1/../../../../arm-none-eabi/lib/thumb/v7e-m+fp/hard\libc_nano.a(libc_a-lseekr.o)
[...]
Memory Configuration

Name             Origin             Length             Attributes
RAM              0x20000000         0x00004000         xrw
FLASH            0x08000000         0x00010000         xr
*default*        0x00000000         0xffffffff

Linker script and memory map

LOAD C:/ST/STM32CubeIDE_1.14.1/STM32CubeIDE/plugins/com.st.stm32cube.ide.mcu.externaltools.gnu-tools-for-stm32.13.3.rel1.win32_1.0.0.202411081344/tools/bin/../lib/gcc/arm-none-eabi/13.3.1/thumb/v7e-m+fp/hard/crti.o
LOAD C:/ST/STM32CubeIDE_1.14.1/STM32CubeIDE/plugins/com.st.stm32cube.ide.mcu.externaltools.gnu-tools-for-stm32.13.3.rel1.win32_1.0.0.202411081344/tools/bin/../lib/gcc/arm-none-eabi/13.3.1/thumb/v7e-m+fp/hard/crtbegin.o
LOAD C:/ST/STM32CubeIDE_1.14.1/STM32CubeIDE/plugins/com.st.stm32cube.ide.mcu.externaltools.gnu-tools-for-stm32.13.3.rel1.win32_1.0.0.202411081344/tools/bin/../lib/gcc/arm-none-eabi/13.3.1/../../../../arm-none-eabi/lib/thumb/v7e-m+fp/hard/crt0.o
LOAD ./Core/Src/adc.o
LOAD ./Core/Src/can.o
LOAD ./Core/Src/dma.o
LOAD ./Core/Src/gpio.o
LOAD ./Core/Src/main.o
LOAD ./Core/Src/sdadc.o
LOAD ./Core/Src/stm32f3xx_hal_msp.o
LOAD ./Core/Src/stm32f3xx_it.o
LOAD ./Core/Src/syscalls.o
LOAD ./Core/Src/sysmem.o
LOAD ./Core/Src/system_stm32f3xx.o
LOAD ./Core/Src/tim.o
LOAD ./Core/Src/usart.o
LOAD ./Core/Startup/startup_stm32f373r8tx.o
LOAD ./Drivers/STM32F3xx_HAL_Driver/Src/stm32f3xx_hal.o
LOAD ./Drivers/STM32F3xx_HAL_Driver/Src/stm32f3xx_hal_adc.o
LOAD ./Drivers/STM32F3xx_HAL_Driver/Src/stm32f3xx_hal_adc_ex.o
LOAD ./Drivers/STM32F3xx_HAL_Driver/Src/stm32f3xx_hal_can.o
LOAD ./Drivers/STM32F3xx_HAL_Driver/Src/stm32f3xx_hal_cortex.o
LOAD ./Drivers/STM32F3xx_HAL_Driver/Src/stm32f3xx_hal_dma.o
LOAD ./Drivers/STM32F3xx_HAL_Driver/Src/stm32f3xx_hal_exti.o
LOAD ./Drivers/STM32F3xx_HAL_Driver/Src/stm32f3xx_hal_flash.o
LOAD ./Drivers/STM32F3xx_HAL_Driver/Src/stm32f3xx_hal_flash_ex.o
LOAD ./Drivers/STM32F3xx_HAL_Driver/Src/stm32f3xx_hal_gpio.o
LOAD ./Drivers/STM32F3xx_HAL_Driver/Src/stm32f3xx_hal_i2c.o
LOAD ./Drivers/STM32F3xx_HAL_Driver/Src/stm32f3xx_hal_i2c_ex.o
LOAD ./Drivers/STM32F3xx_HAL_Driver/Src/stm32f3xx_hal_pwr.o
LOAD ./Drivers/STM32F3xx_HAL_Driver/Src/stm32f3xx_hal_pwr_ex.o
LOAD ./Drivers/STM32F3xx_HAL_Driver/Src/stm32f3xx_hal_rcc.o
LOAD ./Drivers/STM32F3xx_HAL_Driver/Src/stm32f3xx_hal_rcc_ex.o
LOAD ./Drivers/STM32F3xx_HAL_Driver/Src/stm32f3xx_hal_sdadc.o
LOAD ./Drivers/STM32F3xx_HAL_Driver/Src/stm32f3xx_hal_tim.o
LOAD ./Drivers/STM32F3xx_HAL_Driver/Src/stm32f3xx_hal_tim_ex.o
LOAD ./Drivers/STM32F3xx_HAL_Driver/Src/stm32f3xx_hal_uart.o
LOAD ./Drivers/STM32F3xx_HAL_Driver/Src/stm32f3xx_hal_uart_ex.o
START GROUP
LOAD C:/ST/STM32CubeIDE_1.14.1/STM32CubeIDE/plugins/com.st.stm32cube.ide.mcu.externaltools.gnu-tools-for-stm32.13.3.rel1.win32_1.0.0.202411081344/tools/bin/../lib/gcc/arm-none-eabi/13.3.1/../../../../arm-none-eabi/lib/thumb/v7e-m+fp/hard\libc_nano.a
LOAD C:/ST/STM32CubeIDE_1.14.1/STM32CubeIDE/plugins/com.st.stm32cube.ide.mcu.externaltools.gnu-tools-for-stm32.13.3.rel1.win32_1.0.0.202411081344/tools/bin/../lib/gcc/arm-none-eabi/13.3.1/../../../../arm-none-eabi/lib/thumb/v7e-m+fp/hard\libm.a
END GROUP
START GROUP
LOAD C:/ST/STM32CubeIDE_1.14.1/STM32CubeIDE/plugins/com.st.stm32cube.ide.mcu.externaltools.gnu-tools-for-stm32.13.3.rel1.win32_1.0.0.202411081344/tools/bin/../lib/gcc/arm-none-eabi/13.3.1/thumb/v7e-m+fp/hard\libgcc.a
LOAD C:/ST/STM32CubeIDE_1.14.1/STM32CubeIDE/plugins/com.st.stm32cube.ide.mcu.externaltools.gnu-tools-for-stm32.13.3.rel1.win32_1.0.0.202411081344/tools/bin/../lib/gcc/arm-none-eabi/13.3.1/../../../../arm-none-eabi/lib/thumb/v7e-m+fp/hard\libc_nano.a
END GROUP
START GROUP
LOAD C:/ST/STM32CubeIDE_1.14.1/STM32CubeIDE/plugins/com.st.stm32cube.ide.mcu.externaltools.gnu-tools-for-stm32.13.3.rel1.win32_1.0.0.202411081344/tools/bin/../lib/gcc/arm-none-eabi/13.3.1/thumb/v7e-m+fp/hard\libgcc.a
LOAD C:/ST/STM32CubeIDE_1.14.1/STM32CubeIDE/plugins/com.st.stm32cube.ide.mcu.externaltools.gnu-tools-for-stm32.13.3.rel1.win32_1.0.0.202411081344/tools/bin/../lib/gcc/arm-none-eabi/13.3.1/../../../../arm-none-eabi/lib/thumb/v7e-m+fp/hard\libc_nano.a
LOAD C:/ST/STM32CubeIDE_1.14.1/STM32CubeIDE/plugins/com.st.stm32cube.ide.mcu.externaltools.gnu-tools-for-stm32.13.3.rel1.win32_1.0.0.202411081344/tools/bin/../lib/gcc/arm-none-eabi/13.3.1/../../../../arm-none-eabi/lib/thumb/v7e-m+fp/hard\libnosys.a
END GROUP
START GROUP
LOAD C:/ST/STM32CubeIDE_1.14.1/STM32CubeIDE/plugins/com.st.stm32cube.ide.mcu.externaltools.gnu-tools-for-stm32.13.3.rel1.win32_1.0.0.202411081344/tools/bin/../lib/gcc/arm-none-eabi/13.3.1/thumb/v7e-m+fp/hard\libgcc.a
LOAD C:/ST/STM32CubeIDE_1.14.1/STM32CubeIDE/plugins/com.st.stm32cube.ide.mcu.externaltools.gnu-tools-for-stm32.13.3.rel1.win32_1.0.0.202411081344/tools/bin/../lib/gcc/arm-none-eabi/13.3.1/../../../../arm-none-eabi/lib/thumb/v7e-m+fp/hard\libc_nano.a
LOAD C:/ST/STM32CubeIDE_1.14.1/STM32CubeIDE/plugins/com.st.stm32cube.ide.mcu.externaltools.gnu-tools-for-stm32.13.3.rel1.win32_1.0.0.202411081344/tools/bin/../lib/gcc/arm-none-eabi/13.3.1/../../../../arm-none-eabi/lib/thumb/v7e-m+fp/hard\libnosys.a
END GROUP
LOAD C:/ST/STM32CubeIDE_1.14.1/STM32CubeIDE/plugins/com.st.stm32cube.ide.mcu.externaltools.gnu-tools-for-stm32.13.3.rel1.win32_1.0.0.202411081344/tools/bin/../lib/gcc/arm-none-eabi/13.3.1/thumb/v7e-m+fp/hard/crtend.o
LOAD C:/ST/STM32CubeIDE_1.14.1/STM32CubeIDE/plugins/com.st.stm32cube.ide.mcu.externaltools.gnu-tools-for-stm32.13.3.rel1.win32_1.0.0.202411081344/tools/bin/../lib/gcc/arm-none-eabi/13.3.1/thumb/v7e-m+fp/hard/crtn.o
                0x20004000                        _estack = (ORIGIN (RAM) + LENGTH (RAM))
                0x00000200                        _Min_Heap_Size = 0x200
                0x00000400                        _Min_Stack_Size = 0x400

.isr_vector     0x08000000      0x188
                0x08000000                        . = ALIGN (0x4)
 *(.isr_vector)
 .isr_vector    0x08000000      0x188 ./Core/Startup/startup_stm32f373r8tx.o
                0x08000000                g_pfnVectors
                0x08000188                        . = ALIGN (0x4)

.text           0x08000188     0x8d9c
                0x08000188                        . = ALIGN (0x4)
 *(.text)
 .text          0x08000188       0x40 C:/ST/STM32CubeIDE_1.14.1/STM32CubeIDE/plugins/com.st.stm32cube.ide.mcu.externaltools.gnu-tools-for-stm32.13.3.rel1.win32_1.0.0.202411081344/tools/bin/../lib/gcc/arm-none-eabi/13.3.1/thumb/v7e-m+fp/hard/crtbegin.o
 *(.text*)
 .text.MX_ADC1_Init
                0x080001c8       0xd4 ./Core/Src/adc.o
                0x080001c8                MX_ADC1_Init
 .text.HAL_ADC_MspInit
                0x0800029c      0x140 ./Core/Src/adc.o
                0x0800029c                HAL_ADC_MspInit
 .text.MX_CAN_Init
                0x080003dc       0x6c ./Core/Src/can.o
                0x080003dc                MX_CAN_Init
 .text.HAL_CAN_MspInit
                0x08000448       0x98 ./Core/Src/can.o
                0x08000448                HAL_CAN_MspInit
 .text.CAN_ConfigFilter
                0x080004e0       0x58 ./Core/Src/can.o
                0x080004e0                CAN_ConfigFilter
 .text.CAN_StartIT
                0x08000538       0x30 ./Core/Src/can.o
                0x08000538                CAN_StartIT
 .text.MX_DMA_Init
                0x08000568       0x74 ./Core/Src/dma.o
                0x08000568                MX_DMA_Init
 .text.MX_GPIO_Init
                0x080005dc      0x144 ./Core/Src/gpio.o
                0x080005dc                MX_GPIO_Init
 .text.main     0x08000720       0xbc ./Core/Src/main.o
                0x08000720                main
 .text.SystemClock_Config
                0x080007dc       0xc6 ./Core/Src/main.o
                0x080007dc                SystemClock_Config
 *fill*         0x080008a2        0x2 
 .text.configurationSettings
                0x080008a4       0x40 ./Core/Src/main.o
                0x080008a4                configurationSettings
 .text.mainLoop
                0x080008e4       0x68 ./Core/Src/main.o
                0x080008e4                mainLoop
 .text.checkBootloader
                0x0800094c       0x5c ./Core/Src/main.o
                0x0800094c                checkBootloader
 .text.bootloaderCommand
                0x080009a8       0x80 ./Core/Src/main.o
                0x080009a8                bootloaderCommand
 .text.bootloaderInit
                0x08000a28       0x58 ./Core/Src/main.o
                0x08000a28                bootloaderInit
 .text.calculateAxisData
                0x08000a80      0x1b4 ./Core/Src/main.o
                0x08000a80                calculateAxisData
 .text.calculateJostickBorders
                0x08000c34       0xae ./Core/Src/main.o
                0x08000c34                calculateJostickBorders
 .text.averageAnalogInputs
                0x08000ce2       0x64 ./Core/Src/main.o
                0x08000ce2                averageAnalogInputs
 *fill*         0x08000d46        0x2 
 .text.SDADC_ScanConversion
                0x08000d48       0xb8 ./Core/Src/main.o
                0x08000d48                SDADC_ScanConversion
 .text.initDigitalInputs
                0x08000e00      0x27c ./Core/Src/main.o
                0x08000e00                initDigitalInputs
 .text.sampleDigitalInputs
                0x0800107c       0xce ./Core/Src/main.o
                0x0800107c                sampleDigitalInputs
 .text.readDigitalInputs
                0x0800114a       0x4c ./Core/Src/main.o
                0x0800114a                readDigitalInputs
 *fill*         0x08001196        0x2 
 .text.getDigitalInputs
                0x08001198       0x14 ./Core/Src/main.o
                0x08001198                getDigitalInputs
 .text.sendUartFrame
                0x080011ac      0x590 ./Core/Src/main.o
                0x080011ac                sendUartFrame
 .text.eraseFlashUserConf
                0x0800173c       0x40 ./Core/Src/main.o
                0x0800173c                eraseFlashUserConf
 .text.refreshFlashUserConf
                0x0800177c      0x14c ./Core/Src/main.o
                0x0800177c                refreshFlashUserConf
 .text.readFlashUserConf
                0x080018c8       0xb0 ./Core/Src/main.o
                0x080018c8                readFlashUserConf
 .text.loadDefaultValues
                0x08001978       0xb0 ./Core/Src/main.o
                0x08001978                loadDefaultValues
 .text.sendAckUart
                0x08001a28       0x44 ./Core/Src/main.o
                0x08001a28                sendAckUart
 .text.sendAckCan
                0x08001a6c       0x6c ./Core/Src/main.o
                0x08001a6c                sendAckCan
 .text.checkCommand
                0x08001ad8      0xadc ./Core/Src/main.o
                0x08001ad8                checkCommand
 .text.HAL_CAN_RxFifo0MsgPendingCallback
                0x080025b4       0x90 ./Core/Src/main.o
                0x080025b4                HAL_CAN_RxFifo0MsgPendingCallback
 .text.HAL_UART_RxCpltCallback
                0x08002644       0xf8 ./Core/Src/main.o
                0x08002644                HAL_UART_RxCpltCallback
 .text.writeDefaultConfigPage
                0x0800273c      0x1b8 ./Core/Src/main.o
                0x0800273c                writeDefaultConfigPage
 .text.Error_Handler
                0x080028f4        0xc ./Core/Src/main.o
                0x080028f4                Error_Handler
 .text.MX_SDADC1_Init
                0x08002900      0x11c ./Core/Src/sdadc.o
                0x08002900                MX_SDADC1_Init
 .text.HAL_SDADC_MspInit
                0x08002a1c      0x110 ./Core/Src/sdadc.o
                0x08002a1c                HAL_SDADC_MspInit
 .text.HAL_MspInit
                0x08002b2c       0x48 ./Core/Src/stm32f3xx_hal_msp.o
                0x08002b2c                HAL_MspInit
 .text.NMI_Handler
                0x08002b74        0x8 ./Core/Src/stm32f3xx_it.o
                0x08002b74                NMI_Handler
 .text.HardFault_Handler
                0x08002b7c        0x8 ./Core/Src/stm32f3xx_it.o
                0x08002b7c                HardFault_Handler
 .text.MemManage_Handler
                0x08002b84        0x8 ./Core/Src/stm32f3xx_it.o
                0x08002b84                MemManage_Handler
 .text.BusFault_Handler
                0x08002b8c        0x8 ./Core/Src/stm32f3xx_it.o
                0x08002b8c                BusFault_Handler
 .text.UsageFault_Handler
                0x08002b94        0x8 ./Core/Src/stm32f3xx_it.o
                0x08002b94                UsageFault_Handler
 .text.SVC_Handler
                0x08002b9c        0xe ./Core/Src/stm32f3xx_it.o
                0x08002b9c                SVC_Handler
 .text.DebugMon_Handler
                0x08002baa        0xe ./Core/Src/stm32f3xx_it.o
                0x08002baa                DebugMon_Handler
 .text.PendSV_Handler
                0x08002bb8        0xe ./Core/Src/stm32f3xx_it.o
                0x08002bb8                PendSV_Handler
 .text.SysTick_Handler
                0x08002bc6        0xc ./Core/Src/stm32f3xx_it.o
                0x08002bc6                SysTick_Handler
 *fill*         0x08002bd2        0x2 
 .text.DMA1_Channel1_IRQHandler
                0x08002bd4       0x14 ./Core/Src/stm32f3xx_it.o
                0x08002bd4                DMA1_Channel1_IRQHandler
 .text.DMA1_Channel5_IRQHandler
                0x08002be8       0x14 ./Core/Src/stm32f3xx_it.o
                0x08002be8                DMA1_Channel5_IRQHandler
 .text.CAN_RX0_IRQHandler
                0x08002bfc       0x14 ./Core/Src/stm32f3xx_it.o
                0x08002bfc                CAN_RX0_IRQHandler
 .text.TIM2_IRQHandler
                0x08002c10       0x3c ./Core/Src/stm32f3xx_it.o
                0x08002c10                TIM2_IRQHandler
 .text.TIM3_IRQHandler
                0x08002c4c       0x28 ./Core/Src/stm32f3xx_it.o
                0x08002c4c                TIM3_IRQHandler
 .text.USART1_IRQHandler
                0x08002c74       0x14 ./Core/Src/stm32f3xx_it.o
                0x08002c74                USART1_IRQHandler
 .text.DMA2_Channel3_IRQHandler
                0x08002c88       0x14 ./Core/Src/stm32f3xx_it.o
                0x08002c88                DMA2_Channel3_IRQHandler
 .text.SystemInit
                0x08002c9c       0x24 ./Core/Src/system_stm32f3xx.o
                0x08002c9c                SystemInit
 .text.MX_TIM2_Init
                0x08002cc0       0x98 ./Core/Src/tim.o
                0x08002cc0                MX_TIM2_Init
 .text.MX_TIM3_Init
                0x08002d58       0x9c ./Core/Src/tim.o
                0x08002d58                MX_TIM3_Init
 .text.HAL_TIM_Base_MspInit
                0x08002df4       0x80 ./Core/Src/tim.o
                0x08002df4                HAL_TIM_Base_MspInit
 .text.MX_USART1_UART_Init
                0x08002e74       0x60 ./Core/Src/usart.o
                0x08002e74                MX_USART1_UART_Init
 .text.HAL_UART_MspInit
                0x08002ed4       0xf0 ./Core/Src/usart.o
                0x08002ed4                HAL_UART_MspInit
 .text.Reset_Handler
                0x08002fc4       0x50 ./Core/Startup/startup_stm32f373r8tx.o
                0x08002fc4                Reset_Handler
 .text.Default_Handler
                0x08003014        0x2 ./Core/Startup/startup_stm32f373r8tx.o
                0x08003014                RTC_Alarm_IRQHandler
                0x08003014                USB_HP_IRQHandler
                0x08003014                PVD_IRQHandler
                0x08003014                TAMP_STAMP_IRQHandler
                0x08003014                EXTI3_IRQHandler
                0x08003014                EXTI0_IRQHandler
                0x08003014                I2C2_EV_IRQHandler
                0x08003014                FPU_IRQHandler
                0x08003014                CAN_TX_IRQHandler
                0x08003014                SPI1_IRQHandler
                0x08003014                CAN_SCE_IRQHandler
                0x08003014                DMA2_Channel2_IRQHandler
                0x08003014                DMA1_Channel4_IRQHandler
                0x08003014                ADC1_IRQHandler
                0x08003014                TIM17_IRQHandler
                0x08003014                USART3_IRQHandler
                0x08003014                DMA1_Channel7_IRQHandler
                0x08003014                TIM4_IRQHandler
                0x08003014                CAN_RX1_IRQHandler
                0x08003014                DMA2_Channel1_IRQHandler
                0x08003014                I2C1_EV_IRQHandler
                0x08003014                DMA1_Channel6_IRQHandler
                0x08003014                TIM16_IRQHandler
                0x08003014                DMA2_Channel4_IRQHandler
                0x08003014                RCC_IRQHandler
                0x08003014                Default_Handler
                0x08003014                CEC_IRQHandler
                0x08003014                EXTI15_10_IRQHandler
                0x08003014                TIM14_IRQHandler
                0x08003014                TIM13_IRQHandler
                0x08003014                TIM12_IRQHandler
                0x08003014                TIM7_IRQHandler
                0x08003014                TIM5_IRQHandler
                0x08003014                SDADC2_IRQHandler
                0x08003014                TIM15_IRQHandler
                0x08003014                TIM6_DAC1_IRQHandler
                0x08003014                EXTI9_5_IRQHandler
                0x08003014                RTC_WKUP_IRQHandler
                0x08003014                SPI2_IRQHandler
                0x08003014                DMA2_Channel5_IRQHandler
                0x08003014                USB_LP_IRQHandler
                0x08003014                EXTI4_IRQHandler
                0x08003014                TIM18_DAC2_IRQHandler
                0x08003014                DMA1_Channel3_IRQHandler
                0x08003014                COMP_IRQHandler
                0x08003014                WWDG_IRQHandler
                0x08003014                SDADC1_IRQHandler
                0x08003014                EXTI1_IRQHandler
                0x08003014                SDADC3_IRQHandler
                0x08003014                USART2_IRQHandler
                0x08003014                TIM19_IRQHandler
                0x08003014                I2C2_ER_IRQHandler
                0x08003014                DMA1_Channel2_IRQHandler
                0x08003014                FLASH_IRQHandler
                0x08003014                SPI3_IRQHandler
                0x08003014                I2C1_ER_IRQHandler
                0x08003014                USBWakeUp_IRQHandler
                0x08003014                EXTI2_TSC_IRQHandler
 *fill*         0x08003016        0x2 
 .text.HAL_Init
                0x08003018       0x2c ./Drivers/STM32F3xx_HAL_Driver/Src/stm32f3xx_hal.o
                0x08003018                HAL_Init
 .text.HAL_InitTick
                0x08003044       0x60 ./Drivers/STM32F3xx_HAL_Driver/Src/stm32f3xx_hal.o
                0x08003044                HAL_InitTick
 .text.HAL_IncTick
                0x080030a4       0x28 ./Drivers/STM32F3xx_HAL_Driver/Src/stm32f3xx_hal.o
                0x080030a4                HAL_IncTick
 .text.HAL_GetTick
                0x080030cc       0x18 ./Drivers/STM32F3xx_HAL_Driver/Src/stm32f3xx_hal.o
                0x080030cc                HAL_GetTick
 .text.HAL_Delay
                0x080030e4       0x48 ./Drivers/STM32F3xx_HAL_Driver/Src/stm32f3xx_hal.o
                0x080030e4                HAL_Delay
 .text.HAL_ADC_Init
                0x0800312c      0x1b0 ./Drivers/STM32F3xx_HAL_Driver/Src/stm32f3xx_hal_adc_ex.o
                0x0800312c                HAL_ADC_Init
 .text.HAL_ADCEx_Calibration_Start
                0x080032dc      0x13c ./Drivers/STM32F3xx_HAL_Driver/Src/stm32f3xx_hal_adc_ex.o
                0x080032dc                HAL_ADCEx_Calibration_Start
 .text.HAL_ADC_ConfigChannel
                0x08003418      0x1e0 ./Drivers/STM32F3xx_HAL_Driver/Src/stm32f3xx_hal_adc_ex.o
                0x08003418                HAL_ADC_ConfigChannel
 .text.ADC_Enable
                0x080035f8       0xb4 ./Drivers/STM32F3xx_HAL_Driver/Src/stm32f3xx_hal_adc_ex.o
 .text.ADC_ConversionStop_Disable
                0x080036ac       0x82 ./Drivers/STM32F3xx_HAL_Driver/Src/stm32f3xx_hal_adc_ex.o
 .text.HAL_CAN_Init
                0x0800372e      0x1f6 ./Drivers/STM32F3xx_HAL_Driver/Src/stm32f3xx_hal_can.o
                0x0800372e                HAL_CAN_Init
 .text.HAL_CAN_ConfigFilter
                0x08003924      0x194 ./Drivers/STM32F3xx_HAL_Driver/Src/stm32f3xx_hal_can.o
                0x08003924                HAL_CAN_ConfigFilter
 .text.HAL_CAN_Start
                0x08003ab8       0x88 ./Drivers/STM32F3xx_HAL_Driver/Src/stm32f3xx_hal_can.o
                0x08003ab8                HAL_CAN_Start
 .text.HAL_CAN_AddTxMessage
                0x08003b40      0x1a0 ./Drivers/STM32F3xx_HAL_Driver/Src/stm32f3xx_hal_can.o
                0x08003b40                HAL_CAN_AddTxMessage
 .text.HAL_CAN_GetRxMessage
                0x08003ce0      0x244 ./Drivers/STM32F3xx_HAL_Driver/Src/stm32f3xx_hal_can.o
                0x08003ce0                HAL_CAN_GetRxMessage
 .text.HAL_CAN_ActivateNotification
                0x08003f24       0x4c ./Drivers/STM32F3xx_HAL_Driver/Src/stm32f3xx_hal_can.o
                0x08003f24                HAL_CAN_ActivateNotification
 .text.HAL_CAN_IRQHandler
                0x08003f70      0x36e ./Drivers/STM32F3xx_HAL_Driver/Src/stm32f3xx_hal_can.o
                0x08003f70                HAL_CAN_IRQHandler
 .text.HAL_CAN_TxMailbox0CompleteCallback
                0x080042de       0x14 ./Drivers/STM32F3xx_HAL_Driver/Src/stm32f3xx_hal_can.o
                0x080042de                HAL_CAN_TxMailbox0CompleteCallback
 .text.HAL_CAN_TxMailbox1CompleteCallback
                0x080042f2       0x14 ./Drivers/STM32F3xx_HAL_Driver/Src/stm32f3xx_hal_can.o
                0x080042f2                HAL_CAN_TxMailbox1CompleteCallback
 .text.HAL_CAN_TxMailbox2CompleteCallback
                0x08004306       0x14 ./Drivers/STM32F3xx_HAL_Driver/Src/stm32f3xx_hal_can.o
                0x08004306                HAL_CAN_TxMailbox2CompleteCallback
 .text.HAL_CAN_TxMailbox0AbortCallback
                0x0800431a       0x14 ./Drivers/STM32F3xx_HAL_Driver/Src/stm32f3xx_hal_can.o
                0x0800431a                HAL_CAN_TxMailbox0AbortCallback
 .text.HAL_CAN_TxMailbox1AbortCallback
                0x0800432e       0x14 ./Drivers/STM32F3xx_HAL_Driver/Src/stm32f3xx_hal_can.o
                0x0800432e                HAL_CAN_TxMailbox1AbortCallback
 .text.HAL_CAN_TxMailbox2AbortCallback
                0x08004342       0x14 ./Drivers/STM32F3xx_HAL_Driver/Src/stm32f3xx_hal_can.o
                0x08004342                HAL_CAN_TxMailbox2AbortCallback
 .text.HAL_CAN_RxFifo0FullCallback
                0x08004356       0x14 ./Drivers/STM32F3xx_HAL_Driver/Src/stm32f3xx_hal_can.o
                0x08004356                HAL_CAN_RxFifo0FullCallback
 .text.HAL_CAN_RxFifo1MsgPendingCallback
                0x0800436a       0x14 ./Drivers/STM32F3xx_HAL_Driver/Src/stm32f3xx_hal_can.o
                0x0800436a                HAL_CAN_RxFifo1MsgPendingCallback
 .text.HAL_CAN_RxFifo1FullCallback
                0x0800437e       0x14 ./Drivers/STM32F3xx_HAL_Driver/Src/stm32f3xx_hal_can.o
                0x0800437e                HAL_CAN_RxFifo1FullCallback
 .text.HAL_CAN_SleepCallback
                0x08004392       0x14 ./Drivers/STM32F3xx_HAL_Driver/Src/stm32f3xx_hal_can.o
                0x08004392                HAL_CAN_SleepCallback
 .text.HAL_CAN_WakeUpFromRxMsgCallback
                0x080043a6       0x14 ./Drivers/STM32F3xx_HAL_Driver/Src/stm32f3xx_hal_can.o
                0x080043a6                HAL_CAN_WakeUpFromRxMsgCallback
 .text.HAL_CAN_ErrorCallback
                0x080043ba       0x14 ./Drivers/STM32F3xx_HAL_Driver/Src/stm32f3xx_hal_can.o
                0x080043ba                HAL_CAN_ErrorCallback
 *fill*         0x080043ce        0x2 
 .text.__NVIC_SetPriorityGrouping
                0x080043d0       0x48 ./Drivers/STM32F3xx_HAL_Driver/Src/stm32f3xx_hal_cortex.o
 .text.__NVIC_GetPriorityGrouping
                0x08004418       0x1c ./Drivers/STM32F3xx_HAL_Driver/Src/stm32f3xx_hal_cortex.o
 .text.__NVIC_EnableIRQ
                0x08004434       0x3c ./Drivers/STM32F3xx_HAL_Driver/Src/stm32f3xx_hal_cortex.o
 .text.__NVIC_SetPriority
                0x08004470       0x54 ./Drivers/STM32F3xx_HAL_Driver/Src/stm32f3xx_hal_cortex.o
 .text.NVIC_EncodePriority
                0x080044c4       0x66 ./Drivers/STM32F3xx_HAL_Driver/Src/stm32f3xx_hal_cortex.o
 *fill*         0x0800452a        0x2 
 .text.__NVIC_SystemReset
                0x0800452c       0x2c ./Drivers/STM32F3xx_HAL_Driver/Src/stm32f3xx_hal_cortex.o
 .text.SysTick_Config
                0x08004558       0x44 ./Drivers/STM32F3xx_HAL_Driver/Src/stm32f3xx_hal_cortex.o
 .text.HAL_NVIC_SetPriorityGrouping
                0x0800459c       0x16 ./Drivers/STM32F3xx_HAL_Driver/Src/stm32f3xx_hal_cortex.o
                0x0800459c                HAL_NVIC_SetPriorityGrouping
 .text.HAL_NVIC_SetPriority
                0x080045b2       0x38 ./Drivers/STM32F3xx_HAL_Driver/Src/stm32f3xx_hal_cortex.o
                0x080045b2                HAL_NVIC_SetPriority
 .text.HAL_NVIC_EnableIRQ
                0x080045ea       0x1c ./Drivers/STM32F3xx_HAL_Driver/Src/stm32f3xx_hal_cortex.o
                0x080045ea                HAL_NVIC_EnableIRQ
 .text.HAL_NVIC_SystemReset
                0x08004606        0x8 ./Drivers/STM32F3xx_HAL_Driver/Src/stm32f3xx_hal_cortex.o
                0x08004606                HAL_NVIC_SystemReset
 .text.HAL_SYSTICK_Config
                0x0800460e       0x18 ./Drivers/STM32F3xx_HAL_Driver/Src/stm32f3xx_hal_cortex.o
                0x0800460e                HAL_SYSTICK_Config
 .text.HAL_DMA_Init
                0x08004626       0x8e ./Drivers/STM32F3xx_HAL_Driver/Src/stm32f3xx_hal_dma.o
                0x08004626                HAL_DMA_Init
 .text.HAL_DMA_Start_IT
                0x080046b4       0xbe ./Drivers/STM32F3xx_HAL_Driver/Src/stm32f3xx_hal_dma.o
                0x080046b4                HAL_DMA_Start_IT
 .text.HAL_DMA_Abort
                0x08004772       0x7c ./Drivers/STM32F3xx_HAL_Driver/Src/stm32f3xx_hal_dma.o
                0x08004772                HAL_DMA_Abort
 .text.HAL_DMA_Abort_IT
                0x080047ee       0x7c ./Drivers/STM32F3xx_HAL_Driver/Src/stm32f3xx_hal_dma.o
                0x080047ee                HAL_DMA_Abort_IT
 .text.HAL_DMA_IRQHandler
                0x0800486a      0x146 ./Drivers/STM32F3xx_HAL_Driver/Src/stm32f3xx_hal_dma.o
                0x0800486a                HAL_DMA_IRQHandler
 .text.DMA_SetConfig
                0x080049b0       0x5c ./Drivers/STM32F3xx_HAL_Driver/Src/stm32f3xx_hal_dma.o
 .text.DMA_CalcBaseAndBitshift
                0x08004a0c       0x78 ./Drivers/STM32F3xx_HAL_Driver/Src/stm32f3xx_hal_dma.o
 .text.HAL_FLASH_Program
                0x08004a84       0xe0 ./Drivers/STM32F3xx_HAL_Driver/Src/stm32f3xx_hal_flash.o
                0x08004a84                HAL_FLASH_Program
 .text.HAL_FLASH_Unlock
                0x08004b64       0x4c ./Drivers/STM32F3xx_HAL_Driver/Src/stm32f3xx_hal_flash.o
                0x08004b64                HAL_FLASH_Unlock
 .text.HAL_FLASH_Lock
                0x08004bb0       0x20 ./Drivers/STM32F3xx_HAL_Driver/Src/stm32f3xx_hal_flash.o
                0x08004bb0                HAL_FLASH_Lock
 .text.FLASH_Program_HalfWord
                0x08004bd0       0x38 ./Drivers/STM32F3xx_HAL_Driver/Src/stm32f3xx_hal_flash.o
 .text.FLASH_WaitForLastOperation
                0x08004c08       0x80 ./Drivers/STM32F3xx_HAL_Driver/Src/stm32f3xx_hal_flash.o
                0x08004c08                FLASH_WaitForLastOperation
 .text.FLASH_SetErrorCode
                0x08004c88       0x64 ./Drivers/STM32F3xx_HAL_Driver/Src/stm32f3xx_hal_flash.o
 .text.HAL_FLASHEx_Erase
                0x08004cec       0xd4 ./Drivers/STM32F3xx_HAL_Driver/Src/stm32f3xx_hal_flash_ex.o
                0x08004cec                HAL_FLASHEx_Erase
 .text.FLASH_MassErase
                0x08004dc0       0x34 ./Drivers/STM32F3xx_HAL_Driver/Src/stm32f3xx_hal_flash_ex.o
 .text.FLASH_PageErase
                0x08004df4       0x40 ./Drivers/STM32F3xx_HAL_Driver/Src/stm32f3xx_hal_flash_ex.o
                0x08004df4                FLASH_PageErase
 .text.HAL_GPIO_Init
                0x08004e34      0x2f4 ./Drivers/STM32F3xx_HAL_Driver/Src/stm32f3xx_hal_gpio.o
                0x08004e34                HAL_GPIO_Init
 .text.HAL_GPIO_ReadPin
                0x08005128       0x30 ./Drivers/STM32F3xx_HAL_Driver/Src/stm32f3xx_hal_gpio.o
                0x08005128                HAL_GPIO_ReadPin
 .text.HAL_PWREx_EnableSDADC
                0x08005158       0x40 ./Drivers/STM32F3xx_HAL_Driver/Src/stm32f3xx_hal_pwr_ex.o
                0x08005158                HAL_PWREx_EnableSDADC
 .text.HAL_RCC_DeInit
                0x08005198      0x148 ./Drivers/STM32F3xx_HAL_Driver/Src/stm32f3xx_hal_rcc.o
                0x08005198                HAL_RCC_DeInit
 .text.HAL_RCC_OscConfig
                0x080052e0     0x101c ./Drivers/STM32F3xx_HAL_Driver/Src/stm32f3xx_hal_rcc.o
                0x080052e0                HAL_RCC_OscConfig
 .text.HAL_RCC_ClockConfig
                0x080062fc      0x2dc ./Drivers/STM32F3xx_HAL_Driver/Src/stm32f3xx_hal_rcc.o
                0x080062fc                HAL_RCC_ClockConfig
 .text.HAL_RCC_GetSysClockFreq
                0x080065d8       0xac ./Drivers/STM32F3xx_HAL_Driver/Src/stm32f3xx_hal_rcc.o
                0x080065d8                HAL_RCC_GetSysClockFreq
 .text.HAL_RCC_GetHCLKFreq
                0x08006684       0x18 ./Drivers/STM32F3xx_HAL_Driver/Src/stm32f3xx_hal_rcc.o
                0x08006684                HAL_RCC_GetHCLKFreq
 .text.HAL_RCC_GetPCLK1Freq
                0x0800669c       0x44 ./Drivers/STM32F3xx_HAL_Driver/Src/stm32f3xx_hal_rcc.o
                0x0800669c                HAL_RCC_GetPCLK1Freq
 .text.HAL_RCC_GetPCLK2Freq
                0x080066e0       0x44 ./Drivers/STM32F3xx_HAL_Driver/Src/stm32f3xx_hal_rcc.o
                0x080066e0                HAL_RCC_GetPCLK2Freq
 .text.HAL_RCCEx_PeriphCLKConfig
                0x08006724      0x2e4 ./Drivers/STM32F3xx_HAL_Driver/Src/stm32f3xx_hal_rcc_ex.o
                0x08006724                HAL_RCCEx_PeriphCLKConfig
 .text.HAL_SDADC_Init
                0x08006a08      0x120 ./Drivers/STM32F3xx_HAL_Driver/Src/stm32f3xx_hal_sdadc.o
                0x08006a08                HAL_SDADC_Init
 .text.HAL_SDADC_PrepareChannelConfig
                0x08006b28       0x76 ./Drivers/STM32F3xx_HAL_Driver/Src/stm32f3xx_hal_sdadc.o
                0x08006b28                HAL_SDADC_PrepareChannelConfig
 *fill*         0x08006b9e        0x2 
 .text.HAL_SDADC_AssociateChannelConfig
                0x08006ba0       0xa0 ./Drivers/STM32F3xx_HAL_Driver/Src/stm32f3xx_hal_sdadc.o
                0x08006ba0                HAL_SDADC_AssociateChannelConfig
 .text.HAL_SDADC_ConfigChannel
                0x08006c40       0x88 ./Drivers/STM32F3xx_HAL_Driver/Src/stm32f3xx_hal_sdadc.o
                0x08006c40                HAL_SDADC_ConfigChannel
 .text.HAL_SDADC_InjectedConfigChannel
                0x08006cc8       0x78 ./Drivers/STM32F3xx_HAL_Driver/Src/stm32f3xx_hal_sdadc.o
                0x08006cc8                HAL_SDADC_InjectedConfigChannel
 .text.HAL_SDADC_SelectInjectedTrigger
                0x08006d40       0x60 ./Drivers/STM32F3xx_HAL_Driver/Src/stm32f3xx_hal_sdadc.o
                0x08006d40                HAL_SDADC_SelectInjectedTrigger
 .text.HAL_SDADC_SelectInjectedDelay
                0x08006da0       0x68 ./Drivers/STM32F3xx_HAL_Driver/Src/stm32f3xx_hal_sdadc.o
                0x08006da0                HAL_SDADC_SelectInjectedDelay
 .text.HAL_SDADC_CalibrationStart
                0x08006e08       0x80 ./Drivers/STM32F3xx_HAL_Driver/Src/stm32f3xx_hal_sdadc.o
                0x08006e08                HAL_SDADC_CalibrationStart
 .text.HAL_SDADC_PollForCalibEvent
                0x08006e88       0x72 ./Drivers/STM32F3xx_HAL_Driver/Src/stm32f3xx_hal_sdadc.o
                0x08006e88                HAL_SDADC_PollForCalibEvent
 .text.HAL_SDADC_Start
                0x08006efa       0x36 ./Drivers/STM32F3xx_HAL_Driver/Src/stm32f3xx_hal_sdadc.o
                0x08006efa                HAL_SDADC_Start
 .text.HAL_SDADC_PollForConversion
                0x08006f30       0xb4 ./Drivers/STM32F3xx_HAL_Driver/Src/stm32f3xx_hal_sdadc.o
                0x08006f30                HAL_SDADC_PollForConversion
 .text.HAL_SDADC_Stop
                0x08006fe4       0x36 ./Drivers/STM32F3xx_HAL_Driver/Src/stm32f3xx_hal_sdadc.o
                0x08006fe4                HAL_SDADC_Stop
 .text.HAL_SDADC_GetValue
                0x0800701a       0x1a ./Drivers/STM32F3xx_HAL_Driver/Src/stm32f3xx_hal_sdadc.o
                0x0800701a                HAL_SDADC_GetValue
 .text.HAL_SDADC_ErrorCallback
                0x08007034       0x14 ./Drivers/STM32F3xx_HAL_Driver/Src/stm32f3xx_hal_sdadc.o
                0x08007034                HAL_SDADC_ErrorCallback
 .text.SDADC_EnterInitMode
                0x08007048       0x46 ./Drivers/STM32F3xx_HAL_Driver/Src/stm32f3xx_hal_sdadc.o
 .text.SDADC_ExitInitMode
                0x0800708e       0x24 ./Drivers/STM32F3xx_HAL_Driver/Src/stm32f3xx_hal_sdadc.o
 .text.SDADC_GetInjChannelsNbr
                0x080070b2       0x48 ./Drivers/STM32F3xx_HAL_Driver/Src/stm32f3xx_hal_sdadc.o
 .text.SDADC_RegConvStart
                0x080070fa       0x7c ./Drivers/STM32F3xx_HAL_Driver/Src/stm32f3xx_hal_sdadc.o
 .text.SDADC_RegConvStop
                0x08007176       0xe2 ./Drivers/STM32F3xx_HAL_Driver/Src/stm32f3xx_hal_sdadc.o
 .text.HAL_TIM_Base_Init
                0x08007258       0x9e ./Drivers/STM32F3xx_HAL_Driver/Src/stm32f3xx_hal_tim.o
                0x08007258                HAL_TIM_Base_Init
 *fill*         0x080072f6        0x2 
 .text.HAL_TIM_Base_Start_IT
                0x080072f8       0xd0 ./Drivers/STM32F3xx_HAL_Driver/Src/stm32f3xx_hal_tim.o
                0x080072f8                HAL_TIM_Base_Start_IT
 .text.HAL_TIM_IRQHandler
                0x080073c8      0x1e0 ./Drivers/STM32F3xx_HAL_Driver/Src/stm32f3xx_hal_tim.o
                0x080073c8                HAL_TIM_IRQHandler
 .text.HAL_TIM_ConfigClockSource
                0x080075a8      0x18e ./Drivers/STM32F3xx_HAL_Driver/Src/stm32f3xx_hal_tim.o
                0x080075a8                HAL_TIM_ConfigClockSource
 .text.HAL_TIM_PeriodElapsedCallback
                0x08007736       0x14 ./Drivers/STM32F3xx_HAL_Driver/Src/stm32f3xx_hal_tim.o
                0x08007736                HAL_TIM_PeriodElapsedCallback
 .text.HAL_TIM_OC_DelayElapsedCallback
                0x0800774a       0x14 ./Drivers/STM32F3xx_HAL_Driver/Src/stm32f3xx_hal_tim.o
                0x0800774a                HAL_TIM_OC_DelayElapsedCallback
 .text.HAL_TIM_IC_CaptureCallback
                0x0800775e       0x14 ./Drivers/STM32F3xx_HAL_Driver/Src/stm32f3xx_hal_tim.o
                0x0800775e                HAL_TIM_IC_CaptureCallback
 .text.HAL_TIM_PWM_PulseFinishedCallback
                0x08007772       0x14 ./Drivers/STM32F3xx_HAL_Driver/Src/stm32f3xx_hal_tim.o
                0x08007772                HAL_TIM_PWM_PulseFinishedCallback
 .text.HAL_TIM_TriggerCallback
                0x08007786       0x14 ./Drivers/STM32F3xx_HAL_Driver/Src/stm32f3xx_hal_tim.o
                0x08007786                HAL_TIM_TriggerCallback
 *fill*         0x0800779a        0x2 
 .text.TIM_Base_SetConfig
                0x0800779c      0x14c ./Drivers/STM32F3xx_HAL_Driver/Src/stm32f3xx_hal_tim.o
                0x0800779c                TIM_Base_SetConfig
 .text.TIM_TI1_ConfigInputStage
                0x080078e8       0x5e ./Drivers/STM32F3xx_HAL_Driver/Src/stm32f3xx_hal_tim.o
 .text.TIM_TI2_ConfigInputStage
                0x08007946       0x60 ./Drivers/STM32F3xx_HAL_Driver/Src/stm32f3xx_hal_tim.o
 .text.TIM_ITRx_SetConfig
                0x080079a6       0x36 ./Drivers/STM32F3xx_HAL_Driver/Src/stm32f3xx_hal_tim.o
 .text.TIM_ETR_SetConfig
                0x080079dc       0x40 ./Drivers/STM32F3xx_HAL_Driver/Src/stm32f3xx_hal_tim.o
                0x080079dc                TIM_ETR_SetConfig
 .text.HAL_TIMEx_MasterConfigSynchronization
                0x08007a1c       0xe8 ./Drivers/STM32F3xx_HAL_Driver/Src/stm32f3xx_hal_tim_ex.o
                0x08007a1c                HAL_TIMEx_MasterConfigSynchronization
 .text.HAL_TIMEx_CommutCallback
                0x08007b04       0x14 ./Drivers/STM32F3xx_HAL_Driver/Src/stm32f3xx_hal_tim_ex.o
                0x08007b04                HAL_TIMEx_CommutCallback
 .text.HAL_TIMEx_BreakCallback
                0x08007b18       0x14 ./Drivers/STM32F3xx_HAL_Driver/Src/stm32f3xx_hal_tim_ex.o
                0x08007b18                HAL_TIMEx_BreakCallback
 .text.HAL_UART_Init
                0x08007b2c       0x9c ./Drivers/STM32F3xx_HAL_Driver/Src/stm32f3xx_hal_uart.o
                0x08007b2c                HAL_UART_Init
 .text.HAL_UART_Transmit
                0x08007bc8      0x112 ./Drivers/STM32F3xx_HAL_Driver/Src/stm32f3xx_hal_uart.o
                0x08007bc8                HAL_UART_Transmit
 .text.HAL_UART_Receive_DMA
                0x08007cda       0x88 ./Drivers/STM32F3xx_HAL_Driver/Src/stm32f3xx_hal_uart.o
                0x08007cda                HAL_UART_Receive_DMA
 *fill*         0x08007d62        0x2 
 .text.HAL_UART_IRQHandler
                0x08007d64      0x5cc ./Drivers/STM32F3xx_HAL_Driver/Src/stm32f3xx_hal_uart.o
                0x08007d64                HAL_UART_IRQHandler
 .text.HAL_UART_TxCpltCallback
                0x08008330       0x14 ./Drivers/STM32F3xx_HAL_Driver/Src/stm32f3xx_hal_uart.o
                0x08008330                HAL_UART_TxCpltCallback
 .text.HAL_UART_RxHalfCpltCallback
                0x08008344       0x14 ./Drivers/STM32F3xx_HAL_Driver/Src/stm32f3xx_hal_uart.o
                0x08008344                HAL_UART_RxHalfCpltCallback
 .text.HAL_UART_ErrorCallback
                0x08008358       0x14 ./Drivers/STM32F3xx_HAL_Driver/Src/stm32f3xx_hal_uart.o
                0x08008358                HAL_UART_ErrorCallback
 .text.HAL_UARTEx_RxEventCallback
                0x0800836c       0x18 ./Drivers/STM32F3xx_HAL_Driver/Src/stm32f3xx_hal_uart.o
                0x0800836c                HAL_UARTEx_RxEventCallback
 .text.UART_SetConfig
                0x08008384      0x2f4 ./Drivers/STM32F3xx_HAL_Driver/Src/stm32f3xx_hal_uart.o
                0x08008384                UART_SetConfig
 .text.UART_AdvFeatureConfig
                0x08008678      0x144 ./Drivers/STM32F3xx_HAL_Driver/Src/stm32f3xx_hal_uart.o
                0x08008678                UART_AdvFeatureConfig
 .text.UART_CheckIdleState
                0x080087bc      0x150 ./Drivers/STM32F3xx_HAL_Driver/Src/stm32f3xx_hal_uart.o
                0x080087bc                UART_CheckIdleState
 .text.UART_WaitOnFlagUntilTimeout
                0x0800890c       0xda ./Drivers/STM32F3xx_HAL_Driver/Src/stm32f3xx_hal_uart.o
                0x0800890c                UART_WaitOnFlagUntilTimeout
 *fill*         0x080089e6        0x2 
 .text.UART_Start_Receive_DMA
                0x080089e8      0x140 ./Drivers/STM32F3xx_HAL_Driver/Src/stm32f3xx_hal_uart.o
                0x080089e8                UART_Start_Receive_DMA
 .text.UART_EndTxTransfer
                0x08008b28       0x4c ./Drivers/STM32F3xx_HAL_Driver/Src/stm32f3xx_hal_uart.o
 .text.UART_EndRxTransfer
                0x08008b74       0xc8 ./Drivers/STM32F3xx_HAL_Driver/Src/stm32f3xx_hal_uart.o
 .text.UART_DMAReceiveCplt
                0x08008c3c      0x126 ./Drivers/STM32F3xx_HAL_Driver/Src/stm32f3xx_hal_uart.o
 .text.UART_DMARxHalfCplt
                0x08008d62       0x3e ./Drivers/STM32F3xx_HAL_Driver/Src/stm32f3xx_hal_uart.o
 .text.UART_DMAError
                0x08008da0       0x7e ./Drivers/STM32F3xx_HAL_Driver/Src/stm32f3xx_hal_uart.o
 .text.UART_DMAAbortOnError
                0x08008e1e       0x2c ./Drivers/STM32F3xx_HAL_Driver/Src/stm32f3xx_hal_uart.o
 .text.UART_EndTransmit_IT
                0x08008e4a       0x54 ./Drivers/STM32F3xx_HAL_Driver/Src/stm32f3xx_hal_uart.o
 .text.HAL_UARTEx_WakeupCallback
                0x08008e9e       0x14 ./Drivers/STM32F3xx_HAL_Driver/Src/stm32f3xx_hal_uart_ex.o
                0x08008e9e                HAL_UARTEx_WakeupCallback
 .text.memset   0x08008eb2       0x10 C:/ST/STM32CubeIDE_1.14.1/STM32CubeIDE/plugins/com.st.stm32cube.ide.mcu.externaltools.gnu-tools-for-stm32.13.3.rel1.win32_1.0.0.202411081344/tools/bin/../lib/gcc/arm-none-eabi/13.3.1/../../../../arm-none-eabi/lib/thumb/v7e-m+fp/hard\libc_nano.a(libc_a-memset.o)
                0x08008eb2                memset
 *fill*         0x08008ec2        0x2 
 .text.__libc_init_array
                0x08008ec4       0x48 C:/ST/STM32CubeIDE_1.14.1/STM32CubeIDE/plugins/com.st.stm32cube.ide.mcu.externaltools.gnu-tools-for-stm32.13.3.rel1.win32_1.0.0.202411081344/tools/bin/../lib/gcc/arm-none-eabi/13.3.1/../../../../arm-none-eabi/lib/thumb/v7e-m+fp/hard\libc_nano.a(libc_a-init.o)
                0x08008ec4                __libc_init_array
 *(.glue_7)
 .glue_7        0x08008f0c        0x0 linker stubs
 *(.glue_7t)
 .glue_7t       0x08008f0c        0x0 linker stubs
 *(.eh_frame)
 .eh_frame      0x08008f0c        0x0 C:/ST/STM32CubeIDE_1.14.1/STM32CubeIDE/plugins/com.st.stm32cube.ide.mcu.externaltools.gnu-tools-for-stm32.13.3.rel1.win32_1.0.0.202411081344/tools/bin/../lib/gcc/arm-none-eabi/13.3.1/thumb/v7e-m+fp/hard/crtbegin.o
 *(.init)
 .init          0x08008f0c        0x4 C:/ST/STM32CubeIDE_1.14.1/STM32CubeIDE/plugins/com.st.stm32cube.ide.mcu.externaltools.gnu-tools-for-stm32.13.3.rel1.win32_1.0.0.202411081344/tools/bin/../lib/gcc/arm-none-eabi/13.3.1/thumb/v7e-m+fp/hard/crti.o
                0x08008f0c                _init
 .init          0x08008f10        0x8 C:/ST/STM32CubeIDE_1.14.1/STM32CubeIDE/plugins/com.st.stm32cube.ide.mcu.externaltools.gnu-tools-for-stm32.13.3.rel1.win32_1.0.0.202411081344/tools/bin/../lib/gcc/arm-none-eabi/13.3.1/thumb/v7e-m+fp/hard/crtn.o
 *(.fini)
 .fini          0x08008f18        0x4 C:/ST/STM32CubeIDE_1.14.1/STM32CubeIDE/plugins/com.st.stm32cube.ide.mcu.externaltools.gnu-tools-for-stm32.13.3.rel1.win32_1.0.0.202411081344/tools/bin/../lib/gcc/arm-none-eabi/13.3.1/thumb/v7e-m+fp/hard/crti.o
                0x08008f18                _fini
 .fini          0x08008f1c        0x8 C:/ST/STM32CubeIDE_1.14.1/STM32CubeIDE/plugins/com.st.stm32cube.ide.mcu.externaltools.gnu-tools-for-stm32.13.3.rel1.win32_1.0.0.202411081344/tools/bin/../lib/gcc/arm-none-eabi/13.3.1/thumb/v7e-m+fp/hard/crtn.o
                0x08008f24                        . = ALIGN (0x4)
                0x08008f24                        _etext = .

.vfp11_veneer   0x08008f24        0x0
 .vfp11_veneer  0x08008f24        0x0 linker stubs

.v4_bx          0x08008f24        0x0
 .v4_bx         0x08008f24        0x0 linker stubs

.iplt           0x08008f24        0x0
 .iplt          0x08008f24        0x0 C:/ST/STM32CubeIDE_1.14.1/STM32CubeIDE/plugins/com.st.stm32cube.ide.mcu.externaltools.gnu-tools-for-stm32.13.3.rel1.win32_1.0.0.202411081344/tools/bin/../lib/gcc/arm-none-eabi/13.3.1/thumb/v7e-m+fp/hard/crtbegin.o

.rodata         0x08008f24       0x38
                0x08008f24                        . = ALIGN (0x4)
 *(.rodata)
 *(.rodata*)
 .rodata.AHBPrescTable
                0x08008f24       0x10 ./Core/Src/system_stm32f3xx.o
                0x08008f24                AHBPrescTable
 .rodata.APBPrescTable
                0x08008f34        0x8 ./Core/Src/system_stm32f3xx.o
                0x08008f34                APBPrescTable
 .rodata.aPLLMULFactorTable
                0x08008f3c       0x10 ./Drivers/STM32F3xx_HAL_Driver/Src/stm32f3xx_hal_rcc.o
 .rodata.aPredivFactorTable
                0x08008f4c       0x10 ./Drivers/STM32F3xx_HAL_Driver/Src/stm32f3xx_hal_rcc.o
                0x08008f5c                        . = ALIGN (0x4)

.rel.dyn        0x08008f5c        0x0
 .rel.iplt      0x08008f5c        0x0 C:/ST/STM32CubeIDE_1.14.1/STM32CubeIDE/plugins/com.st.stm32cube.ide.mcu.externaltools.gnu-tools-for-stm32.13.3.rel1.win32_1.0.0.202411081344/tools/bin/../lib/gcc/arm-none-eabi/13.3.1/thumb/v7e-m+fp/hard/crtbegin.o

.ARM.extab      0x08008f5c        0x0
                0x08008f5c                        . = ALIGN (0x4)
 *(.ARM.extab* .gnu.linkonce.armextab.*)
                0x08008f5c                        . = ALIGN (0x4)

.ARM            0x08008f5c        0x0
                0x08008f5c                        . = ALIGN (0x4)
                0x08008f5c                        __exidx_start = .
 *(.ARM.exidx*)
                0x08008f5c                        __exidx_end = .
                0x08008f5c                        . = ALIGN (0x4)

.preinit_array  0x08008f5c        0x0
                0x08008f5c                        . = ALIGN (0x4)
                0x08008f5c                        PROVIDE (__preinit_array_start = .)
 *(.preinit_array*)
                0x08008f5c                        PROVIDE (__preinit_array_end = .)
                0x08008f5c                        . = ALIGN (0x4)

.init_array     0x08008f5c        0x4
                0x08008f5c                        . = ALIGN (0x4)
                0x08008f5c                        PROVIDE (__init_array_start = .)
 *(SORT_BY_NAME(.init_array.*))
 *(.init_array*)
 .init_array    0x08008f5c        0x4 C:/ST/STM32CubeIDE_1.14.1/STM32CubeIDE/plugins/com.st.stm32cube.ide.mcu.externaltools.gnu-tools-for-stm32.13.3.rel1.win32_1.0.0.202411081344/tools/bin/../lib/gcc/arm-none-eabi/13.3.1/thumb/v7e-m+fp/hard/crtbegin.o
                0x08008f60                        PROVIDE (__init_array_end = .)
                0x08008f60                        . = ALIGN (0x4)

.fini_array     0x08008f60        0x4
                0x08008f60                        . = ALIGN (0x4)
                [!provide]                        PROVIDE (__fini_array_start = .)
 *(SORT_BY_NAME(.fini_array.*))
 *(.fini_array*)
 .fini_array    0x08008f60        0x4 C:/ST/STM32CubeIDE_1.14.1/STM32CubeIDE/plugins/com.st.stm32cube.ide.mcu.externaltools.gnu-tools-for-stm32.13.3.rel1.win32_1.0.0.202411081344/tools/bin/../lib/gcc/arm-none-eabi/13.3.1/thumb/v7e-m+fp/hard/crtbegin.o
                [!provide]                        PROVIDE (__fini_array_end = .)
                0x08008f64                        . = ALIGN (0x4)
                0x08008f64                        _sidata = LOADADDR (.data)

.data           0x20000000       0x10 load address 0x08008f64
                0x20000000                        . = ALIGN (0x4)
                0x20000000                        _sdata = .
 *(.data)
 *(.data*)
 .data.remoteMode
                0x20000000        0x1 ./Core/Src/main.o
                0x20000000                remoteMode
 *fill*         0x20000001        0x3 
 .data.SystemCoreClock
                0x20000004        0x4 ./Core/Src/system_stm32f3xx.o
                0x20000004                SystemCoreClock
 .data.uwTickPrio
                0x20000008        0x4 ./Drivers/STM32F3xx_HAL_Driver/Src/stm32f3xx_hal.o
                0x20000008                uwTickPrio
 .data.uwTickFreq
                0x2000000c        0x1 ./Drivers/STM32F3xx_HAL_Driver/Src/stm32f3xx_hal.o
                0x2000000c                uwTickFreq
 *(.RamFunc)
 *(.RamFunc*)
                0x20000010                        . = ALIGN (0x4)
 *fill*         0x2000000d        0x3 
                0x20000010                        _edata = .

.igot.plt       0x20000010        0x0 load address 0x08008f74
 .igot.plt      0x20000010        0x0 C:/ST/STM32CubeIDE_1.14.1/STM32CubeIDE/plugins/com.st.stm32cube.ide.mcu.externaltools.gnu-tools-for-stm32.13.3.rel1.win32_1.0.0.202411081344/tools/bin/../lib/gcc/arm-none-eabi/13.3.1/thumb/v7e-m+fp/hard/crtbegin.o
                0x20000010                        . = ALIGN (0x4)

.bss            0x20000010      0x6f0 load address 0x08008f74
                0x20000010                        _sbss = .
                0x20000010                        __bss_start__ = _sbss
 *(.bss)
 .bss           0x20000010       0x1c C:/ST/STM32CubeIDE_1.14.1/STM32CubeIDE/plugins/com.st.stm32cube.ide.mcu.externaltools.gnu-tools-for-stm32.13.3.rel1.win32_1.0.0.202411081344/tools/bin/../lib/gcc/arm-none-eabi/13.3.1/thumb/v7e-m+fp/hard/crtbegin.o
 *(.bss*)
 .bss.hadc1     0x2000002c       0x30 ./Core/Src/adc.o
                0x2000002c                hadc1
 .bss.hdma_adc1
                0x2000005c       0x44 ./Core/Src/adc.o
                0x2000005c                hdma_adc1
 .bss.hcan      0x200000a0       0x28 ./Core/Src/can.o
                0x200000a0                hcan
 .bss.sampleAnalogInputs
                0x200000c8        0x1 ./Core/Src/main.o
                0x200000c8                sampleAnalogInputs
 .bss.errX      0x200000c9        0x1 ./Core/Src/main.o
                0x200000c9                errX
 .bss.errY      0x200000ca        0x1 ./Core/Src/main.o
                0x200000ca                errY
 *fill*         0x200000cb        0x1 
 .bss.AnADC_Read
                0x200000cc        0x8 ./Core/Src/main.o
                0x200000cc                AnADC_Read
 .bss.AnADC_Values
                0x200000d4        0x8 ./Core/Src/main.o
                0x200000d4                AnADC_Values
 .bss.fittedAnAdc_Values
                0x200000dc        0x8 ./Core/Src/main.o
                0x200000dc                fittedAnAdc_Values
 .bss.SDADCErrorCounter
                0x200000e4        0x4 ./Core/Src/main.o
                0x200000e4                SDADCErrorCounter
 .bss.tutamakDigitalInputs
                0x200000e8      0x280 ./Core/Src/main.o
                0x200000e8                tutamakDigitalInputs
 .bss.rs422Frame
                0x20000368        0xa ./Core/Src/main.o
                0x20000368                rs422Frame
 *fill*         0x20000372        0x2 
 .bss.rsSendFormat
                0x20000374        0x9 ./Core/Src/main.o
                0x20000374                rsSendFormat
 *fill*         0x2000037d        0x3 
 .bss.canSendFormat
                0x20000380        0x8 ./Core/Src/main.o
                0x20000380                canSendFormat
 .bss.sendUartFlag
                0x20000388        0x1 ./Core/Src/main.o
                0x20000388                sendUartFlag
 .bss.tempRxDataIn
                0x20000389        0x1 ./Core/Src/main.o
                0x20000389                tempRxDataIn
 .bss.rxDataIn  0x2000038a        0x1 ./Core/Src/main.o
                0x2000038a                rxDataIn
 *fill*         0x2000038b        0x1 
 .bss.rxBufferDataCounter
                0x2000038c        0x4 ./Core/Src/main.o
                0x2000038c                rxBufferDataCounter
 .bss.rxBuffer  0x20000390        0x9 ./Core/Src/main.o
                0x20000390                rxBuffer
 .bss.rxDataCheksum
                0x20000399        0x1 ./Core/Src/main.o
                0x20000399                rxDataCheksum
 *fill*         0x2000039a        0x2 
 .bss.errorCounter
                0x2000039c        0x4 ./Core/Src/main.o
                0x2000039c                errorCounter
 .bss.PAGEError
                0x200003a0        0x4 ./Core/Src/main.o
                0x200003a0                PAGEError
 .bss.tempTkkConfig
                0x200003a4       0x4e ./Core/Src/main.o
                0x200003a4                tempTkkConfig
 *fill*         0x200003f2        0x2 
 .bss.userTkkConfig
                0x200003f4       0x4e ./Core/Src/main.o
                0x200003f4                userTkkConfig
 *fill*         0x20000442        0x2 
 .bss.defaultTkkConfig
                0x20000444       0x4e ./Core/Src/main.o
                0x20000444                defaultTkkConfig
 *fill*         0x20000492        0x2 
 .bss.tkkJoystickBorder
                0x20000494       0x30 ./Core/Src/main.o
                0x20000494                tkkJoystickBorder
 .bss.SysMemBootJump
                0x200004c4        0x4 ./Core/Src/main.o
                0x200004c4                SysMemBootJump
 .bss.bootValue
                0x200004c8        0x2 ./Core/Src/main.o
                0x200004c8                bootValue
 .bss.flashReadValue
                0x200004ca        0x1 ./Core/Src/main.o
                0x200004ca                flashReadValue
 .bss.firstLoadValue
                0x200004cb        0x1 ./Core/Src/main.o
                0x200004cb                firstLoadValue
 .bss.eraseInit.2
                0x200004cc        0xc ./Core/Src/main.o
 .bss.EraseInitStruct.1
                0x200004d8        0xc ./Core/Src/main.o
 .bss.EraseInitStructDefaultPage.0
                0x200004e4        0xc ./Core/Src/main.o
 .bss.hsdadc1   0x200004f0       0x44 ./Core/Src/sdadc.o
                0x200004f0                hsdadc1
 .bss.hdma_sdadc1
                0x20000534       0x44 ./Core/Src/sdadc.o
                0x20000534                hdma_sdadc1
 .bss.htim2     0x20000578       0x4c ./Core/Src/tim.o
                0x20000578                htim2
 .bss.htim3     0x200005c4       0x4c ./Core/Src/tim.o
                0x200005c4                htim3
 .bss.huart1    0x20000610       0x88 ./Core/Src/usart.o
                0x20000610                huart1
 .bss.hdma_usart1_rx
                0x20000698       0x44 ./Core/Src/usart.o
                0x20000698                hdma_usart1_rx
 .bss.uwTick    0x200006dc        0x4 ./Drivers/STM32F3xx_HAL_Driver/Src/stm32f3xx_hal.o
                0x200006dc                uwTick
 .bss.pFlash    0x200006e0       0x20 ./Drivers/STM32F3xx_HAL_Driver/Src/stm32f3xx_hal_flash.o
                0x200006e0                pFlash
 *(COMMON)
                0x20000700                        . = ALIGN (0x4)
                0x20000700                        _ebss = .
                0x20000700                        __bss_end__ = _ebss

._user_heap_stack
                0x20000700      0x600 load address 0x08008f74
                0x20000700                        . = ALIGN (0x8)
                [!provide]                        PROVIDE (end = .)
                0x20000700                        PROVIDE (_end = .)
                0x20000900                        . = (. + _Min_Heap_Size)
 *fill*         0x20000700      0x200 
                0x20000d00                        . = (. + _Min_Stack_Size)
 *fill*         0x20000900      0x400 
                0x20000d00                        . = ALIGN (0x8)

/DISCARD/
 libc.a(*)
 libm.a(*)
 libgcc.a(*)

.ARM.attributes
                0x00000000       0x30
 *(.ARM.attributes)
 .ARM.attributes
                0x00000000       0x22 C:/ST/STM32CubeIDE_1.14.1/STM32CubeIDE/plugins/com.st.stm32cube.ide.mcu.externaltools.gnu-tools-for-stm32.13.3.rel1.win32_1.0.0.202411081344/tools/bin/../lib/gcc/arm-none-eabi/13.3.1/thumb/v7e-m+fp/hard/crti.o
 .ARM.attributes
                0x00000022       0x34 C:/ST/STM32CubeIDE_1.14.1/STM32CubeIDE/plugins/com.st.stm32cube.ide.mcu.externaltools.gnu-tools-for-stm32.13.3.rel1.win32_1.0.0.202411081344/tools/bin/../lib/gcc/arm-none-eabi/13.3.1/thumb/v7e-m+fp/hard/crtbegin.o
 .ARM.attributes
                0x00000056       0x34 ./Core/Src/adc.o
 .ARM.attributes
                0x0000008a       0x34 ./Core/Src/can.o
 .ARM.attributes
                0x000000be       0x34 ./Core/Src/dma.o
 .ARM.attributes
                0x000000f2       0x34 ./Core/Src/gpio.o
 .ARM.attributes
                0x00000126       0x34 ./Core/Src/main.o
 .ARM.attributes
                0x0000015a       0x34 ./Core/Src/sdadc.o
 .ARM.attributes
                0x0000018e       0x34 ./Core/Src/stm32f3xx_hal_msp.o
 .ARM.attributes
                0x000001c2       0x34 ./Core/Src/stm32f3xx_it.o
 .ARM.attributes
                0x000001f6       0x34 ./Core/Src/system_stm32f3xx.o
 .ARM.attributes
                0x0000022a       0x34 ./Core/Src/tim.o
 .ARM.attributes
                0x0000025e       0x34 ./Core/Src/usart.o
 .ARM.attributes
                0x00000292       0x21 ./Core/Startup/startup_stm32f373r8tx.o
 .ARM.attributes
                0x000002b3       0x34 ./Drivers/STM32F3xx_HAL_Driver/Src/stm32f3xx_hal.o
 .ARM.attributes
                0x000002e7       0x34 ./Drivers/STM32F3xx_HAL_Driver/Src/stm32f3xx_hal_adc_ex.o
 .ARM.attributes
                0x0000031b       0x34 ./Drivers/STM32F3xx_HAL_Driver/Src/stm32f3xx_hal_can.o
 .ARM.attributes
                0x0000034f       0x34 ./Drivers/STM32F3xx_HAL_Driver/Src/stm32f3xx_hal_cortex.o
 .ARM.attributes
                0x00000383       0x34 ./Drivers/STM32F3xx_HAL_Driver/Src/stm32f3xx_hal_dma.o
 .ARM.attributes
                0x000003b7       0x34 ./Drivers/STM32F3xx_HAL_Driver/Src/stm32f3xx_hal_flash.o
 .ARM.attributes
                0x000003eb       0x34 ./Drivers/STM32F3xx_HAL_Driver/Src/stm32f3xx_hal_flash_ex.o
 .ARM.attributes
                0x0000041f       0x34 ./Drivers/STM32F3xx_HAL_Driver/Src/stm32f3xx_hal_gpio.o
 .ARM.attributes
                0x00000453       0x34 ./Drivers/STM32F3xx_HAL_Driver/Src/stm32f3xx_hal_pwr_ex.o
 .ARM.attributes
                0x00000487       0x34 ./Drivers/STM32F3xx_HAL_Driver/Src/stm32f3xx_hal_rcc.o
 .ARM.attributes
                0x000004bb       0x34 ./Drivers/STM32F3xx_HAL_Driver/Src/stm32f3xx_hal_rcc_ex.o
 .ARM.attributes
                0x000004ef       0x34 ./Drivers/STM32F3xx_HAL_Driver/Src/stm32f3xx_hal_sdadc.o
 .ARM.attributes
                0x00000523       0x34 ./Drivers/STM32F3xx_HAL_Driver/Src/stm32f3xx_hal_tim.o
 .ARM.attributes
                0x00000557       0x34 ./Drivers/STM32F3xx_HAL_Driver/Src/stm32f3xx_hal_tim_ex.o
 .ARM.attributes
                0x0000058b       0x34 ./Drivers/STM32F3xx_HAL_Driver/Src/stm32f3xx_hal_uart.o
 .ARM.attributes
                0x000005bf       0x34 ./Drivers/STM32F3xx_HAL_Driver/Src/stm32f3xx_hal_uart_ex.o
 .ARM.attributes
                0x000005f3       0x34 C:/ST/STM32CubeIDE_1.14.1/STM32CubeIDE/plugins/com.st.stm32cube.ide.mcu.externaltools.gnu-tools-for-stm32.13.3.rel1.win32_1.0.0.202411081344/tools/bin/../lib/gcc/arm-none-eabi/13.3.1/../../../../arm-none-eabi/lib/thumb/v7e-m+fp/hard\libc_nano.a(libc_a-memset.o)
 .ARM.attributes
                0x00000627       0x34 C:/ST/STM32CubeIDE_1.14.1/STM32CubeIDE/plugins/com.st.stm32cube.ide.mcu.externaltools.gnu-tools-for-stm32.13.3.rel1.win32_1.0.0.202411081344/tools/bin/../lib/gcc/arm-none-eabi/13.3.1/../../../../arm-none-eabi/lib/thumb/v7e-m+fp/hard\libc_nano.a(libc_a-init.o)
 .ARM.attributes
                0x0000065b       0x22 C:/ST/STM32CubeIDE_1.14.1/STM32CubeIDE/plugins/com.st.stm32cube.ide.mcu.externaltools.gnu-tools-for-stm32.13.3.rel1.win32_1.0.0.202411081344/tools/bin/../lib/gcc/arm-none-eabi/13.3.1/thumb/v7e-m+fp/hard/crtn.o
OUTPUT(Joystick.elf elf32-littlearm)
LOAD linker stubs
LOAD C:/ST/STM32CubeIDE_1.14.1/STM32CubeIDE/plugins/com.st.stm32cube.ide.mcu.externaltools.gnu-tools-for-stm32.13.3.rel1.win32_1.0.0.202411081344/tools/bin/../lib/gcc/arm-none-eabi/13.3.1/../../../../arm-none-eabi/lib/thumb/v7e-m+fp/hard\libc.a
LOAD C:/ST/STM32CubeIDE_1.14.1/STM32CubeIDE/plugins/com.st.stm32cube.ide.mcu.externaltools.gnu-tools-for-stm32.13.3.rel1.win32_1.0.0.202411081344/tools/bin/../lib/gcc/arm-none-eabi/13.3.1/../../../../arm-none-eabi/lib/thumb/v7e-m+fp/hard\libm.a
LOAD C:/ST/STM32CubeIDE_1.14.1/STM32CubeIDE/plugins/com.st.stm32cube.ide.mcu.externaltools.gnu-tools-for-stm32.13.3.rel1.win32_1.0.0.202411081344/tools/bin/../lib/gcc/arm-none-eabi/13.3.1/thumb/v7e-m+fp/hard\libgcc.a

.debug_info     0x00000000    0x17ab8
 .debug_info    0x00000000      0x8f7 ./Core/Src/adc.o
 .debug_info    0x000008f7      0xb93 ./Core/Src/can.o
 .debug_info    0x0000148a      0x3ac ./Core/Src/dma.o
 .debug_info    0x00001836      0x35a ./Core/Src/gpio.o
 .debug_info    0x00001b90     0x263c ./Core/Src/main.o
 .debug_info    0x000041cc      0x9b9 ./Core/Src/sdadc.o
 .debug_info    0x00004b85      0x1af ./Core/Src/stm32f3xx_hal_msp.o
 .debug_info    0x00004d34     0x109a ./Core/Src/stm32f3xx_it.o
 .debug_info    0x00005dce      0x407 ./Core/Src/system_stm32f3xx.o
 .debug_info    0x000061d5      0xaef ./Core/Src/tim.o
 .debug_info    0x00006cc4      0xb94 ./Core/Src/usart.o
 .debug_info    0x00007858       0x30 ./Core/Startup/startup_stm32f373r8tx.o
 .debug_info    0x00007888      0x7c8 ./Drivers/STM32F3xx_HAL_Driver/Src/stm32f3xx_hal.o
 .debug_info    0x00008050      0xf8d ./Drivers/STM32F3xx_HAL_Driver/Src/stm32f3xx_hal_adc_ex.o
 .debug_info    0x00008fdd      0xf02 ./Drivers/STM32F3xx_HAL_Driver/Src/stm32f3xx_hal_can.o
 .debug_info    0x00009edf      0xcd8 ./Drivers/STM32F3xx_HAL_Driver/Src/stm32f3xx_hal_cortex.o
 .debug_info    0x0000abb7      0x6e1 ./Drivers/STM32F3xx_HAL_Driver/Src/stm32f3xx_hal_dma.o
 .debug_info    0x0000b298      0x4f5 ./Drivers/STM32F3xx_HAL_Driver/Src/stm32f3xx_hal_flash.o
 .debug_info    0x0000b78d      0x7cb ./Drivers/STM32F3xx_HAL_Driver/Src/stm32f3xx_hal_flash_ex.o
 .debug_info    0x0000bf58      0x59e ./Drivers/STM32F3xx_HAL_Driver/Src/stm32f3xx_hal_gpio.o
 .debug_info    0x0000c4f6      0x2e1 ./Drivers/STM32F3xx_HAL_Driver/Src/stm32f3xx_hal_pwr_ex.o
 .debug_info    0x0000c7d7     0x148a ./Drivers/STM32F3xx_HAL_Driver/Src/stm32f3xx_hal_rcc.o
 .debug_info    0x0000dc61      0x569 ./Drivers/STM32F3xx_HAL_Driver/Src/stm32f3xx_hal_rcc_ex.o
 .debug_info    0x0000e1ca     0x14a1 ./Drivers/STM32F3xx_HAL_Driver/Src/stm32f3xx_hal_sdadc.o
 .debug_info    0x0000f66b     0x2967 ./Drivers/STM32F3xx_HAL_Driver/Src/stm32f3xx_hal_tim.o
 .debug_info    0x00011fd2     0x14a2 ./Drivers/STM32F3xx_HAL_Driver/Src/stm32f3xx_hal_tim_ex.o
 .debug_info    0x00013474     0x39a8 ./Drivers/STM32F3xx_HAL_Driver/Src/stm32f3xx_hal_uart.o
 .debug_info    0x00016e1c      0xc9c ./Drivers/STM32F3xx_HAL_Driver/Src/stm32f3xx_hal_uart_ex.o

.debug_abbrev   0x00000000     0x3a2f
 .debug_abbrev  0x00000000      0x220 ./Core/Src/adc.o
 .debug_abbrev  0x00000220      0x211 ./Core/Src/can.o
 .debug_abbrev  0x00000431      0x10e ./Core/Src/dma.o
 .debug_abbrev  0x0000053f      0x139 ./Core/Src/gpio.o
 .debug_abbrev  0x00000678      0x357 ./Core/Src/main.o
 .debug_abbrev  0x000009cf      0x20a ./Core/Src/sdadc.o
 .debug_abbrev  0x00000bd9       0xcb ./Core/Src/stm32f3xx_hal_msp.o
 .debug_abbrev  0x00000ca4      0x237 ./Core/Src/stm32f3xx_it.o
 .debug_abbrev  0x00000edb      0x11a ./Core/Src/system_stm32f3xx.o
 .debug_abbrev  0x00000ff5      0x205 ./Core/Src/tim.o
 .debug_abbrev  0x000011fa      0x20e ./Core/Src/usart.o
 .debug_abbrev  0x00001408       0x24 ./Core/Startup/startup_stm32f373r8tx.o
 .debug_abbrev  0x0000142c      0x215 ./Drivers/STM32F3xx_HAL_Driver/Src/stm32f3xx_hal.o
 .debug_abbrev  0x00001641      0x268 ./Drivers/STM32F3xx_HAL_Driver/Src/stm32f3xx_hal_adc_ex.o
 .debug_abbrev  0x000018a9      0x1fc ./Drivers/STM32F3xx_HAL_Driver/Src/stm32f3xx_hal_can.o
 .debug_abbrev  0x00001aa5      0x31e ./Drivers/STM32F3xx_HAL_Driver/Src/stm32f3xx_hal_cortex.o
 .debug_abbrev  0x00001dc3      0x20d ./Drivers/STM32F3xx_HAL_Driver/Src/stm32f3xx_hal_dma.o
 .debug_abbrev  0x00001fd0      0x258 ./Drivers/STM32F3xx_HAL_Driver/Src/stm32f3xx_hal_flash.o
 .debug_abbrev  0x00002228      0x2af ./Drivers/STM32F3xx_HAL_Driver/Src/stm32f3xx_hal_flash_ex.o
 .debug_abbrev  0x000024d7      0x1ca ./Drivers/STM32F3xx_HAL_Driver/Src/stm32f3xx_hal_gpio.o
 .debug_abbrev  0x000026a1      0x155 ./Drivers/STM32F3xx_HAL_Driver/Src/stm32f3xx_hal_pwr_ex.o
 .debug_abbrev  0x000027f6      0x300 ./Drivers/STM32F3xx_HAL_Driver/Src/stm32f3xx_hal_rcc.o
 .debug_abbrev  0x00002af6      0x221 ./Drivers/STM32F3xx_HAL_Driver/Src/stm32f3xx_hal_rcc_ex.o
 .debug_abbrev  0x00002d17      0x28d ./Drivers/STM32F3xx_HAL_Driver/Src/stm32f3xx_hal_sdadc.o
 .debug_abbrev  0x00002fa4      0x278 ./Drivers/STM32F3xx_HAL_Driver/Src/stm32f3xx_hal_tim.o
 .debug_abbrev  0x0000321c      0x283 ./Drivers/STM32F3xx_HAL_Driver/Src/stm32f3xx_hal_tim_ex.o
 .debug_abbrev  0x0000349f      0x2d1 ./Drivers/STM32F3xx_HAL_Driver/Src/stm32f3xx_hal_uart.o
 .debug_abbrev  0x00003770      0x2bf ./Drivers/STM32F3xx_HAL_Driver/Src/stm32f3xx_hal_uart_ex.o

.debug_aranges  0x00000000     0x1468
 .debug_aranges
                0x00000000       0x30 ./Core/Src/adc.o
 .debug_aranges
                0x00000030       0x48 ./Core/Src/can.o
 .debug_aranges
                0x00000078       0x20 ./Core/Src/dma.o
 .debug_aranges
                0x00000098       0x20 ./Core/Src/gpio.o
 .debug_aranges
                0x000000b8      0x100 ./Core/Src/main.o
 .debug_aranges
                0x000001b8       0x30 ./Core/Src/sdadc.o
 .debug_aranges
                0x000001e8       0x20 ./Core/Src/stm32f3xx_hal_msp.o
 .debug_aranges
                0x00000208       0x98 ./Core/Src/stm32f3xx_it.o
 .debug_aranges
                0x000002a0       0x28 ./Core/Src/system_stm32f3xx.o
 .debug_aranges
                0x000002c8       0x38 ./Core/Src/tim.o
 .debug_aranges
                0x00000300       0x30 ./Core/Src/usart.o
 .debug_aranges
                0x00000330       0x28 ./Core/Startup/startup_stm32f373r8tx.o
 .debug_aranges
                0x00000358       0xe0 ./Drivers/STM32F3xx_HAL_Driver/Src/stm32f3xx_hal.o
 .debug_aranges
                0x00000438       0xf8 ./Drivers/STM32F3xx_HAL_Driver/Src/stm32f3xx_hal_adc_ex.o
 .debug_aranges
                0x00000530      0x138 ./Drivers/STM32F3xx_HAL_Driver/Src/stm32f3xx_hal_can.o
 .debug_aranges
                0x00000668      0x128 ./Drivers/STM32F3xx_HAL_Driver/Src/stm32f3xx_hal_cortex.o
 .debug_aranges
                0x00000790       0x88 ./Drivers/STM32F3xx_HAL_Driver/Src/stm32f3xx_hal_dma.o
 .debug_aranges
                0x00000818       0x88 ./Drivers/STM32F3xx_HAL_Driver/Src/stm32f3xx_hal_flash.o
 .debug_aranges
                0x000008a0       0x98 ./Drivers/STM32F3xx_HAL_Driver/Src/stm32f3xx_hal_flash_ex.o
 .debug_aranges
                0x00000938       0x58 ./Drivers/STM32F3xx_HAL_Driver/Src/stm32f3xx_hal_gpio.o
 .debug_aranges
                0x00000990       0x50 ./Drivers/STM32F3xx_HAL_Driver/Src/stm32f3xx_hal_pwr_ex.o
 .debug_aranges
                0x000009e0       0x88 ./Drivers/STM32F3xx_HAL_Driver/Src/stm32f3xx_hal_rcc.o
 .debug_aranges
                0x00000a68       0x38 ./Drivers/STM32F3xx_HAL_Driver/Src/stm32f3xx_hal_rcc_ex.o
 .debug_aranges
                0x00000aa0      0x1f8 ./Drivers/STM32F3xx_HAL_Driver/Src/stm32f3xx_hal_sdadc.o
 .debug_aranges
                0x00000c98      0x3d0 ./Drivers/STM32F3xx_HAL_Driver/Src/stm32f3xx_hal_tim.o
 .debug_aranges
                0x00001068      0x168 ./Drivers/STM32F3xx_HAL_Driver/Src/stm32f3xx_hal_tim_ex.o
 .debug_aranges
                0x000011d0      0x228 ./Drivers/STM32F3xx_HAL_Driver/Src/stm32f3xx_hal_uart.o
 .debug_aranges
                0x000013f8       0x70 ./Drivers/STM32F3xx_HAL_Driver/Src/stm32f3xx_hal_uart_ex.o

.debug_rnglists
                0x00000000      0xfe2
 .debug_rnglists
                0x00000000       0x21 ./Core/Src/adc.o
 .debug_rnglists
                0x00000021       0x32 ./Core/Src/can.o
 .debug_rnglists
                0x00000053       0x13 ./Core/Src/dma.o
 .debug_rnglists
                0x00000066       0x14 ./Core/Src/gpio.o
 .debug_rnglists
                0x0000007a       0xe2 ./Core/Src/main.o
 .debug_rnglists
                0x0000015c       0x21 ./Core/Src/sdadc.o
 .debug_rnglists
                0x0000017d       0x13 ./Core/Src/stm32f3xx_hal_msp.o
 .debug_rnglists
                0x00000190       0x6d ./Core/Src/stm32f3xx_it.o
 .debug_rnglists
                0x000001fd       0x1a ./Core/Src/system_stm32f3xx.o
 .debug_rnglists
                0x00000217       0x28 ./Core/Src/tim.o
 .debug_rnglists
                0x0000023f       0x20 ./Core/Src/usart.o
 .debug_rnglists
                0x0000025f       0x19 ./Core/Startup/startup_stm32f373r8tx.o
 .debug_rnglists
                0x00000278       0xa3 ./Drivers/STM32F3xx_HAL_Driver/Src/stm32f3xx_hal.o
 .debug_rnglists
                0x0000031b       0xc9 ./Drivers/STM32F3xx_HAL_Driver/Src/stm32f3xx_hal_adc_ex.o
 .debug_rnglists
                0x000003e4       0xee ./Drivers/STM32F3xx_HAL_Driver/Src/stm32f3xx_hal_can.o
 .debug_rnglists
                0x000004d2       0xda ./Drivers/STM32F3xx_HAL_Driver/Src/stm32f3xx_hal_cortex.o
 .debug_rnglists
                0x000005ac       0x69 ./Drivers/STM32F3xx_HAL_Driver/Src/stm32f3xx_hal_dma.o
 .debug_rnglists
                0x00000615       0x65 ./Drivers/STM32F3xx_HAL_Driver/Src/stm32f3xx_hal_flash.o
 .debug_rnglists
                0x0000067a       0x74 ./Drivers/STM32F3xx_HAL_Driver/Src/stm32f3xx_hal_flash_ex.o
 .debug_rnglists
                0x000006ee       0x3f ./Drivers/STM32F3xx_HAL_Driver/Src/stm32f3xx_hal_gpio.o
 .debug_rnglists
                0x0000072d       0x38 ./Drivers/STM32F3xx_HAL_Driver/Src/stm32f3xx_hal_pwr_ex.o
 .debug_rnglists
                0x00000765       0x66 ./Drivers/STM32F3xx_HAL_Driver/Src/stm32f3xx_hal_rcc.o
 .debug_rnglists
                0x000007cb       0x28 ./Drivers/STM32F3xx_HAL_Driver/Src/stm32f3xx_hal_rcc_ex.o
 .debug_rnglists
                0x000007f3      0x184 ./Drivers/STM32F3xx_HAL_Driver/Src/stm32f3xx_hal_sdadc.o
 .debug_rnglists
                0x00000977      0x318 ./Drivers/STM32F3xx_HAL_Driver/Src/stm32f3xx_hal_tim.o
 .debug_rnglists
                0x00000c8f      0x125 ./Drivers/STM32F3xx_HAL_Driver/Src/stm32f3xx_hal_tim_ex.o
 .debug_rnglists
                0x00000db4      0x1da ./Drivers/STM32F3xx_HAL_Driver/Src/stm32f3xx_hal_uart.o
 .debug_rnglists
                0x00000f8e       0x54 ./Drivers/STM32F3xx_HAL_Driver/Src/stm32f3xx_hal_uart_ex.o

.debug_macro    0x00000000    0x1de4a
 .debug_macro   0x00000000      0x238 ./Core/Src/adc.o
 .debug_macro   0x00000238      0xad8 ./Core/Src/adc.o
 .debug_macro   0x00000d10      0x169 ./Core/Src/adc.o
 .debug_macro   0x00000e79       0x2e ./Core/Src/adc.o
 .debug_macro   0x00000ea7       0x28 ./Core/Src/adc.o
 .debug_macro   0x00000ecf       0x22 ./Core/Src/adc.o
 .debug_macro   0x00000ef1       0x8e ./Core/Src/adc.o
 .debug_macro   0x00000f7f       0x51 ./Core/Src/adc.o
 .debug_macro   0x00000fd0      0x103 ./Core/Src/adc.o
 .debug_macro   0x000010d3       0x6a ./Core/Src/adc.o
 .debug_macro   0x0000113d      0x1df ./Core/Src/adc.o
 .debug_macro   0x0000131c       0x1c ./Core/Src/adc.o
 .debug_macro   0x00001338       0x22 ./Core/Src/adc.o
 .debug_macro   0x0000135a       0xd9 ./Core/Src/adc.o
 .debug_macro   0x00001433     0x102d ./Core/Src/adc.o
 .debug_macro   0x00002460      0x11f ./Core/Src/adc.o
 .debug_macro   0x0000257f    0x1071e ./Core/Src/adc.o
 .debug_macro   0x00012c9d       0x6d ./Core/Src/adc.o
 .debug_macro   0x00012d0a     0x3582 ./Core/Src/adc.o
 .debug_macro   0x0001628c      0x190 ./Core/Src/adc.o
 .debug_macro   0x0001641c       0x55 ./Core/Src/adc.o
 .debug_macro   0x00016471      0x95a ./Core/Src/adc.o
 .debug_macro   0x00016dcb      0x5dc ./Core/Src/adc.o
 .debug_macro   0x000173a7      0x1b5 ./Core/Src/adc.o
 .debug_macro   0x0001755c      0x161 ./Core/Src/adc.o
 .debug_macro   0x000176bd      0x1ab ./Core/Src/adc.o
 .debug_macro   0x00017868      0x1bc ./Core/Src/adc.o
 .debug_macro   0x00017a24       0x30 ./Core/Src/adc.o
 .debug_macro   0x00017a54       0x3c ./Core/Src/adc.o
 .debug_macro   0x00017a90      0x235 ./Core/Src/adc.o
 .debug_macro   0x00017cc5      0x504 ./Core/Src/adc.o
 .debug_macro   0x000181c9       0x77 ./Core/Src/adc.o
 .debug_macro   0x00018240      0x408 ./Core/Src/adc.o
 .debug_macro   0x00018648       0xc5 ./Core/Src/adc.o
 .debug_macro   0x0001870d      0x231 ./Core/Src/adc.o
 .debug_macro   0x0001893e      0x22c ./Core/Src/adc.o
 .debug_macro   0x00018b6a       0x5b ./Core/Src/adc.o
 .debug_macro   0x00018bc5       0xa5 ./Core/Src/adc.o
 .debug_macro   0x00018c6a       0x81 ./Core/Src/adc.o
 .debug_macro   0x00018ceb       0xec ./Core/Src/adc.o
 .debug_macro   0x00018dd7      0x30c ./Core/Src/adc.o
 .debug_macro   0x000190e3      0x8fb ./Core/Src/adc.o
 .debug_macro   0x000199de       0x41 ./Core/Src/adc.o
 .debug_macro   0x00019a1f      0x5ba ./Core/Src/adc.o
 .debug_macro   0x00019fd9       0x3e ./Core/Src/adc.o
 .debug_macro   0x0001a017      0x244 ./Core/Src/adc.o
 .debug_macro   0x0001a25b       0xca ./Core/Src/adc.o
 .debug_macro   0x0001a325       0x18 ./Core/Src/adc.o
 .debug_macro   0x0001a33d       0x22 ./Core/Src/adc.o
 .debug_macro   0x0001a35f      0x326 ./Core/Src/adc.o
 .debug_macro   0x0001a685      0x238 ./Core/Src/can.o
 .debug_macro   0x0001a8bd      0x238 ./Core/Src/dma.o
 .debug_macro   0x0001aaf5      0x238 ./Core/Src/gpio.o
 .debug_macro   0x0001ad2d      0x290 ./Core/Src/main.o
 .debug_macro   0x0001afbd      0x238 ./Core/Src/sdadc.o
 .debug_macro   0x0001b1f5      0x22e ./Core/Src/stm32f3xx_hal_msp.o
 .debug_macro   0x0001b423      0x246 ./Core/Src/stm32f3xx_it.o
 .debug_macro   0x0001b669      0x204 ./Core/Src/system_stm32f3xx.o
 .debug_macro   0x0001b86d      0x238 ./Core/Src/tim.o
 .debug_macro   0x0001baa5      0x238 ./Core/Src/usart.o
 .debug_macro   0x0001bcdd      0x228 ./Drivers/STM32F3xx_HAL_Driver/Src/stm32f3xx_hal.o
 .debug_macro   0x0001bf05      0x267 ./Drivers/STM32F3xx_HAL_Driver/Src/stm32f3xx_hal_adc_ex.o
 .debug_macro   0x0001c16c      0x213 ./Drivers/STM32F3xx_HAL_Driver/Src/stm32f3xx_hal_can.o
 .debug_macro   0x0001c37f      0x204 ./Drivers/STM32F3xx_HAL_Driver/Src/stm32f3xx_hal_cortex.o
 .debug_macro   0x0001c583      0x204 ./Drivers/STM32F3xx_HAL_Driver/Src/stm32f3xx_hal_dma.o
 .debug_macro   0x0001c787      0x204 ./Drivers/STM32F3xx_HAL_Driver/Src/stm32f3xx_hal_flash.o
 .debug_macro   0x0001c98b      0x216 ./Drivers/STM32F3xx_HAL_Driver/Src/stm32f3xx_hal_flash_ex.o
 .debug_macro   0x0001cba1      0x20b ./Drivers/STM32F3xx_HAL_Driver/Src/stm32f3xx_hal_gpio.o
 .debug_macro   0x0001cdac      0x21c ./Drivers/STM32F3xx_HAL_Driver/Src/stm32f3xx_hal_pwr_ex.o
 .debug_macro   0x0001cfc8      0x228 ./Drivers/STM32F3xx_HAL_Driver/Src/stm32f3xx_hal_rcc.o
 .debug_macro   0x0001d1f0      0x204 ./Drivers/STM32F3xx_HAL_Driver/Src/stm32f3xx_hal_rcc_ex.o
 .debug_macro   0x0001d3f4      0x228 ./Drivers/STM32F3xx_HAL_Driver/Src/stm32f3xx_hal_sdadc.o
 .debug_macro   0x0001d61c      0x205 ./Drivers/STM32F3xx_HAL_Driver/Src/stm32f3xx_hal_tim.o
 .debug_macro   0x0001d821      0x204 ./Drivers/STM32F3xx_HAL_Driver/Src/stm32f3xx_hal_tim_ex.o
 .debug_macro   0x0001da25      0x221 ./Drivers/STM32F3xx_HAL_Driver/Src/stm32f3xx_hal_uart.o
 .debug_macro   0x0001dc46      0x204 ./Drivers/STM32F3xx_HAL_Driver/Src/stm32f3xx_hal_uart_ex.o

.debug_line     0x00000000    0x1b016
 .debug_line    0x00000000      0x8ef ./Core/Src/adc.o
 .debug_line    0x000008ef      0x902 ./Core/Src/can.o
 .debug_line    0x000011f1      0x800 ./Core/Src/dma.o
 .debug_line    0x000019f1      0x835 ./Core/Src/gpio.o
 .debug_line    0x00002226     0x192d ./Core/Src/main.o
 .debug_line    0x00003b53      0x90b ./Core/Src/sdadc.o
 .debug_line    0x0000445e      0x800 ./Core/Src/stm32f3xx_hal_msp.o
 .debug_line    0x00004c5e      0x970 ./Core/Src/stm32f3xx_it.o
 .debug_line    0x000055ce      0x84c ./Core/Src/system_stm32f3xx.o
 .debug_line    0x00005e1a      0x8f9 ./Core/Src/tim.o
 .debug_line    0x00006713      0x89d ./Core/Src/usart.o
 .debug_line    0x00006fb0       0x7a ./Core/Startup/startup_stm32f373r8tx.o
 .debug_line    0x0000702a      0xa88 ./Drivers/STM32F3xx_HAL_Driver/Src/stm32f3xx_hal.o
 .debug_line    0x00007ab2     0x13aa ./Drivers/STM32F3xx_HAL_Driver/Src/stm32f3xx_hal_adc_ex.o
 .debug_line    0x00008e5c     0x1279 ./Drivers/STM32F3xx_HAL_Driver/Src/stm32f3xx_hal_can.o
 .debug_line    0x0000a0d5      0xd53 ./Drivers/STM32F3xx_HAL_Driver/Src/stm32f3xx_hal_cortex.o
 .debug_line    0x0000ae28      0xd76 ./Drivers/STM32F3xx_HAL_Driver/Src/stm32f3xx_hal_dma.o
 .debug_line    0x0000bb9e      0xb03 ./Drivers/STM32F3xx_HAL_Driver/Src/stm32f3xx_hal_flash.o
 .debug_line    0x0000c6a1      0xcbd ./Drivers/STM32F3xx_HAL_Driver/Src/stm32f3xx_hal_flash_ex.o
 .debug_line    0x0000d35e      0xbd3 ./Drivers/STM32F3xx_HAL_Driver/Src/stm32f3xx_hal_gpio.o
 .debug_line    0x0000df31      0x8b0 ./Drivers/STM32F3xx_HAL_Driver/Src/stm32f3xx_hal_pwr_ex.o
 .debug_line    0x0000e7e1     0x15e8 ./Drivers/STM32F3xx_HAL_Driver/Src/stm32f3xx_hal_rcc.o
 .debug_line    0x0000fdc9      0xcac ./Drivers/STM32F3xx_HAL_Driver/Src/stm32f3xx_hal_rcc_ex.o
 .debug_line    0x00010a75     0x1b77 ./Drivers/STM32F3xx_HAL_Driver/Src/stm32f3xx_hal_sdadc.o
 .debug_line    0x000125ec     0x380c ./Drivers/STM32F3xx_HAL_Driver/Src/stm32f3xx_hal_tim.o
 .debug_line    0x00015df8     0x19f2 ./Drivers/STM32F3xx_HAL_Driver/Src/stm32f3xx_hal_tim_ex.o
 .debug_line    0x000177ea     0x2c89 ./Drivers/STM32F3xx_HAL_Driver/Src/stm32f3xx_hal_uart.o
 .debug_line    0x0001a473      0xba3 ./Drivers/STM32F3xx_HAL_Driver/Src/stm32f3xx_hal_uart_ex.o

.debug_str      0x00000000    0xadd06
 .debug_str     0x00000000    0xadd06 ./Core/Src/adc.o
                              0xa83ad (size before relaxing)
 .debug_str     0x000add06    0xa8863 ./Core/Src/can.o
 .debug_str     0x000add06    0xa831b ./Core/Src/dma.o
 .debug_str     0x000add06    0xa7fa6 ./Core/Src/gpio.o
 .debug_str     0x000add06    0xa9948 ./Core/Src/main.o
 .debug_str     0x000add06    0xa85a3 ./Core/Src/sdadc.o
 .debug_str     0x000add06    0xa7f17 ./Core/Src/stm32f3xx_hal_msp.o
 .debug_str     0x000add06    0xa8b02 ./Core/Src/stm32f3xx_it.o
 .debug_str     0x000add06    0xa6aa9 ./Core/Src/system_stm32f3xx.o
 .debug_str     0x000add06    0xa8979 ./Core/Src/tim.o
 .debug_str     0x000add06    0xa88b0 ./Core/Src/usart.o
 .debug_str     0x000add06       0x76 ./Core/Startup/startup_stm32f373r8tx.o
 .debug_str     0x000add06    0xa728a ./Drivers/STM32F3xx_HAL_Driver/Src/stm32f3xx_hal.o
 .debug_str     0x000add06    0xa752f ./Drivers/STM32F3xx_HAL_Driver/Src/stm32f3xx_hal_adc_ex.o
 .debug_str     0x000add06    0xa7238 ./Drivers/STM32F3xx_HAL_Driver/Src/stm32f3xx_hal_can.o
 .debug_str     0x000add06    0xa730e ./Drivers/STM32F3xx_HAL_Driver/Src/stm32f3xx_hal_cortex.o
 .debug_str     0x000add06    0xa6df1 ./Drivers/STM32F3xx_HAL_Driver/Src/stm32f3xx_hal_dma.o
 .debug_str     0x000add06    0xa6cf6 ./Drivers/STM32F3xx_HAL_Driver/Src/stm32f3xx_hal_flash.o
 .debug_str     0x000add06    0xa6ef2 ./Drivers/STM32F3xx_HAL_Driver/Src/stm32f3xx_hal_flash_ex.o
 .debug_str     0x000add06    0xa6bee ./Drivers/STM32F3xx_HAL_Driver/Src/stm32f3xx_hal_gpio.o
 .debug_str     0x000add06    0xa6b50 ./Drivers/STM32F3xx_HAL_Driver/Src/stm32f3xx_hal_pwr_ex.o
 .debug_str     0x000add06    0xa6f49 ./Drivers/STM32F3xx_HAL_Driver/Src/stm32f3xx_hal_rcc.o
 .debug_str     0x000add06    0xa6cab ./Drivers/STM32F3xx_HAL_Driver/Src/stm32f3xx_hal_rcc_ex.o
 .debug_str     0x000add06    0xa7629 ./Drivers/STM32F3xx_HAL_Driver/Src/stm32f3xx_hal_sdadc.o
 .debug_str     0x000add06    0xa7e61 ./Drivers/STM32F3xx_HAL_Driver/Src/stm32f3xx_hal_tim.o
 .debug_str     0x000add06    0xa766d ./Drivers/STM32F3xx_HAL_Driver/Src/stm32f3xx_hal_tim_ex.o
 .debug_str     0x000add06    0xa77cc ./Drivers/STM32F3xx_HAL_Driver/Src/stm32f3xx_hal_uart.o
 .debug_str     0x000add06    0xa70d1 ./Drivers/STM32F3xx_HAL_Driver/Src/stm32f3xx_hal_uart_ex.o

.comment        0x00000000       0x43
 .comment       0x00000000       0x43 ./Core/Src/adc.o
                                 0x44 (size before relaxing)
 .comment       0x00000043       0x44 ./Core/Src/can.o
 .comment       0x00000043       0x44 ./Core/Src/dma.o
 .comment       0x00000043       0x44 ./Core/Src/gpio.o
 .comment       0x00000043       0x44 ./Core/Src/main.o
 .comment       0x00000043       0x44 ./Core/Src/sdadc.o
 .comment       0x00000043       0x44 ./Core/Src/stm32f3xx_hal_msp.o
 .comment       0x00000043       0x44 ./Core/Src/stm32f3xx_it.o
 .comment       0x00000043       0x44 ./Core/Src/system_stm32f3xx.o
 .comment       0x00000043       0x44 ./Core/Src/tim.o
 .comment       0x00000043       0x44 ./Core/Src/usart.o
 .comment       0x00000043       0x44 ./Drivers/STM32F3xx_HAL_Driver/Src/stm32f3xx_hal.o
 .comment       0x00000043       0x44 ./Drivers/STM32F3xx_HAL_Driver/Src/stm32f3xx_hal_adc_ex.o
 .comment       0x00000043       0x44 ./Drivers/STM32F3xx_HAL_Driver/Src/stm32f3xx_hal_can.o
 .comment       0x00000043       0x44 ./Drivers/STM32F3xx_HAL_Driver/Src/stm32f3xx_hal_cortex.o
 .comment       0x00000043       0x44 ./Drivers/STM32F3xx_HAL_Driver/Src/stm32f3xx_hal_dma.o
 .comment       0x00000043       0x44 ./Drivers/STM32F3xx_HAL_Driver/Src/stm32f3xx_hal_flash.o
 .comment       0x00000043       0x44 ./Drivers/STM32F3xx_HAL_Driver/Src/stm32f3xx_hal_flash_ex.o
 .comment       0x00000043       0x44 ./Drivers/STM32F3xx_HAL_Driver/Src/stm32f3xx_hal_gpio.o
 .comment       0x00000043       0x44 ./Drivers/STM32F3xx_HAL_Driver/Src/stm32f3xx_hal_pwr_ex.o
 .comment       0x00000043       0x44 ./Drivers/STM32F3xx_HAL_Driver/Src/stm32f3xx_hal_rcc.o
 .comment       0x00000043       0x44 ./Drivers/STM32F3xx_HAL_Driver/Src/stm32f3xx_hal_rcc_ex.o
 .comment       0x00000043       0x44 ./Drivers/STM32F3xx_HAL_Driver/Src/stm32f3xx_hal_sdadc.o
 .comment       0x00000043       0x44 ./Drivers/STM32F3xx_HAL_Driver/Src/stm32f3xx_hal_tim.o
 .comment       0x00000043       0x44 ./Drivers/STM32F3xx_HAL_Driver/Src/stm32f3xx_hal_tim_ex.o
 .comment       0x00000043       0x44 ./Drivers/STM32F3xx_HAL_Driver/Src/stm32f3xx_hal_uart.o
 .comment       0x00000043       0x44 ./Drivers/STM32F3xx_HAL_Driver/Src/stm32f3xx_hal_uart_ex.o

.debug_frame    0x00000000     0x53f4
 .debug_frame   0x00000000       0x7c ./Core/Src/adc.o
 .debug_frame   0x0000007c       0xd8 ./Core/Src/can.o
 .debug_frame   0x00000154       0x34 ./Core/Src/dma.o
 .debug_frame   0x00000188       0x34 ./Core/Src/gpio.o
 .debug_frame   0x000001bc      0x41c ./Core/Src/main.o
 .debug_frame   0x000005d8       0x7c ./Core/Src/sdadc.o
 .debug_frame   0x00000654       0x38 ./Core/Src/stm32f3xx_hal_msp.o
 .debug_frame   0x0000068c      0x1d0 ./Core/Src/stm32f3xx_it.o
 .debug_frame   0x0000085c       0x58 ./Core/Src/system_stm32f3xx.o
 .debug_frame   0x000008b4       0xa0 ./Core/Src/tim.o
 .debug_frame   0x00000954       0x74 ./Core/Src/usart.o
 .debug_frame   0x000009c8      0x334 ./Drivers/STM32F3xx_HAL_Driver/Src/stm32f3xx_hal.o
 .debug_frame   0x00000cfc      0x420 ./Drivers/STM32F3xx_HAL_Driver/Src/stm32f3xx_hal_adc_ex.o
 .debug_frame   0x0000111c      0x5a0 ./Drivers/STM32F3xx_HAL_Driver/Src/stm32f3xx_hal_can.o
 .debug_frame   0x000016bc      0x4e8 ./Drivers/STM32F3xx_HAL_Driver/Src/stm32f3xx_hal_cortex.o
 .debug_frame   0x00001ba4      0x224 ./Drivers/STM32F3xx_HAL_Driver/Src/stm32f3xx_hal_dma.o
 .debug_frame   0x00001dc8      0x20c ./Drivers/STM32F3xx_HAL_Driver/Src/stm32f3xx_hal_flash.o
 .debug_frame   0x00001fd4      0x258 ./Drivers/STM32F3xx_HAL_Driver/Src/stm32f3xx_hal_flash_ex.o
 .debug_frame   0x0000222c      0x14c ./Drivers/STM32F3xx_HAL_Driver/Src/stm32f3xx_hal_gpio.o
 .debug_frame   0x00002378      0x104 ./Drivers/STM32F3xx_HAL_Driver/Src/stm32f3xx_hal_pwr_ex.o
 .debug_frame   0x0000247c      0x214 ./Drivers/STM32F3xx_HAL_Driver/Src/stm32f3xx_hal_rcc.o
 .debug_frame   0x00002690       0xb0 ./Drivers/STM32F3xx_HAL_Driver/Src/stm32f3xx_hal_rcc_ex.o
 .debug_frame   0x00002740      0x8d4 ./Drivers/STM32F3xx_HAL_Driver/Src/stm32f3xx_hal_sdadc.o
 .debug_frame   0x00003014     0x11c0 ./Drivers/STM32F3xx_HAL_Driver/Src/stm32f3xx_hal_tim.o
 .debug_frame   0x000041d4      0x638 ./Drivers/STM32F3xx_HAL_Driver/Src/stm32f3xx_hal_tim_ex.o
 .debug_frame   0x0000480c      0x9e8 ./Drivers/STM32F3xx_HAL_Driver/Src/stm32f3xx_hal_uart.o
 .debug_frame   0x000051f4      0x1b4 ./Drivers/STM32F3xx_HAL_Driver/Src/stm32f3xx_hal_uart_ex.o
 .debug_frame   0x000053a8       0x20 C:/ST/STM32CubeIDE_1.14.1/STM32CubeIDE/plugins/com.st.stm32cube.ide.mcu.externaltools.gnu-tools-for-stm32.13.3.rel1.win32_1.0.0.202411081344/tools/bin/../lib/gcc/arm-none-eabi/13.3.1/../../../../arm-none-eabi/lib/thumb/v7e-m+fp/hard\libc_nano.a(libc_a-memset.o)
 .debug_frame   0x000053c8       0x2c C:/ST/STM32CubeIDE_1.14.1/STM32CubeIDE/plugins/com.st.stm32cube.ide.mcu.externaltools.gnu-tools-for-stm32.13.3.rel1.win32_1.0.0.202411081344/tools/bin/../lib/gcc/arm-none-eabi/13.3.1/../../../../arm-none-eabi/lib/thumb/v7e-m+fp/hard\libc_nano.a(libc_a-init.o)

.debug_line_str
                0x00000000       0x5a
 .debug_line_str
                0x00000000       0x5a ./Core/Startup/startup_stm32f373r8tx.o
